******************************************************************************
                  TI ARM Linker Unix v18.1.3                   
******************************************************************************
>> Linked Sun Oct  7 20:50:48 2018

OUTPUT FILE NAME:   <tiva_MMA8451.out>
ENTRY POINT SYMBOL: "_c_int00_noargs"  address: 0000340d


MEMORY CONFIGURATION

         name            origin    length      used     unused   attr    fill
----------------------  --------  ---------  --------  --------  ----  --------
  FLASH                 00000000   00040000  00003d3e  0003c2c2  R  X
  SRAM                  20000000   00008000  00000e28  000071d8  RW X


SEGMENT ALLOCATION MAP

run origin  load origin   length   init length attrs members
----------  ----------- ---------- ----------- ----- -------
00000000    00000000    00003d40   00003d40    r-x
  00000000    00000000    0000026c   0000026c    r-- .intvecs
  0000026c    0000026c    0000367e   0000367e    r-x .text
  000038ec    000038ec    000003ac   000003ac    r-- .const
  00003c98    00003c98    000000a8   000000a8    r-- .cinit
20000000    20000000    00000e30   00000000    rw-
  20000000    20000000    0000026c   00000000    rw- .vtable
  20000270    20000270    00000800   00000000    rw- .stack
  20000a70    20000a70    000001ec   00000000    rw- .data
  20000c5c    20000c5c    000001c8   00000000    rw- .bss
  20000e28    20000e28    00000008   00000000    rw- .sysmem


SECTION ALLOCATION MAP

 output                                  attributes/
section   page    origin      length       input sections
--------  ----  ----------  ----------   ----------------
.intvecs   0    00000000    0000026c     
                  00000000    0000026c     tm4c123gh6pm_startup_ccs.obj (.intvecs)

.text      0    0000026c    0000367e     
                  0000026c    00000a5e     rtsv7M4_T_le_v4SPD16_eabi.lib : _printfi.c.obj (.text:__TI_printfi)
                  00000cca    00000002                                   : _lock.c.obj (.text:_nop)
                  00000ccc    0000050c     mma8451.obj (.text)
                  000011d8    00000270     rtsv7M4_T_le_v4SPD16_eabi.lib : _printfi.c.obj (.text:_pconv_a)
                  00001448    000001d0                                   : _printfi.c.obj (.text:_pconv_g)
                  00001618    000001b6                                   : fd_add_t2.asm.obj (.text)
                  000017ce    00000002                                   : div0.asm.obj (.text)
                  000017d0    0000013c                                   : _printfi.c.obj (.text:_pconv_e)
                  0000190c    00000136                                   : fd_div_t2.asm.obj (.text)
                  00001a42    00000132     driverlib.lib : gpio.obj (.text:GPIOPadConfigSet)
                  00001b74    00000130     main.obj (.text)
                  00001ca4    00000120     rtsv7M4_T_le_v4SPD16_eabi.lib : _printfi.c.obj (.text:fcvt)
                  00001dc4    00000118     driverlib.lib : sysctl.obj (.text:SysCtlClockGet)
                  00001edc    00000114     rtsv7M4_T_le_v4SPD16_eabi.lib : fputs.c.obj (.text:fputs)
                  00001ff0    00000110                                   : s_scalbn.c.obj (.text:scalbn)
                  00002100    000000fc                                   : fd_mul_t2.asm.obj (.text)
                  000021fc    000000f4     driverlib.lib : sysctl.obj (.text:SysCtlClockSet)
                  000022f0    000000dc     rtsv7M4_T_le_v4SPD16_eabi.lib : setvbuf.c.obj (.text:setvbuf)
                  000023cc    000000d8                                   : memory.c.obj (.text:free)
                  000024a4    000000b1                                   : _printfi.c.obj (.text:_ltostr)
                  00002555    00000001     --HOLE-- [fill = 0]
                  00002556    0000009c                                   : memcpy_t2.asm.obj (.text)
                  000025f2    00000096                                   : ull_div_t2.asm.obj (.text)
                  00002688    00000086                                   : fd_cmp_t2.asm.obj (.text:__aeabi_cdcmple)
                  0000270e    00000086                                   : fd_cmp_t2.asm.obj (.text:__aeabi_cdrcmple)
                  00002794    0000007c                                   : fflush.c.obj (.text:fflush)
                  00002810    0000007a                                   : memset_t2.asm.obj (.text)
                  0000288a    00000002     --HOLE-- [fill = 0]
                  0000288c    00000078                                   : memory.c.obj (.text:malloc)
                  00002904    00000074                                   : fclose.c.obj (.text:__TI_closefile)
                  00002978    0000006e                                   : _printfi.c.obj (.text:_mcpy)
                  000029e6    00000002     --HOLE-- [fill = 0]
                  000029e8    00000068                                   : hostlseek.c.obj (.text:HOSTlseek)
                  00002a50    00000068                                   : hostrename.c.obj (.text:HOSTrename)
                  00002ab8    00000068     driverlib.lib : interrupt.obj (.text:IntEnable)
                  00002b20    00000068     rtsv7M4_T_le_v4SPD16_eabi.lib : copy_decompress_lzss.c.obj (.text:decompress:lzss:__TI_decompress_lzss)
                  00002b88    00000064                                   : s_frexp.c.obj (.text:frexp)
                  00002bec    00000064                                   : fseek.c.obj (.text:fseek)
                  00002c50    00000062                                   : _io_perm.c.obj (.text:__TI_wrt_ok)
                  00002cb2    00000002     --HOLE-- [fill = 0]
                  00002cb4    00000060                                   : hostopen.c.obj (.text:HOSTopen)
                  00002d14    0000005c                                   : close.c.obj (.text:close)
                  00002d70    00000058     driverlib.lib : gpio.obj (.text:GPIOIntTypeSet)
                  00002dc8    00000058     rtsv7M4_T_le_v4SPD16_eabi.lib : hostread.c.obj (.text:HOSTread)
                  00002e20    00000058                                   : hostwrite.c.obj (.text:HOSTwrite)
                  00002e78    00000056                                   : _printfi.c.obj (.text:_pconv_f)
                  00002ece    00000054                                   : ltoa.c.obj (.text:ltoa)
                  00002f22    00000002     --HOLE-- [fill = 0]
                  00002f24    00000054     swo_segger.obj (.text)
                  00002f78    00000052     rtsv7M4_T_le_v4SPD16_eabi.lib : _printfi.c.obj (.text:_ecpy)
                  00002fca    00000002     --HOLE-- [fill = 0]
                  00002fcc    0000004c     driverlib.lib : gpio.obj (.text:GPIOPinConfigure)
                  00003018    0000004c                   : i2c.obj (.text:I2CMasterInitExpClk)
                  00003064    0000004c     rtsv7M4_T_le_v4SPD16_eabi.lib : fflush.c.obj (.text:__TI_doflush)
                  000030b0    0000004c                                   : atoi.c.obj (.text:atoi)
                  000030fc    00000048                                   : exit.c.obj (.text:exit)
                  00003144    00000048                                   : fd_toi_t2.asm.obj (.text)
                  0000318c    00000044                                   : hostclose.c.obj (.text:HOSTclose)
                  000031d0    00000044                                   : hostunlink.c.obj (.text:HOSTunlink)
                  00003214    00000044     driverlib.lib : gpio.obj (.text:_GPIOIntNumberGet)
                  00003258    00000044     rtsv7M4_T_le_v4SPD16_eabi.lib : autoinit.c.obj (.text:__TI_auto_init_nobinit_nopinit:__TI_auto_init_nobinit_nopinit)
                  0000329c    00000044                                   : getdevice.c.obj (.text:getdevice)
                  000032e0    00000040                                   : sprintf.c.obj (.text:sprintf)
                  00003320    0000003e                                   : _printfi.c.obj (.text:_fcpy)
                  0000335e    00000002     --HOLE-- [fill = 0]
                  00003360    0000003c                                   : memory.c.obj (.text:minsert)
                  0000339c    00000038     driverlib.lib : sysctl.obj (.text:SysCtlPeripheralReady)
                  000033d4    00000038     rtsv7M4_T_le_v4SPD16_eabi.lib : trgmsg.c.obj (.text:__TI_writemsg)
                  0000340c    00000038                                   : boot_cortex_m.c.obj (.text:_c_int00_noargs:_c_int00_noargs)
                  00003444    00000038                                   : memory.c.obj (.text:minit)
                  0000347c    00000036                                   : strncpy.c.obj (.text:strncpy)
                  000034b2    00000002     --HOLE-- [fill = 0]
                  000034b4    00000034     driverlib.lib : interrupt.obj (.text:IntRegister)
                  000034e8    00000034                   : sysctl.obj (.text:SysCtlPeripheralEnable)
                  0000351c    00000034     rtsv7M4_T_le_v4SPD16_eabi.lib : fopen.c.obj (.text:__TI_cleanup)
                  00003550    00000034                                   : trgmsg.c.obj (.text:__TI_readmsg)
                  00003584    00000030                                   : getdevice.c.obj (.text:finddevice)
                  000035b4    0000002e                                   : i_tofd_t2.asm.obj (.text)
                  000035e2    0000002c     driverlib.lib : gpio.obj (.text:GPIODirModeSet)
                  0000360e    00000002     --HOLE-- [fill = 0]
                  00003610    0000002c     rtsv7M4_T_le_v4SPD16_eabi.lib : unlink.c.obj (.text:unlink)
                  0000363c    00000028                                   : lseek.c.obj (.text:lseek)
                  00003664    00000028                                   : memory.c.obj (.text:mremove)
                  0000368c    00000028                                   : write.c.obj (.text:write)
                  000036b4    00000020                                   : memchr.c.obj (.text:memchr)
                  000036d4    0000001e     driverlib.lib : gpio.obj (.text:GPIOIntRegisterPin)
                  000036f2    00000002     --HOLE-- [fill = 0]
                  000036f4    0000001c     rtsv7M4_T_le_v4SPD16_eabi.lib : assert.c.obj (.text:_abort_msg)
                  00003710    0000001c                                   : memccpy.c.obj (.text:memccpy)
                  0000372c    00000018     driverlib.lib : gpio.obj (.text:GPIOIntRegister)
                  00003744    00000018                   : gpio.obj (.text:GPIOPinTypeGPIOOutput)
                  0000375c    00000018     rtsv7M4_T_le_v4SPD16_eabi.lib : sprintf.c.obj (.text:_outs)
                  00003774    00000018                                   : strcmp.c.obj (.text:strcmp)
                  0000378c    00000016     driverlib.lib : gpio.obj (.text:GPIOPinTypeGPIOInput)
                  000037a2    00000016                   : gpio.obj (.text:GPIOPinTypeI2C)
                  000037b8    00000016                   : gpio.obj (.text:GPIOPinTypeI2CSCL)
                  000037ce    00000016     rtsv7M4_T_le_v4SPD16_eabi.lib : strchr.c.obj (.text:strchr)
                  000037e4    00000014                                   : s_copysign.c.obj (.text:copysign)
                  000037f8    00000014                                   : strcpy.c.obj (.text:strcpy)
                  0000380c    00000014                                   : strlen.c.obj (.text:strlen)
                  00003820    00000012                                   : wcslen.c.obj (.text:wcslen)
                  00003832    00000010     driverlib.lib : interrupt.obj (.text:IntMasterEnable)
                  00003842    0000000e                   : gpio.obj (.text:GPIOIntDisable)
                  00003850    0000000e     rtsv7M4_T_le_v4SPD16_eabi.lib : copy_decompress_none.c.obj (.text:decompress:none:__TI_decompress_none)
                  0000385e    0000000c     driverlib.lib : cpu.obj (.text:CPUcpsie)
                  0000386a    0000000c                   : gpio.obj (.text:GPIOIntEnable)
                  00003876    0000000c     rtsv7M4_T_le_v4SPD16_eabi.lib : copy_zero_init.c.obj (.text:decompress:ZI:__TI_zero_init)
                  00003882    0000000c     tm4c123gh6pm_startup_ccs.obj (.text)
                  0000388e    0000000a     driverlib.lib : i2c.obj (.text:I2CMasterEnable)
                  00003898    0000000a     rtsv7M4_T_le_v4SPD16_eabi.lib : sprintf.c.obj (.text:_outc)
                  000038a2    00000008     driverlib.lib : i2c.obj (.text:I2CMasterBusBusy)
                  000038aa    00000008                   : i2c.obj (.text:I2CMasterBusy)
                  000038b2    00000008                   : i2c.obj (.text:I2CMasterSlaveAddrSet)
                  000038ba    00000002     --HOLE-- [fill = 0]
                  000038bc    00000008     rtsv7M4_T_le_v4SPD16_eabi.lib : errno.c.obj (.text:__aeabi_errno_addr)
                  000038c4    00000006     driverlib.lib : gpio.obj (.text:GPIOIntClear)
                  000038ca    00000006                   : gpio.obj (.text:GPIOPinWrite)
                  000038d0    00000006                   : sysctl.obj (.text:SysCtlDelay)
                  000038d6    00000004                   : i2c.obj (.text:I2CMasterControl)
                  000038da    00000004                   : i2c.obj (.text:I2CMasterDataGet)
                  000038de    00000004                   : i2c.obj (.text:I2CMasterDataPut)
                  000038e2    00000004     rtsv7M4_T_le_v4SPD16_eabi.lib : pre_init.c.obj (.text:_system_pre_init)
                  000038e6    00000004                                   : exit.c.obj (.text:abort:abort)

.const     0    000038ec    000003ac     
                  000038ec    00000101     rtsv7M4_T_le_v4SPD16_eabi.lib : ctype.c.obj (.const:.string:_ctypes_)
                  000039ed    00000003     --HOLE-- [fill = 0]
                  000039f0    000000d8     driverlib.lib : gpio.obj (.const:g_ppui32GPIOIntMapSnowflake)
                  00003ac8    000000c0                   : gpio.obj (.const:g_ppui32GPIOIntMapBlizzard)
                  00003b88    00000090                   : gpio.obj (.const:g_pui32GPIOBaseAddrs)
                  00003c18    0000006c                   : sysctl.obj (.const:g_pui32Xtals)
                  00003c84    00000014                   : interrupt.obj (.const:g_pui32EnRegs)

.cinit     0    00003c98    000000a8     
                  00003c98    00000072     (.cinit..data.load) [load image, compression = lzss]
                  00003d0a    00000002     --HOLE-- [fill = 0]
                  00003d0c    0000000c     (__TI_handler_table)
                  00003d18    00000008     (.cinit..bss.load) [load image, compression = zero_init]
                  00003d20    00000008     (.cinit..vtable.load) [load image, compression = zero_init]
                  00003d28    00000018     (__TI_cinit_table)

.init_array 
*          0    00000000    00000000     UNINITIALIZED

.vtable    0    20000000    0000026c     UNINITIALIZED
                  20000000    0000026c     driverlib.lib : interrupt.obj (.vtable)

.stack     0    20000270    00000800     UNINITIALIZED
                  20000270    00000004     rtsv7M4_T_le_v4SPD16_eabi.lib : boot_cortex_m.c.obj (.stack)
                  20000274    000007fc     --HOLE--

.data      0    20000a70    000001ec     UNINITIALIZED
                  20000a70    000000f0     rtsv7M4_T_le_v4SPD16_eabi.lib : defs.c.obj (.data:_ftable)
                  20000b60    00000078                                   : write.c.obj (.data:_device)
                  20000bd8    00000050                                   : write.c.obj (.data:_stream)
                  20000c28    00000010                                   : defs.c.obj (.data)
                  20000c38    0000000c                                   : exit.c.obj (.data:$O1$$)
                  20000c44    0000000c                                   : memory.c.obj (.data:$O1$$)
                  20000c50    00000008                                   : _lock.c.obj (.data:$O1$$)
                  20000c58    00000004                                   : errno.c.obj (.data)

.bss       0    20000c5c    000001c8     UNINITIALIZED
                  20000c5c    00000120     rtsv7M4_T_le_v4SPD16_eabi.lib : trgmsg.c.obj (.bss:_CIOBUF_)
                  20000d7c    000000a0     (.common:__TI_tmpnams)
                  20000e1c    00000008     (.common:parmbuf)

.sysmem    0    20000e28    00000008     UNINITIALIZED
                  20000e28    00000008     rtsv7M4_T_le_v4SPD16_eabi.lib : memory.c.obj (.sysmem)

MODULE SUMMARY

       Module                         code    ro data   rw data
       ------                         ----    -------   -------
    ./
       tm4c123gh6pm_startup_ccs.obj   12      620       0      
    +--+------------------------------+-------+---------+---------+
       Total:                         12      620       0      
                                                               
    ./Tiva_Extra/debug_utils/
       swo_segger.obj                 84      0         0      
    +--+------------------------------+-------+---------+---------+
       Total:                         84      0         0      
                                                               
    ./src/
       mma8451.obj                    1292    0         0      
       main.obj                       304     0         0      
    +--+------------------------------+-------+---------+---------+
       Total:                         1596    0         0      
                                                               
    ../Tiva_Extra/Tivaware_Dep/driverlib/ccs/Debug/driverlib.lib
       gpio.obj                       764     552       0      
       interrupt.obj                  172     20        620    
       sysctl.obj                     638     108       0      
       i2c.obj                        122     0         0      
       cpu.obj                        12      0         0      
    +--+------------------------------+-------+---------+---------+
       Total:                         1708    680       620    
                                                               
    /home/kd/ti/ccsv8/tools/compiler/ti-cgt-arm_18.1.3.LTS/lib/rtsv7M4_T_le_v4SPD16_eabi.lib
       _printfi.c.obj                 4863    0         0      
       memory.c.obj                   492     0         12     
       fd_add_t2.asm.obj              438     0         0      
       defs.c.obj                     0       0         416    
       trgmsg.c.obj                   108     0         288    
       fd_div_t2.asm.obj              310     0         0      
       fputs.c.obj                    276     0         0      
       s_scalbn.c.obj                 272     0         0      
       fd_cmp_t2.asm.obj              268     0         0      
       ctype.c.obj                    0       257       0      
       fd_mul_t2.asm.obj              252     0         0      
       write.c.obj                    40      0         200    
       setvbuf.c.obj                  220     0         0      
       fflush.c.obj                   200     0         0      
       memcpy_t2.asm.obj              156     0         0      
       ull_div_t2.asm.obj             150     0         0      
       memset_t2.asm.obj              122     0         0      
       fclose.c.obj                   116     0         0      
       getdevice.c.obj                116     0         0      
       copy_decompress_lzss.c.obj     104     0         0      
       hostlseek.c.obj                104     0         0      
       hostopen.c.obj                 96      0         8      
       hostrename.c.obj               104     0         0      
       fseek.c.obj                    100     0         0      
       s_frexp.c.obj                  100     0         0      
       _io_perm.c.obj                 98      0         0      
       sprintf.c.obj                  98      0         0      
       close.c.obj                    92      0         0      
       exit.c.obj                     76      0         12     
       hostread.c.obj                 88      0         0      
       hostwrite.c.obj                88      0         0      
       ltoa.c.obj                     84      0         0      
       atoi.c.obj                     76      0         0      
       fd_toi_t2.asm.obj              72      0         0      
       autoinit.c.obj                 68      0         0      
       hostclose.c.obj                68      0         0      
       hostunlink.c.obj               68      0         0      
       boot_cortex_m.c.obj            56      0         0      
       strncpy.c.obj                  54      0         0      
       fopen.c.obj                    52      0         0      
       i_tofd_t2.asm.obj              46      0         0      
       unlink.c.obj                   44      0         0      
       lseek.c.obj                    40      0         0      
       memchr.c.obj                   32      0         0      
       assert.c.obj                   28      0         0      
       memccpy.c.obj                  28      0         0      
       strcmp.c.obj                   24      0         0      
       strchr.c.obj                   22      0         0      
       s_copysign.c.obj               20      0         0      
       strcpy.c.obj                   20      0         0      
       strlen.c.obj                   20      0         0      
       wcslen.c.obj                   18      0         0      
       copy_decompress_none.c.obj     14      0         0      
       copy_zero_init.c.obj           12      0         0      
       errno.c.obj                    8       0         4      
       _lock.c.obj                    2       0         8      
       pre_init.c.obj                 4       0         0      
       div0.asm.obj                   2       0         0      
    +--+------------------------------+-------+---------+---------+
       Total:                         10529   257       948    
                                                               
       Heap:                          0       0         8      
       Stack:                         0       0         2048   
       Linker Generated:              0       166       0      
    +--+------------------------------+-------+---------+---------+
       Grand Total:                   13929   1723      3624   


LINKER GENERATED COPY TABLES

__TI_cinit_table @ 00003d28 records: 3, size/record: 8, table size: 24
	.data: load addr=00003c98, load size=00000072 bytes, run addr=20000a70, run size=000001ec bytes, compression=lzss
	.bss: load addr=00003d18, load size=00000008 bytes, run addr=20000c5c, run size=000001c8 bytes, compression=zero_init
	.vtable: load addr=00003d20, load size=00000008 bytes, run addr=20000000, run size=0000026c bytes, compression=zero_init


LINKER GENERATED HANDLER TABLE

__TI_handler_table @ 00003d0c records: 3, size/record: 4, table size: 12
	index: 0, handler: __TI_zero_init
	index: 1, handler: __TI_decompress_lzss
	index: 2, handler: __TI_decompress_none


GLOBAL SYMBOLS: SORTED ALPHABETICALLY BY Name 

address   name                           
-------   ----                           
000038e7  C$$EXIT                        
00003403  C$$IO$$                        
0000385f  CPUcpsie                       
000035e3  GPIODirModeSet                 
000038c5  GPIOIntClear                   
00003843  GPIOIntDisable                 
0000386b  GPIOIntEnable                  
0000372d  GPIOIntRegister                
000036d5  GPIOIntRegisterPin             
00002d71  GPIOIntTypeSet                 
00001a43  GPIOPadConfigSet               
00002fcd  GPIOPinConfigure               
0000378d  GPIOPinTypeGPIOInput           
00003745  GPIOPinTypeGPIOOutput          
000037a3  GPIOPinTypeI2C                 
000037b9  GPIOPinTypeI2CSCL              
000038cb  GPIOPinWrite                   
0000318d  HOSTclose                      
000029e9  HOSTlseek                      
00002cb5  HOSTopen                       
00002dc9  HOSTread                       
00002a51  HOSTrename                     
000031d1  HOSTunlink                     
00002e21  HOSTwrite                      
000038a3  I2CMasterBusBusy               
000038ab  I2CMasterBusy                  
000038d7  I2CMasterControl               
000038db  I2CMasterDataGet               
000038df  I2CMasterDataPut               
0000388f  I2CMasterEnable                
00003019  I2CMasterInitExpClk            
000038b3  I2CMasterSlaveAddrSet          
00002ab9  IntEnable                      
00003833  IntMasterEnable                
000034b5  IntRegister                    
00003883  ResetISR                       
00002f25  SWO_PrintChar                  
00002f55  SWO_PrintString                
00001dc5  SysCtlClockGet                 
000021fd  SysCtlClockSet                 
000038d1  SysCtlDelay                    
000034e9  SysCtlPeripheralEnable         
0000339d  SysCtlPeripheralReady          
20000c5c  __CIOBUF_                      
20000a70  __STACK_END                    
00000800  __STACK_SIZE                   
20000470  __STACK_TOP                    
00000008  __SYSMEM_SIZE                  
00003d28  __TI_CINIT_Base                
00003d40  __TI_CINIT_Limit               
00003d0c  __TI_Handler_Table_Base        
00003d18  __TI_Handler_Table_Limit       
00003259  __TI_auto_init_nobinit_nopinit 
0000351d  __TI_cleanup                   
20000c38  __TI_cleanup_ptr               
00002905  __TI_closefile                 
00002b21  __TI_decompress_lzss           
00003851  __TI_decompress_none           
00003065  __TI_doflush                   
20000c3c  __TI_dtors_ptr                 
20000c40  __TI_enable_exit_profile_output
20000c28  __TI_ft_end                    
ffffffff  __TI_pprof_out_hndl            
0000026d  __TI_printfi                   
ffffffff  __TI_prof_data_size            
ffffffff  __TI_prof_data_start           
00003551  __TI_readmsg                   
00000000  __TI_static_base__             
20000d7c  __TI_tmpnams                   
000033d5  __TI_writemsg                  
00002c51  __TI_wrt_ok                    
00003877  __TI_zero_init                 
00002689  __aeabi_cdcmpeq                
00002689  __aeabi_cdcmple                
0000270f  __aeabi_cdrcmple               
00003145  __aeabi_d2iz                   
00001623  __aeabi_dadd                   
0000190d  __aeabi_ddiv                   
00002101  __aeabi_dmul                   
00001619  __aeabi_dsub                   
000038bd  __aeabi_errno_addr             
000035b5  __aeabi_i2d                    
000017cf  __aeabi_idiv0                  
000017cf  __aeabi_ldiv0                  
00002811  __aeabi_memclr                 
00002811  __aeabi_memclr4                
00002811  __aeabi_memclr8                
00002557  __aeabi_memcpy                 
00002557  __aeabi_memcpy4                
00002557  __aeabi_memcpy8                
00002813  __aeabi_memset                 
00002813  __aeabi_memset4                
00002813  __aeabi_memset8                
20000c34  __aeabi_stderr                 
20000c2c  __aeabi_stdin                  
20000c30  __aeabi_stdout                 
000025f3  __aeabi_uldivmod               
ffffffff  __binit__                      
ffffffff  __c_args__                     
UNDEFED   __mpu_init                     
20000270  __stack                        
000036f5  _abort_msg                     
0000340d  _c_int00_noargs                
000038ec  _ctypes_                       
20000b60  _device                        
20000a70  _ftable                        
20000c50  _lock                          
00000ccb  _nop                           
20000bd8  _stream                        
20000e28  _sys_memory                    
UNDEFED   _system_post_cinit             
000038e3  _system_pre_init               
20000c54  _unlock                        
000038e7  abort                          
000030b1  atoi                           
ffffffff  binit                          
00002d15  close                          
000037e5  copysign                       
000037e5  copysignl                      
20000c58  errno                          
000030fd  exit                           
00002795  fflush                         
00003585  finddevice                     
00001edd  fputs                          
000023cd  free                           
00002b89  frexp                          
00002b89  frexpl                         
00002bed  fseek                          
20000000  g_pfnRAMVectors                
00000000  g_pfnVectors                   
0000329d  getdevice                      
00001ff1  ldexp                          
00001ff1  ldexpl                         
0000363d  lseek                          
00002ecf  ltoa                           
00001b8b  main                           
0000288d  malloc                         
00003711  memccpy                        
000036b5  memchr                         
00002557  memcpy                         
00002819  memset                         
00003445  minit                          
00001007  mma8451Configure               
00000f05  mma8451Init                    
00000f81  mma8451ReadAccelData           
000010f5  mma8451Reset                   
00001b75  motionIntHandler               
20000e1c  parmbuf                        
00003611  remove                         
00001ff1  scalbn                         
00001ff1  scalbnl                        
000022f1  setvbuf                        
000032e1  sprintf                        
000037cf  strchr                         
00003775  strcmp                         
000037f9  strcpy                         
0000380d  strlen                         
0000347d  strncpy                        
00003611  unlink                         
00003821  wcslen                         
0000368d  write                          


GLOBAL SYMBOLS: SORTED BY Symbol Address 

address   name                           
-------   ----                           
00000000  __TI_static_base__             
00000000  g_pfnVectors                   
00000008  __SYSMEM_SIZE                  
0000026d  __TI_printfi                   
00000800  __STACK_SIZE                   
00000ccb  _nop                           
00000f05  mma8451Init                    
00000f81  mma8451ReadAccelData           
00001007  mma8451Configure               
000010f5  mma8451Reset                   
00001619  __aeabi_dsub                   
00001623  __aeabi_dadd                   
000017cf  __aeabi_idiv0                  
000017cf  __aeabi_ldiv0                  
0000190d  __aeabi_ddiv                   
00001a43  GPIOPadConfigSet               
00001b75  motionIntHandler               
00001b8b  main                           
00001dc5  SysCtlClockGet                 
00001edd  fputs                          
00001ff1  ldexp                          
00001ff1  ldexpl                         
00001ff1  scalbn                         
00001ff1  scalbnl                        
00002101  __aeabi_dmul                   
000021fd  SysCtlClockSet                 
000022f1  setvbuf                        
000023cd  free                           
00002557  __aeabi_memcpy                 
00002557  __aeabi_memcpy4                
00002557  __aeabi_memcpy8                
00002557  memcpy                         
000025f3  __aeabi_uldivmod               
00002689  __aeabi_cdcmpeq                
00002689  __aeabi_cdcmple                
0000270f  __aeabi_cdrcmple               
00002795  fflush                         
00002811  __aeabi_memclr                 
00002811  __aeabi_memclr4                
00002811  __aeabi_memclr8                
00002813  __aeabi_memset                 
00002813  __aeabi_memset4                
00002813  __aeabi_memset8                
00002819  memset                         
0000288d  malloc                         
00002905  __TI_closefile                 
000029e9  HOSTlseek                      
00002a51  HOSTrename                     
00002ab9  IntEnable                      
00002b21  __TI_decompress_lzss           
00002b89  frexp                          
00002b89  frexpl                         
00002bed  fseek                          
00002c51  __TI_wrt_ok                    
00002cb5  HOSTopen                       
00002d15  close                          
00002d71  GPIOIntTypeSet                 
00002dc9  HOSTread                       
00002e21  HOSTwrite                      
00002ecf  ltoa                           
00002f25  SWO_PrintChar                  
00002f55  SWO_PrintString                
00002fcd  GPIOPinConfigure               
00003019  I2CMasterInitExpClk            
00003065  __TI_doflush                   
000030b1  atoi                           
000030fd  exit                           
00003145  __aeabi_d2iz                   
0000318d  HOSTclose                      
000031d1  HOSTunlink                     
00003259  __TI_auto_init_nobinit_nopinit 
0000329d  getdevice                      
000032e1  sprintf                        
0000339d  SysCtlPeripheralReady          
000033d5  __TI_writemsg                  
00003403  C$$IO$$                        
0000340d  _c_int00_noargs                
00003445  minit                          
0000347d  strncpy                        
000034b5  IntRegister                    
000034e9  SysCtlPeripheralEnable         
0000351d  __TI_cleanup                   
00003551  __TI_readmsg                   
00003585  finddevice                     
000035b5  __aeabi_i2d                    
000035e3  GPIODirModeSet                 
00003611  remove                         
00003611  unlink                         
0000363d  lseek                          
0000368d  write                          
000036b5  memchr                         
000036d5  GPIOIntRegisterPin             
000036f5  _abort_msg                     
00003711  memccpy                        
0000372d  GPIOIntRegister                
00003745  GPIOPinTypeGPIOOutput          
00003775  strcmp                         
0000378d  GPIOPinTypeGPIOInput           
000037a3  GPIOPinTypeI2C                 
000037b9  GPIOPinTypeI2CSCL              
000037cf  strchr                         
000037e5  copysign                       
000037e5  copysignl                      
000037f9  strcpy                         
0000380d  strlen                         
00003821  wcslen                         
00003833  IntMasterEnable                
00003843  GPIOIntDisable                 
00003851  __TI_decompress_none           
0000385f  CPUcpsie                       
0000386b  GPIOIntEnable                  
00003877  __TI_zero_init                 
00003883  ResetISR                       
0000388f  I2CMasterEnable                
000038a3  I2CMasterBusBusy               
000038ab  I2CMasterBusy                  
000038b3  I2CMasterSlaveAddrSet          
000038bd  __aeabi_errno_addr             
000038c5  GPIOIntClear                   
000038cb  GPIOPinWrite                   
000038d1  SysCtlDelay                    
000038d7  I2CMasterControl               
000038db  I2CMasterDataGet               
000038df  I2CMasterDataPut               
000038e3  _system_pre_init               
000038e7  C$$EXIT                        
000038e7  abort                          
000038ec  _ctypes_                       
00003d0c  __TI_Handler_Table_Base        
00003d18  __TI_Handler_Table_Limit       
00003d28  __TI_CINIT_Base                
00003d40  __TI_CINIT_Limit               
20000000  g_pfnRAMVectors                
20000270  __stack                        
20000470  __STACK_TOP                    
20000a70  __STACK_END                    
20000a70  _ftable                        
20000b60  _device                        
20000bd8  _stream                        
20000c28  __TI_ft_end                    
20000c2c  __aeabi_stdin                  
20000c30  __aeabi_stdout                 
20000c34  __aeabi_stderr                 
20000c38  __TI_cleanup_ptr               
20000c3c  __TI_dtors_ptr                 
20000c40  __TI_enable_exit_profile_output
20000c50  _lock                          
20000c54  _unlock                        
20000c58  errno                          
20000c5c  __CIOBUF_                      
20000d7c  __TI_tmpnams                   
20000e1c  parmbuf                        
20000e28  _sys_memory                    
ffffffff  __TI_pprof_out_hndl            
ffffffff  __TI_prof_data_size            
ffffffff  __TI_prof_data_start           
ffffffff  __binit__                      
ffffffff  __c_args__                     
ffffffff  binit                          
UNDEFED   __mpu_init                     
UNDEFED   _system_post_cinit             

[161 symbols]
