<?xml version="1.0" encoding="ISO-8859-1" ?>
<link_info>
   <banner>TI ARM Linker Unix v18.1.3.LTS</banner>
   <copyright>Copyright (c) 1996-2017 Texas Instruments Incorporated</copyright>
   <link_time>0x5bbfa738</link_time>
   <link_errors>0x0</link_errors>
   <output_file>tiva_MMA8451.out</output_file>
   <entry_point>
      <name>_c_int00_noargs</name>
      <address>0x3719</address>
   </entry_point>
   <input_file_list>
      <input_file id="fl-2">
         <path>./</path>
         <kind>object</kind>
         <file>tm4c123gh6pm_startup_ccs.obj</file>
         <name>tm4c123gh6pm_startup_ccs.obj</name>
      </input_file>
      <input_file id="fl-3">
         <path>./Tiva_Extra/Tivaware_Dep/driverlib/</path>
         <kind>object</kind>
         <file>epi_workaround_ccs.obj</file>
         <name>epi_workaround_ccs.obj</name>
      </input_file>
      <input_file id="fl-4">
         <path>./Tiva_Extra/Tivaware_Dep/drivers/</path>
         <kind>object</kind>
         <file>buttons.obj</file>
         <name>buttons.obj</name>
      </input_file>
      <input_file id="fl-5">
         <path>./Tiva_Extra/Tivaware_Dep/drivers/</path>
         <kind>object</kind>
         <file>rgb.obj</file>
         <name>rgb.obj</name>
      </input_file>
      <input_file id="fl-6">
         <path>./Tiva_Extra/Tivaware_Dep/utils/</path>
         <kind>object</kind>
         <file>softuart.obj</file>
         <name>softuart.obj</name>
      </input_file>
      <input_file id="fl-7">
         <path>./Tiva_Extra/Tivaware_Dep/utils/</path>
         <kind>object</kind>
         <file>uartstdio.obj</file>
         <name>uartstdio.obj</name>
      </input_file>
      <input_file id="fl-8">
         <path>./Tiva_Extra/Tivaware_Dep/utils/</path>
         <kind>object</kind>
         <file>ustdlib.obj</file>
         <name>ustdlib.obj</name>
      </input_file>
      <input_file id="fl-9">
         <path>./Tiva_Extra/debug_utils/</path>
         <kind>object</kind>
         <file>swo_segger.obj</file>
         <name>swo_segger.obj</name>
      </input_file>
      <input_file id="fl-a">
         <path>./Tiva_Extra/hardware_helper/</path>
         <kind>object</kind>
         <file>hardware_helper.obj</file>
         <name>hardware_helper.obj</name>
      </input_file>
      <input_file id="fl-b">
         <path>./Tiva_Extra/hardware_helper/</path>
         <kind>object</kind>
         <file>hardware_helper_adc.obj</file>
         <name>hardware_helper_adc.obj</name>
      </input_file>
      <input_file id="fl-c">
         <path>./Tiva_Extra/hardware_helper/</path>
         <kind>object</kind>
         <file>hardware_helper_dma.obj</file>
         <name>hardware_helper_dma.obj</name>
      </input_file>
      <input_file id="fl-d">
         <path>./Tiva_Extra/hardware_helper/</path>
         <kind>object</kind>
         <file>hardware_helper_gpio.obj</file>
         <name>hardware_helper_gpio.obj</name>
      </input_file>
      <input_file id="fl-e">
         <path>./Tiva_Extra/hardware_helper/</path>
         <kind>object</kind>
         <file>hardware_helper_pwm.obj</file>
         <name>hardware_helper_pwm.obj</name>
      </input_file>
      <input_file id="fl-f">
         <path>./Tiva_Extra/tiva_utils/</path>
         <kind>object</kind>
         <file>peripheral_utils.obj</file>
         <name>peripheral_utils.obj</name>
      </input_file>
      <input_file id="fl-10">
         <path>./Tiva_Extra/tiva_utils/</path>
         <kind>object</kind>
         <file>pin_utils.obj</file>
         <name>pin_utils.obj</name>
      </input_file>
      <input_file id="fl-11">
         <path>./Tiva_Extra/tiva_utils/</path>
         <kind>object</kind>
         <file>pwm_utils.obj</file>
         <name>pwm_utils.obj</name>
      </input_file>
      <input_file id="fl-12">
         <path>./src/</path>
         <kind>object</kind>
         <file>main.obj</file>
         <name>main.obj</name>
      </input_file>
      <input_file id="fl-13">
         <path>./src/</path>
         <kind>object</kind>
         <file>mma8451.obj</file>
         <name>mma8451.obj</name>
      </input_file>
      <input_file id="fl-14">
         <path>./src/</path>
         <kind>object</kind>
         <file>mma8451_utils.obj</file>
         <name>mma8451_utils.obj</name>
      </input_file>
      <input_file id="fl-1e">
         <kind>object</kind>
         <file>&lt;internal&gt;</file>
         <name>&lt;internal&gt;</name>
      </input_file>
      <input_file id="fl-1f">
         <path>../Tiva_Extra/Tivaware_Dep/driverlib/ccs/Debug/</path>
         <kind>archive</kind>
         <file>driverlib.lib</file>
         <name>gpio.obj</name>
      </input_file>
      <input_file id="fl-20">
         <path>../Tiva_Extra/Tivaware_Dep/driverlib/ccs/Debug/</path>
         <kind>archive</kind>
         <file>driverlib.lib</file>
         <name>i2c.obj</name>
      </input_file>
      <input_file id="fl-21">
         <path>../Tiva_Extra/Tivaware_Dep/driverlib/ccs/Debug/</path>
         <kind>archive</kind>
         <file>driverlib.lib</file>
         <name>interrupt.obj</name>
      </input_file>
      <input_file id="fl-22">
         <path>../Tiva_Extra/Tivaware_Dep/driverlib/ccs/Debug/</path>
         <kind>archive</kind>
         <file>driverlib.lib</file>
         <name>pwm.obj</name>
      </input_file>
      <input_file id="fl-23">
         <path>../Tiva_Extra/Tivaware_Dep/driverlib/ccs/Debug/</path>
         <kind>archive</kind>
         <file>driverlib.lib</file>
         <name>sysctl.obj</name>
      </input_file>
      <input_file id="fl-24">
         <path>../Tiva_Extra/Tivaware_Dep/driverlib/ccs/Debug/</path>
         <kind>archive</kind>
         <file>driverlib.lib</file>
         <name>cpu.obj</name>
      </input_file>
      <input_file id="fl-da">
         <path>/home/kd/ti/ccsv8/tools/compiler/ti-cgt-arm_18.1.3.LTS/lib/</path>
         <kind>archive</kind>
         <file>rtsv7M4_T_le_v4SPD16_eabi.lib</file>
         <name>memset_t2.asm.obj</name>
      </input_file>
      <input_file id="fl-db">
         <path>/home/kd/ti/ccsv8/tools/compiler/ti-cgt-arm_18.1.3.LTS/lib/</path>
         <kind>archive</kind>
         <file>rtsv7M4_T_le_v4SPD16_eabi.lib</file>
         <name>u_divt2.asm.obj</name>
      </input_file>
      <input_file id="fl-dc">
         <path>/home/kd/ti/ccsv8/tools/compiler/ti-cgt-arm_18.1.3.LTS/lib/</path>
         <kind>archive</kind>
         <file>rtsv7M4_T_le_v4SPD16_eabi.lib</file>
         <name>fs_toull_t2.asm.obj</name>
      </input_file>
      <input_file id="fl-dd">
         <path>/home/kd/ti/ccsv8/tools/compiler/ti-cgt-arm_18.1.3.LTS/lib/</path>
         <kind>archive</kind>
         <file>rtsv7M4_T_le_v4SPD16_eabi.lib</file>
         <name>copy_zero_init.c.obj</name>
      </input_file>
      <input_file id="fl-de">
         <path>/home/kd/ti/ccsv8/tools/compiler/ti-cgt-arm_18.1.3.LTS/lib/</path>
         <kind>archive</kind>
         <file>rtsv7M4_T_le_v4SPD16_eabi.lib</file>
         <name>copy_decompress_none.c.obj</name>
      </input_file>
      <input_file id="fl-df">
         <path>/home/kd/ti/ccsv8/tools/compiler/ti-cgt-arm_18.1.3.LTS/lib/</path>
         <kind>archive</kind>
         <file>rtsv7M4_T_le_v4SPD16_eabi.lib</file>
         <name>copy_decompress_lzss.c.obj</name>
      </input_file>
      <input_file id="fl-e0">
         <path>/home/kd/ti/ccsv8/tools/compiler/ti-cgt-arm_18.1.3.LTS/lib/</path>
         <kind>archive</kind>
         <file>rtsv7M4_T_le_v4SPD16_eabi.lib</file>
         <name>assert.c.obj</name>
      </input_file>
      <input_file id="fl-e1">
         <path>/home/kd/ti/ccsv8/tools/compiler/ti-cgt-arm_18.1.3.LTS/lib/</path>
         <kind>archive</kind>
         <file>rtsv7M4_T_le_v4SPD16_eabi.lib</file>
         <name>defs.c.obj</name>
      </input_file>
      <input_file id="fl-e2">
         <path>/home/kd/ti/ccsv8/tools/compiler/ti-cgt-arm_18.1.3.LTS/lib/</path>
         <kind>archive</kind>
         <file>rtsv7M4_T_le_v4SPD16_eabi.lib</file>
         <name>fflush.c.obj</name>
      </input_file>
      <input_file id="fl-e3">
         <path>/home/kd/ti/ccsv8/tools/compiler/ti-cgt-arm_18.1.3.LTS/lib/</path>
         <kind>archive</kind>
         <file>rtsv7M4_T_le_v4SPD16_eabi.lib</file>
         <name>fputs.c.obj</name>
      </input_file>
      <input_file id="fl-e4">
         <path>/home/kd/ti/ccsv8/tools/compiler/ti-cgt-arm_18.1.3.LTS/lib/</path>
         <kind>archive</kind>
         <file>rtsv7M4_T_le_v4SPD16_eabi.lib</file>
         <name>isdigit.c.obj</name>
      </input_file>
      <input_file id="fl-e5">
         <path>/home/kd/ti/ccsv8/tools/compiler/ti-cgt-arm_18.1.3.LTS/lib/</path>
         <kind>archive</kind>
         <file>rtsv7M4_T_le_v4SPD16_eabi.lib</file>
         <name>memchr.c.obj</name>
      </input_file>
      <input_file id="fl-e6">
         <path>/home/kd/ti/ccsv8/tools/compiler/ti-cgt-arm_18.1.3.LTS/lib/</path>
         <kind>archive</kind>
         <file>rtsv7M4_T_le_v4SPD16_eabi.lib</file>
         <name>sprintf.c.obj</name>
      </input_file>
      <input_file id="fl-e7">
         <path>/home/kd/ti/ccsv8/tools/compiler/ti-cgt-arm_18.1.3.LTS/lib/</path>
         <kind>archive</kind>
         <file>rtsv7M4_T_le_v4SPD16_eabi.lib</file>
         <name>strlen.c.obj</name>
      </input_file>
      <input_file id="fl-e8">
         <path>/home/kd/ti/ccsv8/tools/compiler/ti-cgt-arm_18.1.3.LTS/lib/</path>
         <kind>archive</kind>
         <file>rtsv7M4_T_le_v4SPD16_eabi.lib</file>
         <name>write.c.obj</name>
      </input_file>
      <input_file id="fl-e9">
         <path>/home/kd/ti/ccsv8/tools/compiler/ti-cgt-arm_18.1.3.LTS/lib/</path>
         <kind>archive</kind>
         <file>rtsv7M4_T_le_v4SPD16_eabi.lib</file>
         <name>boot_cortex_m.c.obj</name>
      </input_file>
      <input_file id="fl-ea">
         <path>/home/kd/ti/ccsv8/tools/compiler/ti-cgt-arm_18.1.3.LTS/lib/</path>
         <kind>archive</kind>
         <file>rtsv7M4_T_le_v4SPD16_eabi.lib</file>
         <name>div0.asm.obj</name>
      </input_file>
      <input_file id="fl-eb">
         <path>/home/kd/ti/ccsv8/tools/compiler/ti-cgt-arm_18.1.3.LTS/lib/</path>
         <kind>archive</kind>
         <file>rtsv7M4_T_le_v4SPD16_eabi.lib</file>
         <name>memcpy_t2.asm.obj</name>
      </input_file>
      <input_file id="fl-ec">
         <path>/home/kd/ti/ccsv8/tools/compiler/ti-cgt-arm_18.1.3.LTS/lib/</path>
         <kind>archive</kind>
         <file>rtsv7M4_T_le_v4SPD16_eabi.lib</file>
         <name>autoinit.c.obj</name>
      </input_file>
      <input_file id="fl-ed">
         <path>/home/kd/ti/ccsv8/tools/compiler/ti-cgt-arm_18.1.3.LTS/lib/</path>
         <kind>archive</kind>
         <file>rtsv7M4_T_le_v4SPD16_eabi.lib</file>
         <name>pre_init.c.obj</name>
      </input_file>
      <input_file id="fl-ee">
         <path>/home/kd/ti/ccsv8/tools/compiler/ti-cgt-arm_18.1.3.LTS/lib/</path>
         <kind>archive</kind>
         <file>rtsv7M4_T_le_v4SPD16_eabi.lib</file>
         <name>cpy_tbl.c.obj</name>
      </input_file>
      <input_file id="fl-ef">
         <path>/home/kd/ti/ccsv8/tools/compiler/ti-cgt-arm_18.1.3.LTS/lib/</path>
         <kind>archive</kind>
         <file>rtsv7M4_T_le_v4SPD16_eabi.lib</file>
         <name>exit.c.obj</name>
      </input_file>
      <input_file id="fl-f0">
         <path>/home/kd/ti/ccsv8/tools/compiler/ti-cgt-arm_18.1.3.LTS/lib/</path>
         <kind>archive</kind>
         <file>rtsv7M4_T_le_v4SPD16_eabi.lib</file>
         <name>_io_perm.c.obj</name>
      </input_file>
      <input_file id="fl-f1">
         <path>/home/kd/ti/ccsv8/tools/compiler/ti-cgt-arm_18.1.3.LTS/lib/</path>
         <kind>archive</kind>
         <file>rtsv7M4_T_le_v4SPD16_eabi.lib</file>
         <name>_lock.c.obj</name>
      </input_file>
      <input_file id="fl-f2">
         <path>/home/kd/ti/ccsv8/tools/compiler/ti-cgt-arm_18.1.3.LTS/lib/</path>
         <kind>archive</kind>
         <file>rtsv7M4_T_le_v4SPD16_eabi.lib</file>
         <name>_printfi.c.obj</name>
      </input_file>
      <input_file id="fl-f3">
         <path>/home/kd/ti/ccsv8/tools/compiler/ti-cgt-arm_18.1.3.LTS/lib/</path>
         <kind>archive</kind>
         <file>rtsv7M4_T_le_v4SPD16_eabi.lib</file>
         <name>args_main.c.obj</name>
      </input_file>
      <input_file id="fl-f4">
         <path>/home/kd/ti/ccsv8/tools/compiler/ti-cgt-arm_18.1.3.LTS/lib/</path>
         <kind>archive</kind>
         <file>rtsv7M4_T_le_v4SPD16_eabi.lib</file>
         <name>atoi.c.obj</name>
      </input_file>
      <input_file id="fl-f5">
         <path>/home/kd/ti/ccsv8/tools/compiler/ti-cgt-arm_18.1.3.LTS/lib/</path>
         <kind>archive</kind>
         <file>rtsv7M4_T_le_v4SPD16_eabi.lib</file>
         <name>ctype.c.obj</name>
      </input_file>
      <input_file id="fl-f6">
         <path>/home/kd/ti/ccsv8/tools/compiler/ti-cgt-arm_18.1.3.LTS/lib/</path>
         <kind>archive</kind>
         <file>rtsv7M4_T_le_v4SPD16_eabi.lib</file>
         <name>fseek.c.obj</name>
      </input_file>
      <input_file id="fl-f7">
         <path>/home/kd/ti/ccsv8/tools/compiler/ti-cgt-arm_18.1.3.LTS/lib/</path>
         <kind>archive</kind>
         <file>rtsv7M4_T_le_v4SPD16_eabi.lib</file>
         <name>lseek.c.obj</name>
      </input_file>
      <input_file id="fl-f8">
         <path>/home/kd/ti/ccsv8/tools/compiler/ti-cgt-arm_18.1.3.LTS/lib/</path>
         <kind>archive</kind>
         <file>rtsv7M4_T_le_v4SPD16_eabi.lib</file>
         <name>ltoa.c.obj</name>
      </input_file>
      <input_file id="fl-f9">
         <path>/home/kd/ti/ccsv8/tools/compiler/ti-cgt-arm_18.1.3.LTS/lib/</path>
         <kind>archive</kind>
         <file>rtsv7M4_T_le_v4SPD16_eabi.lib</file>
         <name>memccpy.c.obj</name>
      </input_file>
      <input_file id="fl-fa">
         <path>/home/kd/ti/ccsv8/tools/compiler/ti-cgt-arm_18.1.3.LTS/lib/</path>
         <kind>archive</kind>
         <file>rtsv7M4_T_le_v4SPD16_eabi.lib</file>
         <name>setvbuf.c.obj</name>
      </input_file>
      <input_file id="fl-fb">
         <path>/home/kd/ti/ccsv8/tools/compiler/ti-cgt-arm_18.1.3.LTS/lib/</path>
         <kind>archive</kind>
         <file>rtsv7M4_T_le_v4SPD16_eabi.lib</file>
         <name>strchr.c.obj</name>
      </input_file>
      <input_file id="fl-fc">
         <path>/home/kd/ti/ccsv8/tools/compiler/ti-cgt-arm_18.1.3.LTS/lib/</path>
         <kind>archive</kind>
         <file>rtsv7M4_T_le_v4SPD16_eabi.lib</file>
         <name>hostclose.c.obj</name>
      </input_file>
      <input_file id="fl-fd">
         <path>/home/kd/ti/ccsv8/tools/compiler/ti-cgt-arm_18.1.3.LTS/lib/</path>
         <kind>archive</kind>
         <file>rtsv7M4_T_le_v4SPD16_eabi.lib</file>
         <name>hostlseek.c.obj</name>
      </input_file>
      <input_file id="fl-fe">
         <path>/home/kd/ti/ccsv8/tools/compiler/ti-cgt-arm_18.1.3.LTS/lib/</path>
         <kind>archive</kind>
         <file>rtsv7M4_T_le_v4SPD16_eabi.lib</file>
         <name>hostopen.c.obj</name>
      </input_file>
      <input_file id="fl-ff">
         <path>/home/kd/ti/ccsv8/tools/compiler/ti-cgt-arm_18.1.3.LTS/lib/</path>
         <kind>archive</kind>
         <file>rtsv7M4_T_le_v4SPD16_eabi.lib</file>
         <name>hostread.c.obj</name>
      </input_file>
      <input_file id="fl-100">
         <path>/home/kd/ti/ccsv8/tools/compiler/ti-cgt-arm_18.1.3.LTS/lib/</path>
         <kind>archive</kind>
         <file>rtsv7M4_T_le_v4SPD16_eabi.lib</file>
         <name>hostrename.c.obj</name>
      </input_file>
      <input_file id="fl-101">
         <path>/home/kd/ti/ccsv8/tools/compiler/ti-cgt-arm_18.1.3.LTS/lib/</path>
         <kind>archive</kind>
         <file>rtsv7M4_T_le_v4SPD16_eabi.lib</file>
         <name>hostunlink.c.obj</name>
      </input_file>
      <input_file id="fl-102">
         <path>/home/kd/ti/ccsv8/tools/compiler/ti-cgt-arm_18.1.3.LTS/lib/</path>
         <kind>archive</kind>
         <file>rtsv7M4_T_le_v4SPD16_eabi.lib</file>
         <name>hostwrite.c.obj</name>
      </input_file>
      <input_file id="fl-103">
         <path>/home/kd/ti/ccsv8/tools/compiler/ti-cgt-arm_18.1.3.LTS/lib/</path>
         <kind>archive</kind>
         <file>rtsv7M4_T_le_v4SPD16_eabi.lib</file>
         <name>trgmsg.c.obj</name>
      </input_file>
      <input_file id="fl-104">
         <path>/home/kd/ti/ccsv8/tools/compiler/ti-cgt-arm_18.1.3.LTS/lib/</path>
         <kind>archive</kind>
         <file>rtsv7M4_T_le_v4SPD16_eabi.lib</file>
         <name>errno.c.obj</name>
      </input_file>
      <input_file id="fl-105">
         <path>/home/kd/ti/ccsv8/tools/compiler/ti-cgt-arm_18.1.3.LTS/lib/</path>
         <kind>archive</kind>
         <file>rtsv7M4_T_le_v4SPD16_eabi.lib</file>
         <name>s_frexp.c.obj</name>
      </input_file>
      <input_file id="fl-106">
         <path>/home/kd/ti/ccsv8/tools/compiler/ti-cgt-arm_18.1.3.LTS/lib/</path>
         <kind>archive</kind>
         <file>rtsv7M4_T_le_v4SPD16_eabi.lib</file>
         <name>s_scalbn.c.obj</name>
      </input_file>
      <input_file id="fl-107">
         <path>/home/kd/ti/ccsv8/tools/compiler/ti-cgt-arm_18.1.3.LTS/lib/</path>
         <kind>archive</kind>
         <file>rtsv7M4_T_le_v4SPD16_eabi.lib</file>
         <name>wcslen.c.obj</name>
      </input_file>
      <input_file id="fl-108">
         <path>/home/kd/ti/ccsv8/tools/compiler/ti-cgt-arm_18.1.3.LTS/lib/</path>
         <kind>archive</kind>
         <file>rtsv7M4_T_le_v4SPD16_eabi.lib</file>
         <name>s_copysign.c.obj</name>
      </input_file>
      <input_file id="fl-109">
         <path>/home/kd/ti/ccsv8/tools/compiler/ti-cgt-arm_18.1.3.LTS/lib/</path>
         <kind>archive</kind>
         <file>rtsv7M4_T_le_v4SPD16_eabi.lib</file>
         <name>ull_div_t2.asm.obj</name>
      </input_file>
      <input_file id="fl-10a">
         <path>/home/kd/ti/ccsv8/tools/compiler/ti-cgt-arm_18.1.3.LTS/lib/</path>
         <kind>archive</kind>
         <file>rtsv7M4_T_le_v4SPD16_eabi.lib</file>
         <name>fd_add_t2.asm.obj</name>
      </input_file>
      <input_file id="fl-10b">
         <path>/home/kd/ti/ccsv8/tools/compiler/ti-cgt-arm_18.1.3.LTS/lib/</path>
         <kind>archive</kind>
         <file>rtsv7M4_T_le_v4SPD16_eabi.lib</file>
         <name>fd_cmp_t2.asm.obj</name>
      </input_file>
      <input_file id="fl-10c">
         <path>/home/kd/ti/ccsv8/tools/compiler/ti-cgt-arm_18.1.3.LTS/lib/</path>
         <kind>archive</kind>
         <file>rtsv7M4_T_le_v4SPD16_eabi.lib</file>
         <name>fd_div_t2.asm.obj</name>
      </input_file>
      <input_file id="fl-10d">
         <path>/home/kd/ti/ccsv8/tools/compiler/ti-cgt-arm_18.1.3.LTS/lib/</path>
         <kind>archive</kind>
         <file>rtsv7M4_T_le_v4SPD16_eabi.lib</file>
         <name>fd_mul_t2.asm.obj</name>
      </input_file>
      <input_file id="fl-10e">
         <path>/home/kd/ti/ccsv8/tools/compiler/ti-cgt-arm_18.1.3.LTS/lib/</path>
         <kind>archive</kind>
         <file>rtsv7M4_T_le_v4SPD16_eabi.lib</file>
         <name>fd_toi_t2.asm.obj</name>
      </input_file>
      <input_file id="fl-10f">
         <path>/home/kd/ti/ccsv8/tools/compiler/ti-cgt-arm_18.1.3.LTS/lib/</path>
         <kind>archive</kind>
         <file>rtsv7M4_T_le_v4SPD16_eabi.lib</file>
         <name>i_tofd_t2.asm.obj</name>
      </input_file>
      <input_file id="fl-110">
         <path>/home/kd/ti/ccsv8/tools/compiler/ti-cgt-arm_18.1.3.LTS/lib/</path>
         <kind>archive</kind>
         <file>rtsv7M4_T_le_v4SPD16_eabi.lib</file>
         <name>memory.c.obj</name>
      </input_file>
      <input_file id="fl-111">
         <path>/home/kd/ti/ccsv8/tools/compiler/ti-cgt-arm_18.1.3.LTS/lib/</path>
         <kind>archive</kind>
         <file>rtsv7M4_T_le_v4SPD16_eabi.lib</file>
         <name>fopen.c.obj</name>
      </input_file>
      <input_file id="fl-112">
         <path>/home/kd/ti/ccsv8/tools/compiler/ti-cgt-arm_18.1.3.LTS/lib/</path>
         <kind>archive</kind>
         <file>rtsv7M4_T_le_v4SPD16_eabi.lib</file>
         <name>open.c.obj</name>
      </input_file>
      <input_file id="fl-113">
         <path>/home/kd/ti/ccsv8/tools/compiler/ti-cgt-arm_18.1.3.LTS/lib/</path>
         <kind>archive</kind>
         <file>rtsv7M4_T_le_v4SPD16_eabi.lib</file>
         <name>strcpy.c.obj</name>
      </input_file>
      <input_file id="fl-114">
         <path>/home/kd/ti/ccsv8/tools/compiler/ti-cgt-arm_18.1.3.LTS/lib/</path>
         <kind>archive</kind>
         <file>rtsv7M4_T_le_v4SPD16_eabi.lib</file>
         <name>fclose.c.obj</name>
      </input_file>
      <input_file id="fl-115">
         <path>/home/kd/ti/ccsv8/tools/compiler/ti-cgt-arm_18.1.3.LTS/lib/</path>
         <kind>archive</kind>
         <file>rtsv7M4_T_le_v4SPD16_eabi.lib</file>
         <name>getdevice.c.obj</name>
      </input_file>
      <input_file id="fl-116">
         <path>/home/kd/ti/ccsv8/tools/compiler/ti-cgt-arm_18.1.3.LTS/lib/</path>
         <kind>archive</kind>
         <file>rtsv7M4_T_le_v4SPD16_eabi.lib</file>
         <name>remove.c.obj</name>
      </input_file>
      <input_file id="fl-117">
         <path>/home/kd/ti/ccsv8/tools/compiler/ti-cgt-arm_18.1.3.LTS/lib/</path>
         <kind>archive</kind>
         <file>rtsv7M4_T_le_v4SPD16_eabi.lib</file>
         <name>strcmp.c.obj</name>
      </input_file>
      <input_file id="fl-118">
         <path>/home/kd/ti/ccsv8/tools/compiler/ti-cgt-arm_18.1.3.LTS/lib/</path>
         <kind>archive</kind>
         <file>rtsv7M4_T_le_v4SPD16_eabi.lib</file>
         <name>strncpy.c.obj</name>
      </input_file>
      <input_file id="fl-119">
         <path>/home/kd/ti/ccsv8/tools/compiler/ti-cgt-arm_18.1.3.LTS/lib/</path>
         <kind>archive</kind>
         <file>rtsv7M4_T_le_v4SPD16_eabi.lib</file>
         <name>unlink.c.obj</name>
      </input_file>
      <input_file id="fl-11a">
         <path>/home/kd/ti/ccsv8/tools/compiler/ti-cgt-arm_18.1.3.LTS/lib/</path>
         <kind>archive</kind>
         <file>rtsv7M4_T_le_v4SPD16_eabi.lib</file>
         <name>close.c.obj</name>
      </input_file>
   </input_file_list>
   <object_component_list>
      <object_component id="oc-f">
         <name>.intvecs</name>
         <load_address>0x0</load_address>
         <run_address>0x0</run_address>
         <size>0x26c</size>
         <input_file_ref idref="fl-2"/>
      </object_component>
      <object_component id="oc-269">
         <name>.text:__TI_printfi</name>
         <load_address>0x26c</load_address>
         <run_address>0x26c</run_address>
         <size>0xa5e</size>
         <input_file_ref idref="fl-f2"/>
      </object_component>
      <object_component id="oc-2a8">
         <name>.text:_nop</name>
         <load_address>0xcca</load_address>
         <run_address>0xcca</run_address>
         <size>0x2</size>
         <input_file_ref idref="fl-f1"/>
      </object_component>
      <object_component id="oc-d8">
         <name>.text</name>
         <load_address>0xccc</load_address>
         <run_address>0xccc</run_address>
         <size>0x57a</size>
         <input_file_ref idref="fl-13"/>
      </object_component>
      <object_component id="oc-442">
         <name>.text</name>
         <load_address>0x1246</load_address>
         <run_address>0x1246</run_address>
         <size>0x2</size>
         <input_file_ref idref="fl-ea"/>
      </object_component>
      <object_component id="oc-327">
         <name>.text:_pconv_a</name>
         <load_address>0x1248</load_address>
         <run_address>0x1248</run_address>
         <size>0x270</size>
         <input_file_ref idref="fl-f2"/>
      </object_component>
      <object_component id="oc-1b6">
         <name>.text</name>
         <load_address>0x14b8</load_address>
         <run_address>0x14b8</run_address>
         <size>0x22c</size>
         <input_file_ref idref="fl-14"/>
      </object_component>
      <object_component id="oc-315">
         <name>.text:_pconv_g</name>
         <load_address>0x16e4</load_address>
         <run_address>0x16e4</run_address>
         <size>0x1d0</size>
         <input_file_ref idref="fl-f2"/>
      </object_component>
      <object_component id="oc-3b3">
         <name>.text</name>
         <load_address>0x18b4</load_address>
         <run_address>0x18b4</run_address>
         <size>0x1b6</size>
         <input_file_ref idref="fl-10a"/>
      </object_component>
      <object_component id="oc-9f">
         <name>.text</name>
         <load_address>0x1a6c</load_address>
         <run_address>0x1a6c</run_address>
         <size>0x1a0</size>
         <input_file_ref idref="fl-12"/>
      </object_component>
      <object_component id="oc-321">
         <name>.text:_pconv_e</name>
         <load_address>0x1c0c</load_address>
         <run_address>0x1c0c</run_address>
         <size>0x13c</size>
         <input_file_ref idref="fl-f2"/>
      </object_component>
      <object_component id="oc-399">
         <name>.text</name>
         <load_address>0x1d48</load_address>
         <run_address>0x1d48</run_address>
         <size>0x136</size>
         <input_file_ref idref="fl-10c"/>
      </object_component>
      <object_component id="oc-1cb">
         <name>.text:GPIOPadConfigSet</name>
         <load_address>0x1e7e</load_address>
         <run_address>0x1e7e</run_address>
         <size>0x132</size>
         <input_file_ref idref="fl-1f"/>
      </object_component>
      <object_component id="oc-3c5">
         <name>.text:fcvt</name>
         <load_address>0x1fb0</load_address>
         <run_address>0x1fb0</run_address>
         <size>0x120</size>
         <input_file_ref idref="fl-f2"/>
      </object_component>
      <object_component id="oc-19e">
         <name>.text:SysCtlClockGet</name>
         <load_address>0x20d0</load_address>
         <run_address>0x20d0</run_address>
         <size>0x118</size>
         <input_file_ref idref="fl-23"/>
      </object_component>
      <object_component id="oc-22a">
         <name>.text:fputs</name>
         <load_address>0x21e8</load_address>
         <run_address>0x21e8</run_address>
         <size>0x114</size>
         <input_file_ref idref="fl-e3"/>
      </object_component>
      <object_component id="oc-3d9">
         <name>.text:scalbn</name>
         <load_address>0x22fc</load_address>
         <run_address>0x22fc</run_address>
         <size>0x110</size>
         <input_file_ref idref="fl-106"/>
      </object_component>
      <object_component id="oc-394">
         <name>.text</name>
         <load_address>0x240c</load_address>
         <run_address>0x240c</run_address>
         <size>0xfc</size>
         <input_file_ref idref="fl-10d"/>
      </object_component>
      <object_component id="oc-e4">
         <name>.text:SysCtlClockSet</name>
         <load_address>0x2508</load_address>
         <run_address>0x2508</run_address>
         <size>0xf4</size>
         <input_file_ref idref="fl-23"/>
      </object_component>
      <object_component id="oc-36e">
         <name>.text:setvbuf</name>
         <load_address>0x25fc</load_address>
         <run_address>0x25fc</run_address>
         <size>0xdc</size>
         <input_file_ref idref="fl-fa"/>
      </object_component>
      <object_component id="oc-40d">
         <name>.text:free</name>
         <load_address>0x26d8</load_address>
         <run_address>0x26d8</run_address>
         <size>0xd8</size>
         <input_file_ref idref="fl-110"/>
      </object_component>
      <object_component id="oc-30a">
         <name>.text:_ltostr</name>
         <load_address>0x27b0</load_address>
         <run_address>0x27b0</run_address>
         <size>0xb1</size>
         <input_file_ref idref="fl-f2"/>
      </object_component>
      <object_component id="oc-3b">
         <name>.text</name>
         <load_address>0x2862</load_address>
         <run_address>0x2862</run_address>
         <size>0x9c</size>
         <input_file_ref idref="fl-eb"/>
      </object_component>
      <object_component id="oc-38d">
         <name>.text</name>
         <load_address>0x28fe</load_address>
         <run_address>0x28fe</run_address>
         <size>0x96</size>
         <input_file_ref idref="fl-109"/>
      </object_component>
      <object_component id="oc-310">
         <name>.text:__aeabi_cdcmple</name>
         <load_address>0x2994</load_address>
         <run_address>0x2994</run_address>
         <size>0x86</size>
         <input_file_ref idref="fl-10b"/>
      </object_component>
      <object_component id="oc-39e">
         <name>.text:__aeabi_cdrcmple</name>
         <load_address>0x2a1a</load_address>
         <run_address>0x2a1a</run_address>
         <size>0x86</size>
         <input_file_ref idref="fl-10b"/>
      </object_component>
      <object_component id="oc-230">
         <name>.text:fflush</name>
         <load_address>0x2aa0</load_address>
         <run_address>0x2aa0</run_address>
         <size>0x7c</size>
         <input_file_ref idref="fl-e2"/>
      </object_component>
      <object_component id="oc-93">
         <name>.text</name>
         <load_address>0x2b1c</load_address>
         <run_address>0x2b1c</run_address>
         <size>0x7a</size>
         <input_file_ref idref="fl-da"/>
      </object_component>
      <object_component id="oc-413">
         <name>.text:malloc</name>
         <load_address>0x2b98</load_address>
         <run_address>0x2b98</run_address>
         <size>0x78</size>
         <input_file_ref idref="fl-110"/>
      </object_component>
      <object_component id="oc-492">
         <name>.text:__TI_closefile</name>
         <load_address>0x2c10</load_address>
         <run_address>0x2c10</run_address>
         <size>0x74</size>
         <input_file_ref idref="fl-114"/>
      </object_component>
      <object_component id="oc-3be">
         <name>.text:_mcpy</name>
         <load_address>0x2c84</load_address>
         <run_address>0x2c84</run_address>
         <size>0x6e</size>
         <input_file_ref idref="fl-f2"/>
      </object_component>
      <object_component id="oc-4b3">
         <name>.text:HOSTlseek</name>
         <load_address>0x2cf4</load_address>
         <run_address>0x2cf4</run_address>
         <size>0x68</size>
         <input_file_ref idref="fl-fd"/>
      </object_component>
      <object_component id="oc-4bf">
         <name>.text:HOSTrename</name>
         <load_address>0x2d5c</load_address>
         <run_address>0x2d5c</run_address>
         <size>0x68</size>
         <input_file_ref idref="fl-100"/>
      </object_component>
      <object_component id="oc-1e6">
         <name>.text:IntEnable</name>
         <load_address>0x2dc4</load_address>
         <run_address>0x2dc4</run_address>
         <size>0x68</size>
         <input_file_ref idref="fl-21"/>
      </object_component>
      <object_component id="oc-12">
         <name>.text:decompress:lzss:__TI_decompress_lzss</name>
         <load_address>0x2e2c</load_address>
         <run_address>0x2e2c</run_address>
         <size>0x68</size>
         <input_file_ref idref="fl-df"/>
      </object_component>
      <object_component id="oc-3d3">
         <name>.text:frexp</name>
         <load_address>0x2e94</load_address>
         <run_address>0x2e94</run_address>
         <size>0x64</size>
         <input_file_ref idref="fl-105"/>
      </object_component>
      <object_component id="oc-368">
         <name>.text:fseek</name>
         <load_address>0x2ef8</load_address>
         <run_address>0x2ef8</run_address>
         <size>0x64</size>
         <input_file_ref idref="fl-f6"/>
      </object_component>
      <object_component id="oc-2c7">
         <name>.text:__TI_wrt_ok</name>
         <load_address>0x2f5c</load_address>
         <run_address>0x2f5c</run_address>
         <size>0x62</size>
         <input_file_ref idref="fl-f0"/>
      </object_component>
      <object_component id="oc-49b">
         <name>.text:HOSTopen</name>
         <load_address>0x2fc0</load_address>
         <run_address>0x2fc0</run_address>
         <size>0x60</size>
         <input_file_ref idref="fl-fe"/>
      </object_component>
      <object_component id="oc-4df">
         <name>.text:close</name>
         <load_address>0x3020</load_address>
         <run_address>0x3020</run_address>
         <size>0x5c</size>
         <input_file_ref idref="fl-11a"/>
      </object_component>
      <object_component id="oc-11a">
         <name>.text:GPIOIntTypeSet</name>
         <load_address>0x307c</load_address>
         <run_address>0x307c</run_address>
         <size>0x58</size>
         <input_file_ref idref="fl-1f"/>
      </object_component>
      <object_component id="oc-4a7">
         <name>.text:HOSTread</name>
         <load_address>0x30d4</load_address>
         <run_address>0x30d4</run_address>
         <size>0x58</size>
         <input_file_ref idref="fl-ff"/>
      </object_component>
      <object_component id="oc-4ad">
         <name>.text:HOSTwrite</name>
         <load_address>0x312c</load_address>
         <run_address>0x312c</run_address>
         <size>0x58</size>
         <input_file_ref idref="fl-102"/>
      </object_component>
      <object_component id="oc-31b">
         <name>.text:_pconv_f</name>
         <load_address>0x3184</load_address>
         <run_address>0x3184</run_address>
         <size>0x56</size>
         <input_file_ref idref="fl-f2"/>
      </object_component>
      <object_component id="oc-3a8">
         <name>.text:ltoa</name>
         <load_address>0x31da</load_address>
         <run_address>0x31da</run_address>
         <size>0x54</size>
         <input_file_ref idref="fl-f8"/>
      </object_component>
      <object_component id="oc-d2">
         <name>.text</name>
         <load_address>0x3230</load_address>
         <run_address>0x3230</run_address>
         <size>0x54</size>
         <input_file_ref idref="fl-9"/>
      </object_component>
      <object_component id="oc-3b8">
         <name>.text:_ecpy</name>
         <load_address>0x3284</load_address>
         <run_address>0x3284</run_address>
         <size>0x52</size>
         <input_file_ref idref="fl-f2"/>
      </object_component>
      <object_component id="oc-18c">
         <name>.text:GPIOPinConfigure</name>
         <load_address>0x32d8</load_address>
         <run_address>0x32d8</run_address>
         <size>0x4c</size>
         <input_file_ref idref="fl-1f"/>
      </object_component>
      <object_component id="oc-1a4">
         <name>.text:I2CMasterInitExpClk</name>
         <load_address>0x3324</load_address>
         <run_address>0x3324</run_address>
         <size>0x4c</size>
         <input_file_ref idref="fl-20"/>
      </object_component>
      <object_component id="oc-2d9">
         <name>.text:__TI_doflush</name>
         <load_address>0x3370</load_address>
         <run_address>0x3370</run_address>
         <size>0x4c</size>
         <input_file_ref idref="fl-e2"/>
      </object_component>
      <object_component id="oc-304">
         <name>.text:atoi</name>
         <load_address>0x33bc</load_address>
         <run_address>0x33bc</run_address>
         <size>0x4c</size>
         <input_file_ref idref="fl-f4"/>
      </object_component>
      <object_component id="oc-14c">
         <name>.text:exit</name>
         <load_address>0x3408</load_address>
         <run_address>0x3408</run_address>
         <size>0x48</size>
         <input_file_ref idref="fl-ef"/>
      </object_component>
      <object_component id="oc-3a3">
         <name>.text</name>
         <load_address>0x3450</load_address>
         <run_address>0x3450</run_address>
         <size>0x48</size>
         <input_file_ref idref="fl-10e"/>
      </object_component>
      <object_component id="oc-4a1">
         <name>.text:HOSTclose</name>
         <load_address>0x3498</load_address>
         <run_address>0x3498</run_address>
         <size>0x44</size>
         <input_file_ref idref="fl-fc"/>
      </object_component>
      <object_component id="oc-4b9">
         <name>.text:HOSTunlink</name>
         <load_address>0x34dc</load_address>
         <run_address>0x34dc</run_address>
         <size>0x44</size>
         <input_file_ref idref="fl-101"/>
      </object_component>
      <object_component id="oc-1da">
         <name>.text:_GPIOIntNumberGet</name>
         <load_address>0x3520</load_address>
         <run_address>0x3520</run_address>
         <size>0x44</size>
         <input_file_ref idref="fl-1f"/>
      </object_component>
      <object_component id="oc-152">
         <name>.text:__TI_auto_init_nobinit_nopinit:__TI_auto_init_nobinit_nopinit</name>
         <load_address>0x3564</load_address>
         <run_address>0x3564</run_address>
         <size>0x44</size>
         <input_file_ref idref="fl-ec"/>
      </object_component>
      <object_component id="oc-512">
         <name>.text:getdevice</name>
         <load_address>0x35a8</load_address>
         <run_address>0x35a8</run_address>
         <size>0x44</size>
         <input_file_ref idref="fl-115"/>
      </object_component>
      <object_component id="oc-1bc">
         <name>.text:sprintf</name>
         <load_address>0x35ec</load_address>
         <run_address>0x35ec</run_address>
         <size>0x40</size>
         <input_file_ref idref="fl-e6"/>
      </object_component>
      <object_component id="oc-3cb">
         <name>.text:_fcpy</name>
         <load_address>0x362c</load_address>
         <run_address>0x362c</run_address>
         <size>0x3e</size>
         <input_file_ref idref="fl-f2"/>
      </object_component>
      <object_component id="oc-487">
         <name>.text:minsert</name>
         <load_address>0x366c</load_address>
         <run_address>0x366c</run_address>
         <size>0x3c</size>
         <input_file_ref idref="fl-110"/>
      </object_component>
      <object_component id="oc-ea">
         <name>.text:SysCtlPeripheralReady</name>
         <load_address>0x36a8</load_address>
         <run_address>0x36a8</run_address>
         <size>0x38</size>
         <input_file_ref idref="fl-23"/>
      </object_component>
      <object_component id="oc-4ee">
         <name>.text:__TI_writemsg</name>
         <load_address>0x36e0</load_address>
         <run_address>0x36e0</run_address>
         <size>0x38</size>
         <input_file_ref idref="fl-103"/>
      </object_component>
      <object_component id="oc-59">
         <name>.text:_c_int00_noargs:_c_int00_noargs</name>
         <load_address>0x3718</load_address>
         <run_address>0x3718</run_address>
         <size>0x38</size>
         <input_file_ref idref="fl-e9"/>
      </object_component>
      <object_component id="oc-47b">
         <name>.text:minit</name>
         <load_address>0x3750</load_address>
         <run_address>0x3750</run_address>
         <size>0x38</size>
         <input_file_ref idref="fl-110"/>
      </object_component>
      <object_component id="oc-534">
         <name>.text:strncpy</name>
         <load_address>0x3788</load_address>
         <run_address>0x3788</run_address>
         <size>0x36</size>
         <input_file_ref idref="fl-118"/>
      </object_component>
      <object_component id="oc-1e0">
         <name>.text:IntRegister</name>
         <load_address>0x37c0</load_address>
         <run_address>0x37c0</run_address>
         <size>0x34</size>
         <input_file_ref idref="fl-21"/>
      </object_component>
      <object_component id="oc-f0">
         <name>.text:SysCtlPeripheralEnable</name>
         <load_address>0x37f4</load_address>
         <run_address>0x37f4</run_address>
         <size>0x34</size>
         <input_file_ref idref="fl-23"/>
      </object_component>
      <object_component id="oc-419">
         <name>.text:__TI_cleanup</name>
         <load_address>0x3828</load_address>
         <run_address>0x3828</run_address>
         <size>0x34</size>
         <input_file_ref idref="fl-111"/>
      </object_component>
      <object_component id="oc-4f4">
         <name>.text:__TI_readmsg</name>
         <load_address>0x385c</load_address>
         <run_address>0x385c</run_address>
         <size>0x34</size>
         <input_file_ref idref="fl-103"/>
      </object_component>
      <object_component id="oc-53a">
         <name>.text:finddevice</name>
         <load_address>0x3890</load_address>
         <run_address>0x3890</run_address>
         <size>0x30</size>
         <input_file_ref idref="fl-115"/>
      </object_component>
      <object_component id="oc-3ae">
         <name>.text</name>
         <load_address>0x38c0</load_address>
         <run_address>0x38c0</run_address>
         <size>0x2e</size>
         <input_file_ref idref="fl-10f"/>
      </object_component>
      <object_component id="oc-1d1">
         <name>.text:GPIODirModeSet</name>
         <load_address>0x38ee</load_address>
         <run_address>0x38ee</run_address>
         <size>0x2c</size>
         <input_file_ref idref="fl-1f"/>
      </object_component>
      <object_component id="oc-4e5">
         <name>.text:unlink</name>
         <load_address>0x391c</load_address>
         <run_address>0x391c</run_address>
         <size>0x2c</size>
         <input_file_ref idref="fl-119"/>
      </object_component>
      <object_component id="oc-405">
         <name>.text:lseek</name>
         <load_address>0x3948</load_address>
         <run_address>0x3948</run_address>
         <size>0x28</size>
         <input_file_ref idref="fl-f7"/>
      </object_component>
      <object_component id="oc-481">
         <name>.text:mremove</name>
         <load_address>0x3970</load_address>
         <run_address>0x3970</run_address>
         <size>0x28</size>
         <input_file_ref idref="fl-110"/>
      </object_component>
      <object_component id="oc-2df">
         <name>.text:write</name>
         <load_address>0x3998</load_address>
         <run_address>0x3998</run_address>
         <size>0x28</size>
         <input_file_ref idref="fl-e8"/>
      </object_component>
      <object_component id="oc-2d3">
         <name>.text:memchr</name>
         <load_address>0x39c0</load_address>
         <run_address>0x39c0</run_address>
         <size>0x20</size>
         <input_file_ref idref="fl-e5"/>
      </object_component>
      <object_component id="oc-10e">
         <name>.text:GPIOIntRegisterPin</name>
         <load_address>0x39e0</load_address>
         <run_address>0x39e0</run_address>
         <size>0x1e</size>
         <input_file_ref idref="fl-1f"/>
      </object_component>
      <object_component id="oc-186">
         <name>.text:_abort_msg</name>
         <load_address>0x3a00</load_address>
         <run_address>0x3a00</run_address>
         <size>0x1c</size>
         <input_file_ref idref="fl-e0"/>
      </object_component>
      <object_component id="oc-32d">
         <name>.text:memccpy</name>
         <load_address>0x3a1c</load_address>
         <run_address>0x3a1c</run_address>
         <size>0x1c</size>
         <input_file_ref idref="fl-f9"/>
      </object_component>
      <object_component id="oc-108">
         <name>.text:GPIOIntRegister</name>
         <load_address>0x3a38</load_address>
         <run_address>0x3a38</run_address>
         <size>0x18</size>
         <input_file_ref idref="fl-1f"/>
      </object_component>
      <object_component id="oc-f6">
         <name>.text:GPIOPinTypeGPIOOutput</name>
         <load_address>0x3a50</load_address>
         <run_address>0x3a50</run_address>
         <size>0x18</size>
         <input_file_ref idref="fl-1f"/>
      </object_component>
      <object_component id="oc-26f">
         <name>.text:_outs</name>
         <load_address>0x3a68</load_address>
         <run_address>0x3a68</run_address>
         <size>0x18</size>
         <input_file_ref idref="fl-e6"/>
      </object_component>
      <object_component id="oc-551">
         <name>.text:strcmp</name>
         <load_address>0x3a80</load_address>
         <run_address>0x3a80</run_address>
         <size>0x18</size>
         <input_file_ref idref="fl-117"/>
      </object_component>
      <object_component id="oc-114">
         <name>.text:GPIOPinTypeGPIOInput</name>
         <load_address>0x3a98</load_address>
         <run_address>0x3a98</run_address>
         <size>0x16</size>
         <input_file_ref idref="fl-1f"/>
      </object_component>
      <object_component id="oc-198">
         <name>.text:GPIOPinTypeI2C</name>
         <load_address>0x3aae</load_address>
         <run_address>0x3aae</run_address>
         <size>0x16</size>
         <input_file_ref idref="fl-1f"/>
      </object_component>
      <object_component id="oc-192">
         <name>.text:GPIOPinTypeI2CSCL</name>
         <load_address>0x3ac4</load_address>
         <run_address>0x3ac4</run_address>
         <size>0x16</size>
         <input_file_ref idref="fl-1f"/>
      </object_component>
      <object_component id="oc-3df">
         <name>.text:strchr</name>
         <load_address>0x3ada</load_address>
         <run_address>0x3ada</run_address>
         <size>0x16</size>
         <input_file_ref idref="fl-fb"/>
      </object_component>
      <object_component id="oc-45b">
         <name>.text:copysign</name>
         <load_address>0x3af0</load_address>
         <run_address>0x3af0</run_address>
         <size>0x14</size>
         <input_file_ref idref="fl-108"/>
      </object_component>
      <object_component id="oc-508">
         <name>.text:strcpy</name>
         <load_address>0x3b04</load_address>
         <run_address>0x3b04</run_address>
         <size>0x14</size>
         <input_file_ref idref="fl-113"/>
      </object_component>
      <object_component id="oc-2cd">
         <name>.text:strlen</name>
         <load_address>0x3b18</load_address>
         <run_address>0x3b18</run_address>
         <size>0x14</size>
         <input_file_ref idref="fl-e7"/>
      </object_component>
      <object_component id="oc-333">
         <name>.text:wcslen</name>
         <load_address>0x3b2c</load_address>
         <run_address>0x3b2c</run_address>
         <size>0x12</size>
         <input_file_ref idref="fl-107"/>
      </object_component>
      <object_component id="oc-120">
         <name>.text:IntMasterEnable</name>
         <load_address>0x3b3e</load_address>
         <run_address>0x3b3e</run_address>
         <size>0x10</size>
         <input_file_ref idref="fl-21"/>
      </object_component>
      <object_component id="oc-102">
         <name>.text:GPIOIntDisable</name>
         <load_address>0x3b4e</load_address>
         <run_address>0x3b4e</run_address>
         <size>0xe</size>
         <input_file_ref idref="fl-1f"/>
      </object_component>
      <object_component id="oc-18">
         <name>.text:decompress:none:__TI_decompress_none</name>
         <load_address>0x3b5c</load_address>
         <run_address>0x3b5c</run_address>
         <size>0xe</size>
         <input_file_ref idref="fl-de"/>
      </object_component>
      <object_component id="oc-1f0">
         <name>.text:CPUcpsie</name>
         <load_address>0x3b6a</load_address>
         <run_address>0x3b6a</run_address>
         <size>0xc</size>
         <input_file_ref idref="fl-24"/>
      </object_component>
      <object_component id="oc-126">
         <name>.text:GPIOIntEnable</name>
         <load_address>0x3b76</load_address>
         <run_address>0x3b76</run_address>
         <size>0xc</size>
         <input_file_ref idref="fl-1f"/>
      </object_component>
      <object_component id="oc-4d">
         <name>.text:decompress:ZI:__TI_zero_init</name>
         <load_address>0x3b82</load_address>
         <run_address>0x3b82</run_address>
         <size>0xc</size>
         <input_file_ref idref="fl-dd"/>
      </object_component>
      <object_component id="oc-27">
         <name>.text</name>
         <load_address>0x3b8e</load_address>
         <run_address>0x3b8e</run_address>
         <size>0xc</size>
         <input_file_ref idref="fl-2"/>
      </object_component>
      <object_component id="oc-245">
         <name>.text:I2CMasterEnable</name>
         <load_address>0x3b9a</load_address>
         <run_address>0x3b9a</run_address>
         <size>0xa</size>
         <input_file_ref idref="fl-20"/>
      </object_component>
      <object_component id="oc-275">
         <name>.text:_outc</name>
         <load_address>0x3ba4</load_address>
         <run_address>0x3ba4</run_address>
         <size>0xa</size>
         <input_file_ref idref="fl-e6"/>
      </object_component>
      <object_component id="oc-261">
         <name>.text:I2CMasterBusBusy</name>
         <load_address>0x3bae</load_address>
         <run_address>0x3bae</run_address>
         <size>0x8</size>
         <input_file_ref idref="fl-20"/>
      </object_component>
      <object_component id="oc-25b">
         <name>.text:I2CMasterBusy</name>
         <load_address>0x3bb6</load_address>
         <run_address>0x3bb6</run_address>
         <size>0x8</size>
         <input_file_ref idref="fl-20"/>
      </object_component>
      <object_component id="oc-1aa">
         <name>.text:I2CMasterSlaveAddrSet</name>
         <load_address>0x3bbe</load_address>
         <run_address>0x3bbe</run_address>
         <size>0x8</size>
         <input_file_ref idref="fl-20"/>
      </object_component>
      <object_component id="oc-339">
         <name>.text:__aeabi_errno_addr</name>
         <load_address>0x3bc8</load_address>
         <run_address>0x3bc8</run_address>
         <size>0x8</size>
         <input_file_ref idref="fl-104"/>
      </object_component>
      <object_component id="oc-de">
         <name>.text:GPIOIntClear</name>
         <load_address>0x3bd0</load_address>
         <run_address>0x3bd0</run_address>
         <size>0x6</size>
         <input_file_ref idref="fl-1f"/>
      </object_component>
      <object_component id="oc-fc">
         <name>.text:GPIOPinWrite</name>
         <load_address>0x3bd6</load_address>
         <run_address>0x3bd6</run_address>
         <size>0x6</size>
         <input_file_ref idref="fl-1f"/>
      </object_component>
      <object_component id="oc-1c6">
         <name>.text:SysCtlDelay</name>
         <load_address>0x3bdc</load_address>
         <run_address>0x3bdc</run_address>
         <size>0x6</size>
         <input_file_ref idref="fl-23"/>
      </object_component>
      <object_component id="oc-1b0">
         <name>.text:I2CMasterControl</name>
         <load_address>0x3be2</load_address>
         <run_address>0x3be2</run_address>
         <size>0x4</size>
         <input_file_ref idref="fl-20"/>
      </object_component>
      <object_component id="oc-255">
         <name>.text:I2CMasterDataGet</name>
         <load_address>0x3be6</load_address>
         <run_address>0x3be6</run_address>
         <size>0x4</size>
         <input_file_ref idref="fl-20"/>
      </object_component>
      <object_component id="oc-24f">
         <name>.text:I2CMasterDataPut</name>
         <load_address>0x3bea</load_address>
         <run_address>0x3bea</run_address>
         <size>0x4</size>
         <input_file_ref idref="fl-20"/>
      </object_component>
      <object_component id="oc-99">
         <name>.text:_system_pre_init</name>
         <load_address>0x3bee</load_address>
         <run_address>0x3bee</run_address>
         <size>0x4</size>
         <input_file_ref idref="fl-ed"/>
      </object_component>
      <object_component id="oc-146">
         <name>.text:abort:abort</name>
         <load_address>0x3bf2</load_address>
         <run_address>0x3bf2</run_address>
         <size>0x4</size>
         <input_file_ref idref="fl-ef"/>
      </object_component>
      <object_component id="oc-388">
         <name>.const:.string:_ctypes_</name>
         <load_address>0x3bf8</load_address>
         <run_address>0x3bf8</run_address>
         <size>0x101</size>
         <input_file_ref idref="fl-f5"/>
      </object_component>
      <object_component id="oc-132">
         <name>.const:$P$T2$3</name>
         <load_address>0x3cf9</load_address>
         <run_address>0x3cf9</run_address>
         <size>0x3</size>
         <input_file_ref idref="fl-12"/>
      </object_component>
      <object_component id="oc-296">
         <name>.const:g_ppui32GPIOIntMapSnowflake</name>
         <load_address>0x3cfc</load_address>
         <run_address>0x3cfc</run_address>
         <size>0xd8</size>
         <input_file_ref idref="fl-1f"/>
      </object_component>
      <object_component id="oc-293">
         <name>.const:g_ppui32GPIOIntMapBlizzard</name>
         <load_address>0x3dd4</load_address>
         <run_address>0x3dd4</run_address>
         <size>0xc0</size>
         <input_file_ref idref="fl-1f"/>
      </object_component>
      <object_component id="oc-23b">
         <name>.const:g_pui32GPIOBaseAddrs</name>
         <load_address>0x3e94</load_address>
         <run_address>0x3e94</run_address>
         <size>0x90</size>
         <input_file_ref idref="fl-1f"/>
      </object_component>
      <object_component id="oc-241">
         <name>.const:g_pui32Xtals</name>
         <load_address>0x3f24</load_address>
         <run_address>0x3f24</run_address>
         <size>0x6c</size>
         <input_file_ref idref="fl-23"/>
      </object_component>
      <object_component id="oc-138">
         <name>.const:$P$T4$5</name>
         <load_address>0x3f90</load_address>
         <run_address>0x3f90</run_address>
         <size>0x1c</size>
         <input_file_ref idref="fl-12"/>
      </object_component>
      <object_component id="oc-29f">
         <name>.const:g_pui32EnRegs</name>
         <load_address>0x3fac</load_address>
         <run_address>0x3fac</run_address>
         <size>0x14</size>
         <input_file_ref idref="fl-21"/>
      </object_component>
      <object_component id="oc-12f">
         <name>.const:$P$T1$2</name>
         <load_address>0x3fc0</load_address>
         <run_address>0x3fc0</run_address>
         <size>0xc</size>
         <input_file_ref idref="fl-12"/>
      </object_component>
      <object_component id="oc-135">
         <name>.const:$P$T3$4</name>
         <load_address>0x3fcc</load_address>
         <run_address>0x3fcc</run_address>
         <size>0x6</size>
         <input_file_ref idref="fl-12"/>
      </object_component>
      <object_component id="oc-12c">
         <name>.const:$P$T0$1</name>
         <load_address>0x3fd2</load_address>
         <run_address>0x3fd2</run_address>
         <size>0x2</size>
         <input_file_ref idref="fl-12"/>
      </object_component>
      <object_component id="oc-58a">
         <name>.cinit..data.load</name>
         <load_address>0x3fd8</load_address>
         <run_address>0x3fd8</run_address>
         <size>0x72</size>
      </object_component>
      <object_component id="oc-587">
         <name>__TI_handler_table</name>
         <load_address>0x404c</load_address>
         <run_address>0x404c</run_address>
         <size>0xc</size>
      </object_component>
      <object_component id="oc-58b">
         <name>.cinit..bss.load</name>
         <load_address>0x4058</load_address>
         <run_address>0x4058</run_address>
         <size>0x8</size>
      </object_component>
      <object_component id="oc-589">
         <name>.cinit..vtable.load</name>
         <load_address>0x4060</load_address>
         <run_address>0x4060</run_address>
         <size>0x8</size>
      </object_component>
      <object_component id="oc-588">
         <name>__TI_cinit_table</name>
         <load_address>0x4068</load_address>
         <run_address>0x4068</run_address>
         <size>0x18</size>
      </object_component>
      <object_component id="oc-29a">
         <name>.vtable</name>
         <uninitialized>true</uninitialized>
         <run_address>0x20000000</run_address>
         <size>0x26c</size>
         <input_file_ref idref="fl-21"/>
      </object_component>
      <object_component id="oc-236">
         <name>.data:_ftable</name>
         <load_address>0x20000a70</load_address>
         <run_address>0x20000a70</run_address>
         <size>0xf0</size>
         <input_file_ref idref="fl-e1"/>
      </object_component>
      <object_component id="oc-2e7">
         <name>.data</name>
         <load_address>0x20000c28</load_address>
         <run_address>0x20000c28</run_address>
         <size>0x10</size>
         <input_file_ref idref="fl-e1"/>
      </object_component>
      <object_component id="oc-42c">
         <name>.data:_device</name>
         <load_address>0x20000b60</load_address>
         <run_address>0x20000b60</run_address>
         <size>0x78</size>
         <input_file_ref idref="fl-e8"/>
      </object_component>
      <object_component id="oc-37b">
         <name>.data:_stream</name>
         <load_address>0x20000bd8</load_address>
         <run_address>0x20000bd8</run_address>
         <size>0x50</size>
         <input_file_ref idref="fl-e8"/>
      </object_component>
      <object_component id="oc-209">
         <name>.data:$O1$$</name>
         <load_address>0x20000c38</load_address>
         <run_address>0x20000c38</run_address>
         <size>0xc</size>
         <input_file_ref idref="fl-ef"/>
      </object_component>
      <object_component id="oc-20c">
         <name>.data:$O1$$</name>
         <load_address>0x20000c50</load_address>
         <run_address>0x20000c50</run_address>
         <size>0x8</size>
         <input_file_ref idref="fl-f1"/>
      </object_component>
      <object_component id="oc-3ef">
         <name>.data</name>
         <load_address>0x20000c58</load_address>
         <run_address>0x20000c58</run_address>
         <size>0x4</size>
         <input_file_ref idref="fl-104"/>
      </object_component>
      <object_component id="oc-48d">
         <name>.data:$O1$$</name>
         <load_address>0x20000c44</load_address>
         <run_address>0x20000c44</run_address>
         <size>0xc</size>
         <input_file_ref idref="fl-110"/>
      </object_component>
      <object_component id="oc-51c">
         <name>.bss:_CIOBUF_</name>
         <uninitialized>true</uninitialized>
         <run_address>0x20000c5c</run_address>
         <size>0x120</size>
         <input_file_ref idref="fl-103"/>
      </object_component>
      <object_component id="oc-4eb">
         <name>.common:__TI_tmpnams</name>
         <uninitialized>true</uninitialized>
         <run_address>0x20000d7c</run_address>
         <size>0xa0</size>
      </object_component>
      <object_component id="oc-4fa">
         <name>.common:parmbuf</name>
         <uninitialized>true</uninitialized>
         <run_address>0x20000e1c</run_address>
         <size>0x8</size>
      </object_component>
      <object_component id="oc-24">
         <name>.sysmem</name>
         <uninitialized>true</uninitialized>
         <run_address>0x20000e28</run_address>
         <size>0x8</size>
         <input_file_ref idref="fl-110"/>
      </object_component>
      <object_component id="oc-58d">
         <name>.sysmem</name>
         <uninitialized>true</uninitialized>
         <run_address>0x20000e28</run_address>
         <size>0x0</size>
      </object_component>
      <object_component id="oc-21">
         <name>.stack</name>
         <uninitialized>true</uninitialized>
         <run_address>0x20000270</run_address>
         <size>0x4</size>
         <input_file_ref idref="fl-e9"/>
      </object_component>
      <object_component id="oc-58c">
         <name>.stack</name>
         <uninitialized>true</uninitialized>
         <run_address>0x20000270</run_address>
         <size>0x0</size>
      </object_component>
      <object_component id="oc-2f">
         <name>.debug_info</name>
         <load_address>0x0</load_address>
         <run_address>0x0</run_address>
         <size>0x29e</size>
         <input_file_ref idref="fl-2"/>
      </object_component>
      <object_component id="oc-10">
         <name>.debug_info</name>
         <load_address>0x29e</load_address>
         <run_address>0x29e</run_address>
         <size>0xdd</size>
         <input_file_ref idref="fl-2"/>
      </object_component>
      <object_component id="oc-28">
         <name>.debug_info</name>
         <load_address>0x37b</load_address>
         <run_address>0x37b</run_address>
         <size>0x259</size>
         <input_file_ref idref="fl-2"/>
      </object_component>
      <object_component id="oc-74">
         <name>.debug_info</name>
         <load_address>0x5d4</load_address>
         <run_address>0x5d4</run_address>
         <size>0x26b</size>
         <input_file_ref idref="fl-2"/>
      </object_component>
      <object_component id="oc-36">
         <name>.debug_info</name>
         <load_address>0x83f</load_address>
         <run_address>0x83f</run_address>
         <size>0x84</size>
         <input_file_ref idref="fl-2"/>
      </object_component>
      <object_component id="oc-bd">
         <name>.debug_info</name>
         <load_address>0x8c3</load_address>
         <run_address>0x8c3</run_address>
         <size>0x297</size>
         <input_file_ref idref="fl-2"/>
      </object_component>
      <object_component id="oc-28c">
         <name>.debug_info</name>
         <load_address>0xb5a</load_address>
         <run_address>0xb5a</run_address>
         <size>0xef</size>
         <input_file_ref idref="fl-2"/>
      </object_component>
      <object_component id="oc-79">
         <name>.debug_info</name>
         <load_address>0xc49</load_address>
         <run_address>0xc49</run_address>
         <size>0xbb</size>
         <input_file_ref idref="fl-2"/>
      </object_component>
      <object_component id="oc-13c">
         <name>.debug_info</name>
         <load_address>0xd04</load_address>
         <run_address>0xd04</run_address>
         <size>0x8b</size>
         <input_file_ref idref="fl-6"/>
      </object_component>
      <object_component id="oc-c9">
         <name>.debug_info</name>
         <load_address>0xd8f</load_address>
         <run_address>0xd8f</run_address>
         <size>0x2c</size>
         <input_file_ref idref="fl-6"/>
      </object_component>
      <object_component id="oc-27d">
         <name>.debug_info</name>
         <load_address>0xdbb</load_address>
         <run_address>0xdbb</run_address>
         <size>0x2c</size>
         <input_file_ref idref="fl-7"/>
      </object_component>
      <object_component id="oc-185">
         <name>.debug_info</name>
         <load_address>0xde7</load_address>
         <run_address>0xde7</run_address>
         <size>0x262</size>
         <input_file_ref idref="fl-9"/>
      </object_component>
      <object_component id="oc-d3">
         <name>.debug_info</name>
         <load_address>0x1049</load_address>
         <run_address>0x1049</run_address>
         <size>0x219</size>
         <input_file_ref idref="fl-9"/>
      </object_component>
      <object_component id="oc-1fa">
         <name>.debug_info</name>
         <load_address>0x1262</load_address>
         <run_address>0x1262</run_address>
         <size>0x621</size>
         <input_file_ref idref="fl-12"/>
      </object_component>
      <object_component id="oc-12d">
         <name>.debug_info</name>
         <load_address>0x1883</load_address>
         <run_address>0x1883</run_address>
         <size>0xc2</size>
         <input_file_ref idref="fl-12"/>
      </object_component>
      <object_component id="oc-130">
         <name>.debug_info</name>
         <load_address>0x1945</load_address>
         <run_address>0x1945</run_address>
         <size>0xc2</size>
         <input_file_ref idref="fl-12"/>
      </object_component>
      <object_component id="oc-133">
         <name>.debug_info</name>
         <load_address>0x1a07</load_address>
         <run_address>0x1a07</run_address>
         <size>0xc2</size>
         <input_file_ref idref="fl-12"/>
      </object_component>
      <object_component id="oc-136">
         <name>.debug_info</name>
         <load_address>0x1ac9</load_address>
         <run_address>0x1ac9</run_address>
         <size>0xc2</size>
         <input_file_ref idref="fl-12"/>
      </object_component>
      <object_component id="oc-139">
         <name>.debug_info</name>
         <load_address>0x1b8b</load_address>
         <run_address>0x1b8b</run_address>
         <size>0xc2</size>
         <input_file_ref idref="fl-12"/>
      </object_component>
      <object_component id="oc-a0">
         <name>.debug_info</name>
         <load_address>0x1c4d</load_address>
         <run_address>0x1c4d</run_address>
         <size>0x49c</size>
         <input_file_ref idref="fl-12"/>
      </object_component>
      <object_component id="oc-203">
         <name>.debug_info</name>
         <load_address>0x20e9</load_address>
         <run_address>0x20e9</run_address>
         <size>0x209</size>
         <input_file_ref idref="fl-12"/>
      </object_component>
      <object_component id="oc-141">
         <name>.debug_info</name>
         <load_address>0x22f2</load_address>
         <run_address>0x22f2</run_address>
         <size>0x390</size>
         <input_file_ref idref="fl-12"/>
      </object_component>
      <object_component id="oc-1c3">
         <name>.debug_info</name>
         <load_address>0x2682</load_address>
         <run_address>0x2682</run_address>
         <size>0x64f</size>
         <input_file_ref idref="fl-13"/>
      </object_component>
      <object_component id="oc-d9">
         <name>.debug_info</name>
         <load_address>0x2cd1</load_address>
         <run_address>0x2cd1</run_address>
         <size>0x907</size>
         <input_file_ref idref="fl-13"/>
      </object_component>
      <object_component id="oc-268">
         <name>.debug_info</name>
         <load_address>0x35d8</load_address>
         <run_address>0x35d8</run_address>
         <size>0x3c0</size>
         <input_file_ref idref="fl-14"/>
      </object_component>
      <object_component id="oc-1b7">
         <name>.debug_info</name>
         <load_address>0x3998</load_address>
         <run_address>0x3998</run_address>
         <size>0x7bc</size>
         <input_file_ref idref="fl-14"/>
      </object_component>
      <object_component id="oc-1c5">
         <name>.debug_info</name>
         <load_address>0x4154</load_address>
         <run_address>0x4154</run_address>
         <size>0x366</size>
         <input_file_ref idref="fl-1f"/>
      </object_component>
      <object_component id="oc-294">
         <name>.debug_info</name>
         <load_address>0x44ba</load_address>
         <run_address>0x44ba</run_address>
         <size>0xf2</size>
         <input_file_ref idref="fl-1f"/>
      </object_component>
      <object_component id="oc-297">
         <name>.debug_info</name>
         <load_address>0x45ac</load_address>
         <run_address>0x45ac</run_address>
         <size>0xf4</size>
         <input_file_ref idref="fl-1f"/>
      </object_component>
      <object_component id="oc-23c">
         <name>.debug_info</name>
         <load_address>0x46a0</load_address>
         <run_address>0x46a0</run_address>
         <size>0xe6</size>
         <input_file_ref idref="fl-1f"/>
      </object_component>
      <object_component id="oc-fe">
         <name>.debug_info</name>
         <load_address>0x4786</load_address>
         <run_address>0x4786</run_address>
         <size>0x1b4</size>
         <input_file_ref idref="fl-1f"/>
      </object_component>
      <object_component id="oc-1d3">
         <name>.debug_info</name>
         <load_address>0x493a</load_address>
         <run_address>0x493a</run_address>
         <size>0x1c4</size>
         <input_file_ref idref="fl-1f"/>
      </object_component>
      <object_component id="oc-1cd">
         <name>.debug_info</name>
         <load_address>0x4afe</load_address>
         <run_address>0x4afe</run_address>
         <size>0x227</size>
         <input_file_ref idref="fl-1f"/>
      </object_component>
      <object_component id="oc-193">
         <name>.debug_info</name>
         <load_address>0x4d25</load_address>
         <run_address>0x4d25</run_address>
         <size>0x1a7</size>
         <input_file_ref idref="fl-1f"/>
      </object_component>
      <object_component id="oc-199">
         <name>.debug_info</name>
         <load_address>0x4ecc</load_address>
         <run_address>0x4ecc</run_address>
         <size>0x1a1</size>
         <input_file_ref idref="fl-1f"/>
      </object_component>
      <object_component id="oc-f7">
         <name>.debug_info</name>
         <load_address>0x506d</load_address>
         <run_address>0x506d</run_address>
         <size>0x1c8</size>
         <input_file_ref idref="fl-1f"/>
      </object_component>
      <object_component id="oc-116">
         <name>.debug_info</name>
         <load_address>0x5235</load_address>
         <run_address>0x5235</run_address>
         <size>0x1ad</size>
         <input_file_ref idref="fl-1f"/>
      </object_component>
      <object_component id="oc-18e">
         <name>.debug_info</name>
         <load_address>0x53e2</load_address>
         <run_address>0x53e2</run_address>
         <size>0x191</size>
         <input_file_ref idref="fl-1f"/>
      </object_component>
      <object_component id="oc-1dc">
         <name>.debug_info</name>
         <load_address>0x5573</load_address>
         <run_address>0x5573</run_address>
         <size>0x1a9</size>
         <input_file_ref idref="fl-1f"/>
      </object_component>
      <object_component id="oc-11b">
         <name>.debug_info</name>
         <load_address>0x571c</load_address>
         <run_address>0x571c</run_address>
         <size>0x1cc</size>
         <input_file_ref idref="fl-1f"/>
      </object_component>
      <object_component id="oc-10f">
         <name>.debug_info</name>
         <load_address>0x58e8</load_address>
         <run_address>0x58e8</run_address>
         <size>0x214</size>
         <input_file_ref idref="fl-1f"/>
      </object_component>
      <object_component id="oc-109">
         <name>.debug_info</name>
         <load_address>0x5afc</load_address>
         <run_address>0x5afc</run_address>
         <size>0x1e0</size>
         <input_file_ref idref="fl-1f"/>
      </object_component>
      <object_component id="oc-127">
         <name>.debug_info</name>
         <load_address>0x5cdc</load_address>
         <run_address>0x5cdc</run_address>
         <size>0x1a0</size>
         <input_file_ref idref="fl-1f"/>
      </object_component>
      <object_component id="oc-103">
         <name>.debug_info</name>
         <load_address>0x5e7c</load_address>
         <run_address>0x5e7c</run_address>
         <size>0x1a2</size>
         <input_file_ref idref="fl-1f"/>
      </object_component>
      <object_component id="oc-df">
         <name>.debug_info</name>
         <load_address>0x601e</load_address>
         <run_address>0x601e</run_address>
         <size>0x19e</size>
         <input_file_ref idref="fl-1f"/>
      </object_component>
      <object_component id="oc-24c">
         <name>.debug_info</name>
         <load_address>0x61bc</load_address>
         <run_address>0x61bc</run_address>
         <size>0x357</size>
         <input_file_ref idref="fl-20"/>
      </object_component>
      <object_component id="oc-1ab">
         <name>.debug_info</name>
         <load_address>0x6513</load_address>
         <run_address>0x6513</run_address>
         <size>0x1df</size>
         <input_file_ref idref="fl-20"/>
      </object_component>
      <object_component id="oc-246">
         <name>.debug_info</name>
         <load_address>0x66f2</load_address>
         <run_address>0x66f2</run_address>
         <size>0x15f</size>
         <input_file_ref idref="fl-20"/>
      </object_component>
      <object_component id="oc-1a5">
         <name>.debug_info</name>
         <load_address>0x6851</load_address>
         <run_address>0x6851</run_address>
         <size>0x1f9</size>
         <input_file_ref idref="fl-20"/>
      </object_component>
      <object_component id="oc-250">
         <name>.debug_info</name>
         <load_address>0x6a4a</load_address>
         <run_address>0x6a4a</run_address>
         <size>0x18f</size>
         <input_file_ref idref="fl-20"/>
      </object_component>
      <object_component id="oc-256">
         <name>.debug_info</name>
         <load_address>0x6bd9</load_address>
         <run_address>0x6bd9</run_address>
         <size>0x165</size>
         <input_file_ref idref="fl-20"/>
      </object_component>
      <object_component id="oc-1b1">
         <name>.debug_info</name>
         <load_address>0x6d3e</load_address>
         <run_address>0x6d3e</run_address>
         <size>0x18f</size>
         <input_file_ref idref="fl-20"/>
      </object_component>
      <object_component id="oc-25c">
         <name>.debug_info</name>
         <load_address>0x6ecd</load_address>
         <run_address>0x6ecd</run_address>
         <size>0x15f</size>
         <input_file_ref idref="fl-20"/>
      </object_component>
      <object_component id="oc-262">
         <name>.debug_info</name>
         <load_address>0x702c</load_address>
         <run_address>0x702c</run_address>
         <size>0x165</size>
         <input_file_ref idref="fl-20"/>
      </object_component>
      <object_component id="oc-29e">
         <name>.debug_info</name>
         <load_address>0x7191</load_address>
         <run_address>0x7191</run_address>
         <size>0x339</size>
         <input_file_ref idref="fl-21"/>
      </object_component>
      <object_component id="oc-2a0">
         <name>.debug_info</name>
         <load_address>0x74ca</load_address>
         <run_address>0x74ca</run_address>
         <size>0xdd</size>
         <input_file_ref idref="fl-21"/>
      </object_component>
      <object_component id="oc-29b">
         <name>.debug_info</name>
         <load_address>0x75a7</load_address>
         <run_address>0x75a7</run_address>
         <size>0xe2</size>
         <input_file_ref idref="fl-21"/>
      </object_component>
      <object_component id="oc-1e1">
         <name>.debug_info</name>
         <load_address>0x7689</load_address>
         <run_address>0x7689</run_address>
         <size>0x1d2</size>
         <input_file_ref idref="fl-21"/>
      </object_component>
      <object_component id="oc-121">
         <name>.debug_info</name>
         <load_address>0x785b</load_address>
         <run_address>0x785b</run_address>
         <size>0x14f</size>
         <input_file_ref idref="fl-21"/>
      </object_component>
      <object_component id="oc-1e7">
         <name>.debug_info</name>
         <load_address>0x79aa</load_address>
         <run_address>0x79aa</run_address>
         <size>0x179</size>
         <input_file_ref idref="fl-21"/>
      </object_component>
      <object_component id="oc-1c8">
         <name>.debug_info</name>
         <load_address>0x7b23</load_address>
         <run_address>0x7b23</run_address>
         <size>0x3c3</size>
         <input_file_ref idref="fl-23"/>
      </object_component>
      <object_component id="oc-242">
         <name>.debug_info</name>
         <load_address>0x7ee6</load_address>
         <run_address>0x7ee6</run_address>
         <size>0xd8</size>
         <input_file_ref idref="fl-23"/>
      </object_component>
      <object_component id="oc-eb">
         <name>.debug_info</name>
         <load_address>0x7fbe</load_address>
         <run_address>0x7fbe</run_address>
         <size>0x190</size>
         <input_file_ref idref="fl-23"/>
      </object_component>
      <object_component id="oc-f1">
         <name>.debug_info</name>
         <load_address>0x814e</load_address>
         <run_address>0x814e</run_address>
         <size>0x18e</size>
         <input_file_ref idref="fl-23"/>
      </object_component>
      <object_component id="oc-e5">
         <name>.debug_info</name>
         <load_address>0x82dc</load_address>
         <run_address>0x82dc</run_address>
         <size>0x1ec</size>
         <input_file_ref idref="fl-23"/>
      </object_component>
      <object_component id="oc-19f">
         <name>.debug_info</name>
         <load_address>0x84c8</load_address>
         <run_address>0x84c8</run_address>
         <size>0x1c6</size>
         <input_file_ref idref="fl-23"/>
      </object_component>
      <object_component id="oc-288">
         <name>.debug_info</name>
         <load_address>0x868e</load_address>
         <run_address>0x868e</run_address>
         <size>0x51</size>
         <input_file_ref idref="fl-23"/>
      </object_component>
      <object_component id="oc-1f1">
         <name>.debug_info</name>
         <load_address>0x86df</load_address>
         <run_address>0x86df</run_address>
         <size>0x123</size>
         <input_file_ref idref="fl-24"/>
      </object_component>
      <object_component id="oc-94">
         <name>.debug_info</name>
         <load_address>0x8802</load_address>
         <run_address>0x8802</run_address>
         <size>0x13f</size>
         <input_file_ref idref="fl-da"/>
      </object_component>
      <object_component id="oc-92">
         <name>.debug_info</name>
         <load_address>0x8941</load_address>
         <run_address>0x8941</run_address>
         <size>0x313</size>
         <input_file_ref idref="fl-dd"/>
      </object_component>
      <object_component id="oc-4e">
         <name>.debug_info</name>
         <load_address>0x8c54</load_address>
         <run_address>0x8c54</run_address>
         <size>0x1aa</size>
         <input_file_ref idref="fl-dd"/>
      </object_component>
      <object_component id="oc-8d">
         <name>.debug_info</name>
         <load_address>0x8dfe</load_address>
         <run_address>0x8dfe</run_address>
         <size>0x46</size>
         <input_file_ref idref="fl-dd"/>
      </object_component>
      <object_component id="oc-46">
         <name>.debug_info</name>
         <load_address>0x8e44</load_address>
         <run_address>0x8e44</run_address>
         <size>0x29d</size>
         <input_file_ref idref="fl-de"/>
      </object_component>
      <object_component id="oc-19">
         <name>.debug_info</name>
         <load_address>0x90e1</load_address>
         <run_address>0x90e1</run_address>
         <size>0x1df</size>
         <input_file_ref idref="fl-de"/>
      </object_component>
      <object_component id="oc-41">
         <name>.debug_info</name>
         <load_address>0x92c0</load_address>
         <run_address>0x92c0</run_address>
         <size>0x46</size>
         <input_file_ref idref="fl-de"/>
      </object_component>
      <object_component id="oc-85">
         <name>.debug_info</name>
         <load_address>0x9306</load_address>
         <run_address>0x9306</run_address>
         <size>0x2c</size>
         <input_file_ref idref="fl-de"/>
      </object_component>
      <object_component id="oc-83">
         <name>.debug_info</name>
         <load_address>0x9332</load_address>
         <run_address>0x9332</run_address>
         <size>0x293</size>
         <input_file_ref idref="fl-df"/>
      </object_component>
      <object_component id="oc-13">
         <name>.debug_info</name>
         <load_address>0x95c5</load_address>
         <run_address>0x95c5</run_address>
         <size>0x245</size>
         <input_file_ref idref="fl-df"/>
      </object_component>
      <object_component id="oc-31">
         <name>.debug_info</name>
         <load_address>0x980a</load_address>
         <run_address>0x980a</run_address>
         <size>0x60</size>
         <input_file_ref idref="fl-df"/>
      </object_component>
      <object_component id="oc-c2">
         <name>.debug_info</name>
         <load_address>0x986a</load_address>
         <run_address>0x986a</run_address>
         <size>0x46</size>
         <input_file_ref idref="fl-df"/>
      </object_component>
      <object_component id="oc-7e">
         <name>.debug_info</name>
         <load_address>0x98b0</load_address>
         <run_address>0x98b0</run_address>
         <size>0x39</size>
         <input_file_ref idref="fl-df"/>
      </object_component>
[...]
      </symbol>
      <symbol id="sm-203">
         <name>GPIOIntClear</name>
         <value>0x3bd1</value>
         <object_component_ref idref="oc-de"/>
      </symbol>
      <symbol id="sm-204">
         <name>GPIOIntRegisterPin</name>
         <value>0x39e1</value>
         <object_component_ref idref="oc-10e"/>
      </symbol>
      <symbol id="sm-205">
         <name>GPIOPinTypeGPIOOutput</name>
         <value>0x3a51</value>
         <object_component_ref idref="oc-f6"/>
      </symbol>
      <symbol id="sm-206">
         <name>GPIODirModeSet</name>
         <value>0x38ef</value>
         <object_component_ref idref="oc-1d1"/>
      </symbol>
      <symbol id="sm-207">
         <name>GPIOPinWrite</name>
         <value>0x3bd7</value>
         <object_component_ref idref="oc-fc"/>
      </symbol>
      <symbol id="sm-208">
         <name>GPIOPadConfigSet</name>
         <value>0x1e7f</value>
         <object_component_ref idref="oc-1cb"/>
      </symbol>
      <symbol id="sm-252">
         <name>I2CMasterBusBusy</name>
         <value>0x3baf</value>
         <object_component_ref idref="oc-261"/>
      </symbol>
      <symbol id="sm-253">
         <name>I2CMasterDataPut</name>
         <value>0x3beb</value>
         <object_component_ref idref="oc-24f"/>
      </symbol>
      <symbol id="sm-254">
         <name>I2CMasterInitExpClk</name>
         <value>0x3325</value>
         <object_component_ref idref="oc-1a4"/>
      </symbol>
      <symbol id="sm-255">
         <name>I2CMasterSlaveAddrSet</name>
         <value>0x3bbf</value>
         <object_component_ref idref="oc-1aa"/>
      </symbol>
      <symbol id="sm-256">
         <name>I2CMasterDataGet</name>
         <value>0x3be7</value>
         <object_component_ref idref="oc-255"/>
      </symbol>
      <symbol id="sm-257">
         <name>I2CMasterControl</name>
         <value>0x3be3</value>
         <object_component_ref idref="oc-1b0"/>
      </symbol>
      <symbol id="sm-258">
         <name>I2CMasterBusy</name>
         <value>0x3bb7</value>
         <object_component_ref idref="oc-25b"/>
      </symbol>
      <symbol id="sm-259">
         <name>I2CMasterEnable</name>
         <value>0x3b9b</value>
         <object_component_ref idref="oc-245"/>
      </symbol>
      <symbol id="sm-293">
         <name>IntEnable</name>
         <value>0x2dc5</value>
         <object_component_ref idref="oc-1e6"/>
      </symbol>
      <symbol id="sm-294">
         <name>IntRegister</name>
         <value>0x37c1</value>
         <object_component_ref idref="oc-1e0"/>
      </symbol>
      <symbol id="sm-295">
         <name>g_pfnRAMVectors</name>
         <value>0x20000000</value>
         <object_component_ref idref="oc-29a"/>
      </symbol>
      <symbol id="sm-296">
         <name>IntMasterEnable</name>
         <value>0x3b3f</value>
         <object_component_ref idref="oc-120"/>
      </symbol>
      <symbol id="sm-2f5">
         <name>SysCtlClockSet</name>
         <value>0x2509</value>
         <object_component_ref idref="oc-e4"/>
      </symbol>
      <symbol id="sm-2f6">
         <name>SysCtlDelay</name>
         <value>0x3bdd</value>
         <object_component_ref idref="oc-1c6"/>
      </symbol>
      <symbol id="sm-2f7">
         <name>SysCtlPeripheralEnable</name>
         <value>0x37f5</value>
         <object_component_ref idref="oc-f0"/>
      </symbol>
      <symbol id="sm-2f8">
         <name>SysCtlClockGet</name>
         <value>0x20d1</value>
         <object_component_ref idref="oc-19e"/>
      </symbol>
      <symbol id="sm-2f9">
         <name>SysCtlPeripheralReady</name>
         <value>0x36a9</value>
         <object_component_ref idref="oc-ea"/>
      </symbol>
      <symbol id="sm-303">
         <name>CPUcpsie</name>
         <value>0x3b6b</value>
         <object_component_ref idref="oc-1f0"/>
      </symbol>
      <symbol id="sm-312">
         <name>__aeabi_memset</name>
         <value>0x2b1f</value>
         <object_component_ref idref="oc-93"/>
      </symbol>
      <symbol id="sm-313">
         <name>memset</name>
         <value>0x2b25</value>
         <object_component_ref idref="oc-93"/>
      </symbol>
      <symbol id="sm-314">
         <name>__aeabi_memset8</name>
         <value>0x2b1f</value>
         <object_component_ref idref="oc-93"/>
      </symbol>
      <symbol id="sm-315">
         <name>__aeabi_memset4</name>
         <value>0x2b1f</value>
         <object_component_ref idref="oc-93"/>
      </symbol>
      <symbol id="sm-316">
         <name>__aeabi_memclr8</name>
         <value>0x2b1d</value>
         <object_component_ref idref="oc-93"/>
      </symbol>
      <symbol id="sm-317">
         <name>__aeabi_memclr4</name>
         <value>0x2b1d</value>
         <object_component_ref idref="oc-93"/>
      </symbol>
      <symbol id="sm-318">
         <name>__aeabi_memclr</name>
         <value>0x2b1d</value>
         <object_component_ref idref="oc-93"/>
      </symbol>
      <symbol id="sm-32c">
         <name>__TI_zero_init</name>
         <value>0x3b83</value>
         <object_component_ref idref="oc-4d"/>
      </symbol>
      <symbol id="sm-343">
         <name>__TI_decompress_none</name>
         <value>0x3b5d</value>
         <object_component_ref idref="oc-18"/>
      </symbol>
      <symbol id="sm-366">
         <name>__TI_decompress_lzss</name>
         <value>0x2e2d</value>
         <object_component_ref idref="oc-12"/>
      </symbol>
      <symbol id="sm-37a">
         <name>_abort_msg</name>
         <value>0x3a01</value>
         <object_component_ref idref="oc-186"/>
      </symbol>
      <symbol id="sm-38f">
         <name>__TI_tmpnams</name>
         <value>0x20000d7c</value>
      </symbol>
      <symbol id="sm-390">
         <name>__aeabi_stdout</name>
         <value>0x20000c30</value>
         <object_component_ref idref="oc-2e7"/>
      </symbol>
      <symbol id="sm-391">
         <name>__aeabi_stderr</name>
         <value>0x20000c34</value>
         <object_component_ref idref="oc-2e7"/>
      </symbol>
      <symbol id="sm-392">
         <name>__aeabi_stdin</name>
         <value>0x20000c2c</value>
         <object_component_ref idref="oc-2e7"/>
      </symbol>
      <symbol id="sm-393">
         <name>_ftable</name>
         <value>0x20000a70</value>
         <object_component_ref idref="oc-236"/>
      </symbol>
      <symbol id="sm-394">
         <name>__TI_ft_end</name>
         <value>0x20000c28</value>
         <object_component_ref idref="oc-2e7"/>
      </symbol>
      <symbol id="sm-3b5">
         <name>__TI_doflush</name>
         <value>0x3371</value>
         <object_component_ref idref="oc-2d9"/>
      </symbol>
      <symbol id="sm-3b6">
         <name>fflush</name>
         <value>0x2aa1</value>
         <object_component_ref idref="oc-230"/>
      </symbol>
      <symbol id="sm-3d4">
         <name>fputs</name>
         <value>0x21e9</value>
         <object_component_ref idref="oc-22a"/>
      </symbol>
      <symbol id="sm-3e5">
         <name>memchr</name>
         <value>0x39c1</value>
         <object_component_ref idref="oc-2d3"/>
      </symbol>
      <symbol id="sm-40c">
         <name>sprintf</name>
         <value>0x35ed</value>
         <object_component_ref idref="oc-1bc"/>
      </symbol>
      <symbol id="sm-41a">
         <name>strlen</name>
         <value>0x3b19</value>
         <object_component_ref idref="oc-2cd"/>
      </symbol>
      <symbol id="sm-440">
         <name>_stream</name>
         <value>0x20000bd8</value>
         <object_component_ref idref="oc-37b"/>
      </symbol>
      <symbol id="sm-441">
         <name>_device</name>
         <value>0x20000b60</value>
         <object_component_ref idref="oc-42c"/>
      </symbol>
      <symbol id="sm-442">
         <name>write</name>
         <value>0x3999</value>
         <object_component_ref idref="oc-2df"/>
      </symbol>
      <symbol id="sm-455">
         <name>__stack</name>
         <value>0x20000270</value>
         <object_component_ref idref="oc-21"/>
      </symbol>
      <symbol id="sm-456">
         <name>_c_int00_noargs</name>
         <value>0x3719</value>
         <object_component_ref idref="oc-59"/>
      </symbol>
      <symbol id="sm-460">
         <name>__aeabi_idiv0</name>
         <value>0x1247</value>
         <object_component_ref idref="oc-442"/>
      </symbol>
      <symbol id="sm-461">
         <name>__aeabi_ldiv0</name>
         <value>0x1247</value>
         <object_component_ref idref="oc-442"/>
      </symbol>
      <symbol id="sm-47c">
         <name>memcpy</name>
         <value>0x2863</value>
         <object_component_ref idref="oc-3b"/>
      </symbol>
      <symbol id="sm-47d">
         <name>__aeabi_memcpy</name>
         <value>0x2863</value>
         <object_component_ref idref="oc-3b"/>
      </symbol>
      <symbol id="sm-47e">
         <name>__aeabi_memcpy8</name>
         <value>0x2863</value>
         <object_component_ref idref="oc-3b"/>
      </symbol>
      <symbol id="sm-47f">
         <name>__aeabi_memcpy4</name>
         <value>0x2863</value>
         <object_component_ref idref="oc-3b"/>
      </symbol>
      <symbol id="sm-4a7">
         <name>__TI_auto_init_nobinit_nopinit</name>
         <value>0x3565</value>
         <object_component_ref idref="oc-152"/>
      </symbol>
      <symbol id="sm-4b1">
         <name>_system_pre_init</name>
         <value>0x3bef</value>
         <object_component_ref idref="oc-99"/>
      </symbol>
      <symbol id="sm-4d8">
         <name>C$$EXIT</name>
         <value>0x3bf3</value>
         <object_component_ref idref="oc-146"/>
      </symbol>
      <symbol id="sm-4d9">
         <name>abort</name>
         <value>0x3bf3</value>
         <object_component_ref idref="oc-146"/>
      </symbol>
      <symbol id="sm-4da">
         <name>__TI_dtors_ptr</name>
         <value>0x20000c3c</value>
         <object_component_ref idref="oc-209"/>
      </symbol>
      <symbol id="sm-4db">
         <name>__TI_cleanup_ptr</name>
         <value>0x20000c38</value>
         <object_component_ref idref="oc-209"/>
      </symbol>
      <symbol id="sm-4dc">
         <name>__TI_enable_exit_profile_output</name>
         <value>0x20000c40</value>
         <object_component_ref idref="oc-209"/>
      </symbol>
      <symbol id="sm-4dd">
         <name>exit</name>
         <value>0x3409</value>
         <object_component_ref idref="oc-14c"/>
      </symbol>
      <symbol id="sm-4f5">
         <name>__TI_wrt_ok</name>
         <value>0x2f5d</value>
         <object_component_ref idref="oc-2c7"/>
      </symbol>
      <symbol id="sm-50a">
         <name>_nop</name>
         <value>0xccb</value>
         <object_component_ref idref="oc-2a8"/>
      </symbol>
      <symbol id="sm-50b">
         <name>_lock</name>
         <value>0x20000c50</value>
         <object_component_ref idref="oc-20c"/>
      </symbol>
      <symbol id="sm-50c">
         <name>_unlock</name>
         <value>0x20000c54</value>
         <object_component_ref idref="oc-20c"/>
      </symbol>
      <symbol id="sm-671">
         <name>__TI_printfi</name>
         <value>0x26d</value>
         <object_component_ref idref="oc-269"/>
      </symbol>
      <symbol id="sm-688">
         <name>atoi</name>
         <value>0x33bd</value>
         <object_component_ref idref="oc-304"/>
      </symbol>
      <symbol id="sm-693">
         <name>_ctypes_</name>
         <value>0x3bf8</value>
         <object_component_ref idref="oc-388"/>
      </symbol>
      <symbol id="sm-6a5">
         <name>fseek</name>
         <value>0x2ef9</value>
         <object_component_ref idref="oc-368"/>
      </symbol>
      <symbol id="sm-6b5">
         <name>lseek</name>
         <value>0x3949</value>
         <object_component_ref idref="oc-405"/>
      </symbol>
      <symbol id="sm-6c4">
         <name>ltoa</name>
         <value>0x31db</value>
         <object_component_ref idref="oc-3a8"/>
      </symbol>
      <symbol id="sm-6d4">
         <name>memccpy</name>
         <value>0x3a1d</value>
         <object_component_ref idref="oc-32d"/>
      </symbol>
      <symbol id="sm-6f0">
         <name>setvbuf</name>
         <value>0x25fd</value>
         <object_component_ref idref="oc-36e"/>
      </symbol>
      <symbol id="sm-700">
         <name>strchr</name>
         <value>0x3adb</value>
         <object_component_ref idref="oc-3df"/>
      </symbol>
      <symbol id="sm-711">
         <name>HOSTclose</name>
         <value>0x3499</value>
         <object_component_ref idref="oc-4a1"/>
      </symbol>
      <symbol id="sm-722">
         <name>HOSTlseek</name>
         <value>0x2cf5</value>
         <object_component_ref idref="oc-4b3"/>
      </symbol>
      <symbol id="sm-734">
         <name>parmbuf</name>
         <value>0x20000e1c</value>
      </symbol>
      <symbol id="sm-735">
         <name>HOSTopen</name>
         <value>0x2fc1</value>
         <object_component_ref idref="oc-49b"/>
      </symbol>
      <symbol id="sm-746">
         <name>HOSTread</name>
         <value>0x30d5</value>
         <object_component_ref idref="oc-4a7"/>
      </symbol>
      <symbol id="sm-757">
         <name>HOSTrename</name>
         <value>0x2d5d</value>
         <object_component_ref idref="oc-4bf"/>
      </symbol>
      <symbol id="sm-768">
         <name>HOSTunlink</name>
         <value>0x34dd</value>
         <object_component_ref idref="oc-4b9"/>
      </symbol>
      <symbol id="sm-779">
         <name>HOSTwrite</name>
         <value>0x312d</value>
         <object_component_ref idref="oc-4ad"/>
      </symbol>
      <symbol id="sm-79d">
         <name>__TI_readmsg</name>
         <value>0x385d</value>
         <object_component_ref idref="oc-4f4"/>
      </symbol>
      <symbol id="sm-79e">
         <name>C$$IO$$</name>
         <value>0x370f</value>
         <object_component_ref idref="oc-4ee"/>
      </symbol>
      <symbol id="sm-79f">
         <name>__CIOBUF_</name>
         <value>0x20000c5c</value>
         <object_component_ref idref="oc-51c"/>
      </symbol>
      <symbol id="sm-7a0">
         <name>__TI_writemsg</name>
         <value>0x36e1</value>
         <object_component_ref idref="oc-4ee"/>
      </symbol>
      <symbol id="sm-7b6">
         <name>__aeabi_errno_addr</name>
         <value>0x3bc9</value>
         <object_component_ref idref="oc-339"/>
      </symbol>
      <symbol id="sm-7b7">
         <name>errno</name>
         <value>0x20000c58</value>
         <object_component_ref idref="oc-3ef"/>
      </symbol>
      <symbol id="sm-7d7">
         <name>frexpl</name>
         <value>0x2e95</value>
         <object_component_ref idref="oc-3d3"/>
      </symbol>
      <symbol id="sm-7d8">
         <name>frexp</name>
         <value>0x2e95</value>
         <object_component_ref idref="oc-3d3"/>
      </symbol>
      <symbol id="sm-7f5">
         <name>scalbn</name>
         <value>0x22fd</value>
         <object_component_ref idref="oc-3d9"/>
      </symbol>
      <symbol id="sm-7f6">
         <name>scalbnl</name>
         <value>0x22fd</value>
         <object_component_ref idref="oc-3d9"/>
      </symbol>
      <symbol id="sm-7f7">
         <name>ldexpl</name>
         <value>0x22fd</value>
         <object_component_ref idref="oc-3d9"/>
      </symbol>
      <symbol id="sm-7f8">
         <name>ldexp</name>
         <value>0x22fd</value>
         <object_component_ref idref="oc-3d9"/>
      </symbol>
      <symbol id="sm-811">
         <name>wcslen</name>
         <value>0x3b2d</value>
         <object_component_ref idref="oc-333"/>
      </symbol>
      <symbol id="sm-81b">
         <name>copysign</name>
         <value>0x3af1</value>
         <object_component_ref idref="oc-45b"/>
      </symbol>
      <symbol id="sm-81c">
         <name>copysignl</name>
         <value>0x3af1</value>
         <object_component_ref idref="oc-45b"/>
      </symbol>
      <symbol id="sm-829">
         <name>__aeabi_uldivmod</name>
         <value>0x28ff</value>
         <object_component_ref idref="oc-38d"/>
      </symbol>
      <symbol id="sm-840">
         <name>__aeabi_dsub</name>
         <value>0x18b5</value>
         <object_component_ref idref="oc-3b3"/>
      </symbol>
      <symbol id="sm-841">
         <name>__aeabi_dadd</name>
         <value>0x18bf</value>
         <object_component_ref idref="oc-3b3"/>
      </symbol>
      <symbol id="sm-863">
         <name>__aeabi_cdcmpeq</name>
         <value>0x2995</value>
         <object_component_ref idref="oc-310"/>
      </symbol>
      <symbol id="sm-864">
         <name>__aeabi_cdcmple</name>
         <value>0x2995</value>
         <object_component_ref idref="oc-310"/>
      </symbol>
      <symbol id="sm-865">
         <name>__aeabi_cdrcmple</name>
         <value>0x2a1b</value>
         <object_component_ref idref="oc-39e"/>
      </symbol>
      <symbol id="sm-879">
         <name>__aeabi_ddiv</name>
         <value>0x1d49</value>
         <object_component_ref idref="oc-399"/>
      </symbol>
      <symbol id="sm-884">
         <name>__aeabi_dmul</name>
         <value>0x240d</value>
         <object_component_ref idref="oc-394"/>
      </symbol>
      <symbol id="sm-88e">
         <name>__aeabi_d2iz</name>
         <value>0x3451</value>
         <object_component_ref idref="oc-3a3"/>
      </symbol>
      <symbol id="sm-898">
         <name>__aeabi_i2d</name>
         <value>0x38c1</value>
         <object_component_ref idref="oc-3ae"/>
      </symbol>
      <symbol id="sm-913">
         <name>_sys_memory</name>
         <value>0x20000e28</value>
         <object_component_ref idref="oc-24"/>
      </symbol>
      <symbol id="sm-914">
         <name>free</name>
         <value>0x26d9</value>
         <object_component_ref idref="oc-40d"/>
      </symbol>
      <symbol id="sm-915">
         <name>malloc</name>
         <value>0x2b99</value>
         <object_component_ref idref="oc-413"/>
      </symbol>
      <symbol id="sm-916">
         <name>minit</name>
         <value>0x3751</value>
         <object_component_ref idref="oc-47b"/>
      </symbol>
      <symbol id="sm-926">
         <name>__TI_cleanup</name>
         <value>0x3829</value>
         <object_component_ref idref="oc-419"/>
      </symbol>
      <symbol id="sm-935">
         <name>strcpy</name>
         <value>0x3b05</value>
         <object_component_ref idref="oc-508"/>
      </symbol>
      <symbol id="sm-94a">
         <name>__TI_closefile</name>
         <value>0x2c11</value>
         <object_component_ref idref="oc-492"/>
      </symbol>
      <symbol id="sm-96d">
         <name>finddevice</name>
         <value>0x3891</value>
         <object_component_ref idref="oc-53a"/>
      </symbol>
      <symbol id="sm-96e">
         <name>getdevice</name>
         <value>0x35a9</value>
         <object_component_ref idref="oc-512"/>
      </symbol>
      <symbol id="sm-97e">
         <name>strcmp</name>
         <value>0x3a81</value>
         <object_component_ref idref="oc-551"/>
      </symbol>
      <symbol id="sm-98e">
         <name>strncpy</name>
         <value>0x3789</value>
         <object_component_ref idref="oc-534"/>
      </symbol>
      <symbol id="sm-99e">
         <name>unlink</name>
         <value>0x391d</value>
         <object_component_ref idref="oc-4e5"/>
      </symbol>
      <symbol id="sm-9b2">
         <name>close</name>
         <value>0x3021</value>
         <object_component_ref idref="oc-4df"/>
      </symbol>
      <symbol id="sm-9b3">
         <name>__TI_static_base__</name>
         <value>0x0</value>
      </symbol>
      <symbol id="sm-9b6">
         <name>__mpu_init</name>
         <value>0x0</value>
      </symbol>
      <symbol id="sm-9b7">
         <name>_system_post_cinit</name>
         <value>0x0</value>
      </symbol>
      <symbol id="sm-9b8">
         <name>remove</name>
         <value>0x391d</value>
      </symbol>
   </symbol_table>
   <title>Link successful</title>
</link_info>
