******************************************************************************
                  TI ARM Linker Unix v18.1.3                   
******************************************************************************
>> Linked Thu Oct 11 12:40:40 2018

OUTPUT FILE NAME:   <tiva_MMA8451.out>
ENTRY POINT SYMBOL: "_c_int00_noargs"  address: 00003719


MEMORY CONFIGURATION

         name            origin    length      used     unused   attr    fill
----------------------  --------  ---------  --------  --------  ----  --------
  FLASH                 00000000   00040000  0000407a  0003bf86  R  X
  SRAM                  20000000   00008000  00000e28  000071d8  RW X


SEGMENT ALLOCATION MAP

run origin  load origin   length   init length attrs members
----------  ----------- ---------- ----------- ----- -------
00000000    00000000    00004080   00004080    r-x
  00000000    00000000    0000026c   0000026c    r-- .intvecs
  0000026c    0000026c    0000398a   0000398a    r-x .text
  00003bf8    00003bf8    000003dc   000003dc    r-- .const
  00003fd8    00003fd8    000000a8   000000a8    r-- .cinit
20000000    20000000    00000e30   00000000    rw-
  20000000    20000000    0000026c   00000000    rw- .vtable
  20000270    20000270    00000800   00000000    rw- .stack
  20000a70    20000a70    000001ec   00000000    rw- .data
  20000c5c    20000c5c    000001c8   00000000    rw- .bss
  20000e28    20000e28    00000008   00000000    rw- .sysmem


SECTION ALLOCATION MAP

 output                                  attributes/
section   page    origin      length       input sections
--------  ----  ----------  ----------   ----------------
.intvecs   0    00000000    0000026c     
                  00000000    0000026c     tm4c123gh6pm_startup_ccs.obj (.intvecs)

.text      0    0000026c    0000398a     
                  0000026c    00000a5e     rtsv7M4_T_le_v4SPD16_eabi.lib : _printfi.c.obj (.text:__TI_printfi)
                  00000cca    00000002                                   : _lock.c.obj (.text:_nop)
                  00000ccc    0000057a     mma8451.obj (.text)
                  00001246    00000002     rtsv7M4_T_le_v4SPD16_eabi.lib : div0.asm.obj (.text)
                  00001248    00000270                                   : _printfi.c.obj (.text:_pconv_a)
                  000014b8    0000022c     mma8451_utils.obj (.text)
                  000016e4    000001d0     rtsv7M4_T_le_v4SPD16_eabi.lib : _printfi.c.obj (.text:_pconv_g)
                  000018b4    000001b6                                   : fd_add_t2.asm.obj (.text)
                  00001a6a    00000002     --HOLE-- [fill = 0]
                  00001a6c    000001a0     main.obj (.text)
                  00001c0c    0000013c     rtsv7M4_T_le_v4SPD16_eabi.lib : _printfi.c.obj (.text:_pconv_e)
                  00001d48    00000136                                   : fd_div_t2.asm.obj (.text)
                  00001e7e    00000132     driverlib.lib : gpio.obj (.text:GPIOPadConfigSet)
                  00001fb0    00000120     rtsv7M4_T_le_v4SPD16_eabi.lib : _printfi.c.obj (.text:fcvt)
                  000020d0    00000118     driverlib.lib : sysctl.obj (.text:SysCtlClockGet)
                  000021e8    00000114     rtsv7M4_T_le_v4SPD16_eabi.lib : fputs.c.obj (.text:fputs)
                  000022fc    00000110                                   : s_scalbn.c.obj (.text:scalbn)
                  0000240c    000000fc                                   : fd_mul_t2.asm.obj (.text)
                  00002508    000000f4     driverlib.lib : sysctl.obj (.text:SysCtlClockSet)
                  000025fc    000000dc     rtsv7M4_T_le_v4SPD16_eabi.lib : setvbuf.c.obj (.text:setvbuf)
                  000026d8    000000d8                                   : memory.c.obj (.text:free)
                  000027b0    000000b1                                   : _printfi.c.obj (.text:_ltostr)
                  00002861    00000001     --HOLE-- [fill = 0]
                  00002862    0000009c                                   : memcpy_t2.asm.obj (.text)
                  000028fe    00000096                                   : ull_div_t2.asm.obj (.text)
                  00002994    00000086                                   : fd_cmp_t2.asm.obj (.text:__aeabi_cdcmple)
                  00002a1a    00000086                                   : fd_cmp_t2.asm.obj (.text:__aeabi_cdrcmple)
                  00002aa0    0000007c                                   : fflush.c.obj (.text:fflush)
                  00002b1c    0000007a                                   : memset_t2.asm.obj (.text)
                  00002b96    00000002     --HOLE-- [fill = 0]
                  00002b98    00000078                                   : memory.c.obj (.text:malloc)
                  00002c10    00000074                                   : fclose.c.obj (.text:__TI_closefile)
                  00002c84    0000006e                                   : _printfi.c.obj (.text:_mcpy)
                  00002cf2    00000002     --HOLE-- [fill = 0]
                  00002cf4    00000068                                   : hostlseek.c.obj (.text:HOSTlseek)
                  00002d5c    00000068                                   : hostrename.c.obj (.text:HOSTrename)
                  00002dc4    00000068     driverlib.lib : interrupt.obj (.text:IntEnable)
                  00002e2c    00000068     rtsv7M4_T_le_v4SPD16_eabi.lib : copy_decompress_lzss.c.obj (.text:decompress:lzss:__TI_decompress_lzss)
                  00002e94    00000064                                   : s_frexp.c.obj (.text:frexp)
                  00002ef8    00000064                                   : fseek.c.obj (.text:fseek)
                  00002f5c    00000062                                   : _io_perm.c.obj (.text:__TI_wrt_ok)
                  00002fbe    00000002     --HOLE-- [fill = 0]
                  00002fc0    00000060                                   : hostopen.c.obj (.text:HOSTopen)
                  00003020    0000005c                                   : close.c.obj (.text:close)
                  0000307c    00000058     driverlib.lib : gpio.obj (.text:GPIOIntTypeSet)
                  000030d4    00000058     rtsv7M4_T_le_v4SPD16_eabi.lib : hostread.c.obj (.text:HOSTread)
                  0000312c    00000058                                   : hostwrite.c.obj (.text:HOSTwrite)
                  00003184    00000056                                   : _printfi.c.obj (.text:_pconv_f)
                  000031da    00000054                                   : ltoa.c.obj (.text:ltoa)
                  0000322e    00000002     --HOLE-- [fill = 0]
                  00003230    00000054     swo_segger.obj (.text)
                  00003284    00000052     rtsv7M4_T_le_v4SPD16_eabi.lib : _printfi.c.obj (.text:_ecpy)
                  000032d6    00000002     --HOLE-- [fill = 0]
                  000032d8    0000004c     driverlib.lib : gpio.obj (.text:GPIOPinConfigure)
                  00003324    0000004c                   : i2c.obj (.text:I2CMasterInitExpClk)
                  00003370    0000004c     rtsv7M4_T_le_v4SPD16_eabi.lib : fflush.c.obj (.text:__TI_doflush)
                  000033bc    0000004c                                   : atoi.c.obj (.text:atoi)
                  00003408    00000048                                   : exit.c.obj (.text:exit)
                  00003450    00000048                                   : fd_toi_t2.asm.obj (.text)
                  00003498    00000044                                   : hostclose.c.obj (.text:HOSTclose)
                  000034dc    00000044                                   : hostunlink.c.obj (.text:HOSTunlink)
                  00003520    00000044     driverlib.lib : gpio.obj (.text:_GPIOIntNumberGet)
                  00003564    00000044     rtsv7M4_T_le_v4SPD16_eabi.lib : autoinit.c.obj (.text:__TI_auto_init_nobinit_nopinit:__TI_auto_init_nobinit_nopinit)
                  000035a8    00000044                                   : getdevice.c.obj (.text:getdevice)
                  000035ec    00000040                                   : sprintf.c.obj (.text:sprintf)
                  0000362c    0000003e                                   : _printfi.c.obj (.text:_fcpy)
                  0000366a    00000002     --HOLE-- [fill = 0]
                  0000366c    0000003c                                   : memory.c.obj (.text:minsert)
                  000036a8    00000038     driverlib.lib : sysctl.obj (.text:SysCtlPeripheralReady)
                  000036e0    00000038     rtsv7M4_T_le_v4SPD16_eabi.lib : trgmsg.c.obj (.text:__TI_writemsg)
                  00003718    00000038                                   : boot_cortex_m.c.obj (.text:_c_int00_noargs:_c_int00_noargs)
                  00003750    00000038                                   : memory.c.obj (.text:minit)
                  00003788    00000036                                   : strncpy.c.obj (.text:strncpy)
                  000037be    00000002     --HOLE-- [fill = 0]
                  000037c0    00000034     driverlib.lib : interrupt.obj (.text:IntRegister)
                  000037f4    00000034                   : sysctl.obj (.text:SysCtlPeripheralEnable)
                  00003828    00000034     rtsv7M4_T_le_v4SPD16_eabi.lib : fopen.c.obj (.text:__TI_cleanup)
                  0000385c    00000034                                   : trgmsg.c.obj (.text:__TI_readmsg)
                  00003890    00000030                                   : getdevice.c.obj (.text:finddevice)
                  000038c0    0000002e                                   : i_tofd_t2.asm.obj (.text)
                  000038ee    0000002c     driverlib.lib : gpio.obj (.text:GPIODirModeSet)
                  0000391a    00000002     --HOLE-- [fill = 0]
                  0000391c    0000002c     rtsv7M4_T_le_v4SPD16_eabi.lib : unlink.c.obj (.text:unlink)
                  00003948    00000028                                   : lseek.c.obj (.text:lseek)
                  00003970    00000028                                   : memory.c.obj (.text:mremove)
                  00003998    00000028                                   : write.c.obj (.text:write)
                  000039c0    00000020                                   : memchr.c.obj (.text:memchr)
                  000039e0    0000001e     driverlib.lib : gpio.obj (.text:GPIOIntRegisterPin)
                  000039fe    00000002     --HOLE-- [fill = 0]
                  00003a00    0000001c     rtsv7M4_T_le_v4SPD16_eabi.lib : assert.c.obj (.text:_abort_msg)
                  00003a1c    0000001c                                   : memccpy.c.obj (.text:memccpy)
                  00003a38    00000018     driverlib.lib : gpio.obj (.text:GPIOIntRegister)
                  00003a50    00000018                   : gpio.obj (.text:GPIOPinTypeGPIOOutput)
                  00003a68    00000018     rtsv7M4_T_le_v4SPD16_eabi.lib : sprintf.c.obj (.text:_outs)
                  00003a80    00000018                                   : strcmp.c.obj (.text:strcmp)
                  00003a98    00000016     driverlib.lib : gpio.obj (.text:GPIOPinTypeGPIOInput)
                  00003aae    00000016                   : gpio.obj (.text:GPIOPinTypeI2C)
                  00003ac4    00000016                   : gpio.obj (.text:GPIOPinTypeI2CSCL)
                  00003ada    00000016     rtsv7M4_T_le_v4SPD16_eabi.lib : strchr.c.obj (.text:strchr)
                  00003af0    00000014                                   : s_copysign.c.obj (.text:copysign)
                  00003b04    00000014                                   : strcpy.c.obj (.text:strcpy)
                  00003b18    00000014                                   : strlen.c.obj (.text:strlen)
                  00003b2c    00000012                                   : wcslen.c.obj (.text:wcslen)
                  00003b3e    00000010     driverlib.lib : interrupt.obj (.text:IntMasterEnable)
                  00003b4e    0000000e                   : gpio.obj (.text:GPIOIntDisable)
                  00003b5c    0000000e     rtsv7M4_T_le_v4SPD16_eabi.lib : copy_decompress_none.c.obj (.text:decompress:none:__TI_decompress_none)
                  00003b6a    0000000c     driverlib.lib : cpu.obj (.text:CPUcpsie)
                  00003b76    0000000c                   : gpio.obj (.text:GPIOIntEnable)
                  00003b82    0000000c     rtsv7M4_T_le_v4SPD16_eabi.lib : copy_zero_init.c.obj (.text:decompress:ZI:__TI_zero_init)
                  00003b8e    0000000c     tm4c123gh6pm_startup_ccs.obj (.text)
                  00003b9a    0000000a     driverlib.lib : i2c.obj (.text:I2CMasterEnable)
                  00003ba4    0000000a     rtsv7M4_T_le_v4SPD16_eabi.lib : sprintf.c.obj (.text:_outc)
                  00003bae    00000008     driverlib.lib : i2c.obj (.text:I2CMasterBusBusy)
                  00003bb6    00000008                   : i2c.obj (.text:I2CMasterBusy)
                  00003bbe    00000008                   : i2c.obj (.text:I2CMasterSlaveAddrSet)
                  00003bc6    00000002     --HOLE-- [fill = 0]
                  00003bc8    00000008     rtsv7M4_T_le_v4SPD16_eabi.lib : errno.c.obj (.text:__aeabi_errno_addr)
                  00003bd0    00000006     driverlib.lib : gpio.obj (.text:GPIOIntClear)
                  00003bd6    00000006                   : gpio.obj (.text:GPIOPinWrite)
                  00003bdc    00000006                   : sysctl.obj (.text:SysCtlDelay)
                  00003be2    00000004                   : i2c.obj (.text:I2CMasterControl)
                  00003be6    00000004                   : i2c.obj (.text:I2CMasterDataGet)
                  00003bea    00000004                   : i2c.obj (.text:I2CMasterDataPut)
                  00003bee    00000004     rtsv7M4_T_le_v4SPD16_eabi.lib : pre_init.c.obj (.text:_system_pre_init)
                  00003bf2    00000004                                   : exit.c.obj (.text:abort:abort)

.const     0    00003bf8    000003dc     
                  00003bf8    00000101     rtsv7M4_T_le_v4SPD16_eabi.lib : ctype.c.obj (.const:.string:_ctypes_)
                  00003cf9    00000003     main.obj (.const:$P$T2$3)
                  00003cfc    000000d8     driverlib.lib : gpio.obj (.const:g_ppui32GPIOIntMapSnowflake)
                  00003dd4    000000c0                   : gpio.obj (.const:g_ppui32GPIOIntMapBlizzard)
                  00003e94    00000090                   : gpio.obj (.const:g_pui32GPIOBaseAddrs)
                  00003f24    0000006c                   : sysctl.obj (.const:g_pui32Xtals)
                  00003f90    0000001c     main.obj (.const:$P$T4$5)
                  00003fac    00000014     driverlib.lib : interrupt.obj (.const:g_pui32EnRegs)
                  00003fc0    0000000c     main.obj (.const:$P$T1$2)
                  00003fcc    00000006     main.obj (.const:$P$T3$4)
                  00003fd2    00000002     main.obj (.const:$P$T0$1)

.cinit     0    00003fd8    000000a8     
                  00003fd8    00000072     (.cinit..data.load) [load image, compression = lzss]
                  0000404a    00000002     --HOLE-- [fill = 0]
                  0000404c    0000000c     (__TI_handler_table)
                  00004058    00000008     (.cinit..bss.load) [load image, compression = zero_init]
                  00004060    00000008     (.cinit..vtable.load) [load image, compression = zero_init]
                  00004068    00000018     (__TI_cinit_table)

.init_array 
*          0    00000000    00000000     UNINITIALIZED

.vtable    0    20000000    0000026c     UNINITIALIZED
                  20000000    0000026c     driverlib.lib : interrupt.obj (.vtable)

.stack     0    20000270    00000800     UNINITIALIZED
                  20000270    00000004     rtsv7M4_T_le_v4SPD16_eabi.lib : boot_cortex_m.c.obj (.stack)
                  20000274    000007fc     --HOLE--

.data      0    20000a70    000001ec     UNINITIALIZED
                  20000a70    000000f0     rtsv7M4_T_le_v4SPD16_eabi.lib : defs.c.obj (.data:_ftable)
                  20000b60    00000078                                   : write.c.obj (.data:_device)
                  20000bd8    00000050                                   : write.c.obj (.data:_stream)
                  20000c28    00000010                                   : defs.c.obj (.data)
                  20000c38    0000000c                                   : exit.c.obj (.data:$O1$$)
                  20000c44    0000000c                                   : memory.c.obj (.data:$O1$$)
                  20000c50    00000008                                   : _lock.c.obj (.data:$O1$$)
                  20000c58    00000004                                   : errno.c.obj (.data)

.bss       0    20000c5c    000001c8     UNINITIALIZED
                  20000c5c    00000120     rtsv7M4_T_le_v4SPD16_eabi.lib : trgmsg.c.obj (.bss:_CIOBUF_)
                  20000d7c    000000a0     (.common:__TI_tmpnams)
                  20000e1c    00000008     (.common:parmbuf)

.sysmem    0    20000e28    00000008     UNINITIALIZED
                  20000e28    00000008     rtsv7M4_T_le_v4SPD16_eabi.lib : memory.c.obj (.sysmem)

MODULE SUMMARY

       Module                         code    ro data   rw data
       ------                         ----    -------   -------
    ./
       tm4c123gh6pm_startup_ccs.obj   12      620       0      
    +--+------------------------------+-------+---------+---------+
       Total:                         12      620       0      
                                                               
    ./Tiva_Extra/debug_utils/
       swo_segger.obj                 84      0         0      
    +--+------------------------------+-------+---------+---------+
       Total:                         84      0         0      
                                                               
    ./src/
       mma8451.obj                    1402    0         0      
       mma8451_utils.obj              556     0         0      
       main.obj                       416     51        0      
    +--+------------------------------+-------+---------+---------+
       Total:                         2374    51        0      
                                                               
    ../Tiva_Extra/Tivaware_Dep/driverlib/ccs/Debug/driverlib.lib
       gpio.obj                       764     552       0      
       interrupt.obj                  172     20        620    
       sysctl.obj                     638     108       0      
       i2c.obj                        122     0         0      
       cpu.obj                        12      0         0      
    +--+------------------------------+-------+---------+---------+
       Total:                         1708    680       620    
                                                               
    /home/kd/ti/ccsv8/tools/compiler/ti-cgt-arm_18.1.3.LTS/lib/rtsv7M4_T_le_v4SPD16_eabi.lib
       _printfi.c.obj                 4863    0         0      
       memory.c.obj                   492     0         12     
       fd_add_t2.asm.obj              438     0         0      
       defs.c.obj                     0       0         416    
       trgmsg.c.obj                   108     0         288    
       fd_div_t2.asm.obj              310     0         0      
       fputs.c.obj                    276     0         0      
       s_scalbn.c.obj                 272     0         0      
       fd_cmp_t2.asm.obj              268     0         0      
       ctype.c.obj                    0       257       0      
       fd_mul_t2.asm.obj              252     0         0      
       write.c.obj                    40      0         200    
       setvbuf.c.obj                  220     0         0      
       fflush.c.obj                   200     0         0      
       memcpy_t2.asm.obj              156     0         0      
       ull_div_t2.asm.obj             150     0         0      
       memset_t2.asm.obj              122     0         0      
       fclose.c.obj                   116     0         0      
       getdevice.c.obj                116     0         0      
       copy_decompress_lzss.c.obj     104     0         0      
       hostlseek.c.obj                104     0         0      
       hostopen.c.obj                 96      0         8      
       hostrename.c.obj               104     0         0      
       fseek.c.obj                    100     0         0      
       s_frexp.c.obj                  100     0         0      
       _io_perm.c.obj                 98      0         0      
       sprintf.c.obj                  98      0         0      
       close.c.obj                    92      0         0      
       exit.c.obj                     76      0         12     
       hostread.c.obj                 88      0         0      
       hostwrite.c.obj                88      0         0      
       ltoa.c.obj                     84      0         0      
       atoi.c.obj                     76      0         0      
       fd_toi_t2.asm.obj              72      0         0      
       autoinit.c.obj                 68      0         0      
       hostclose.c.obj                68      0         0      
       hostunlink.c.obj               68      0         0      
       boot_cortex_m.c.obj            56      0         0      
       strncpy.c.obj                  54      0         0      
       fopen.c.obj                    52      0         0      
       i_tofd_t2.asm.obj              46      0         0      
       unlink.c.obj                   44      0         0      
       lseek.c.obj                    40      0         0      
       memchr.c.obj                   32      0         0      
       assert.c.obj                   28      0         0      
       memccpy.c.obj                  28      0         0      
       strcmp.c.obj                   24      0         0      
       strchr.c.obj                   22      0         0      
       s_copysign.c.obj               20      0         0      
       strcpy.c.obj                   20      0         0      
       strlen.c.obj                   20      0         0      
       wcslen.c.obj                   18      0         0      
       copy_decompress_none.c.obj     14      0         0      
       copy_zero_init.c.obj           12      0         0      
       errno.c.obj                    8       0         4      
       _lock.c.obj                    2       0         8      
       pre_init.c.obj                 4       0         0      
       div0.asm.obj                   2       0         0      
    +--+------------------------------+-------+---------+---------+
       Total:                         10529   257       948    
                                                               
       Heap:                          0       0         8      
       Stack:                         0       0         2048   
       Linker Generated:              0       166       0      
    +--+------------------------------+-------+---------+---------+
       Grand Total:                   14707   1774      3624   


LINKER GENERATED COPY TABLES

__TI_cinit_table @ 00004068 records: 3, size/record: 8, table size: 24
	.data: load addr=00003fd8, load size=00000072 bytes, run addr=20000a70, run size=000001ec bytes, compression=lzss
	.bss: load addr=00004058, load size=00000008 bytes, run addr=20000c5c, run size=000001c8 bytes, compression=zero_init
	.vtable: load addr=00004060, load size=00000008 bytes, run addr=20000000, run size=0000026c bytes, compression=zero_init


LINKER GENERATED HANDLER TABLE

__TI_handler_table @ 0000404c records: 3, size/record: 4, table size: 12
	index: 0, handler: __TI_zero_init
	index: 1, handler: __TI_decompress_lzss
	index: 2, handler: __TI_decompress_none


GLOBAL SYMBOLS: SORTED ALPHABETICALLY BY Name 

address   name                           
-------   ----                           
00003bf3  C$$EXIT                        
0000370f  C$$IO$$                        
00003b6b  CPUcpsie                       
000038ef  GPIODirModeSet                 
00003bd1  GPIOIntClear                   
00003b4f  GPIOIntDisable                 
00003b77  GPIOIntEnable                  
00003a39  GPIOIntRegister                
000039e1  GPIOIntRegisterPin             
0000307d  GPIOIntTypeSet                 
00001e7f  GPIOPadConfigSet               
000032d9  GPIOPinConfigure               
00003a99  GPIOPinTypeGPIOInput           
00003a51  GPIOPinTypeGPIOOutput          
00003aaf  GPIOPinTypeI2C                 
00003ac5  GPIOPinTypeI2CSCL              
00003bd7  GPIOPinWrite                   
00003499  HOSTclose                      
00002cf5  HOSTlseek                      
00002fc1  HOSTopen                       
000030d5  HOSTread                       
00002d5d  HOSTrename                     
000034dd  HOSTunlink                     
0000312d  HOSTwrite                      
00003baf  I2CMasterBusBusy               
00003bb7  I2CMasterBusy                  
00003be3  I2CMasterControl               
00003be7  I2CMasterDataGet               
00003beb  I2CMasterDataPut               
00003b9b  I2CMasterEnable                
00003325  I2CMasterInitExpClk            
00003bbf  I2CMasterSlaveAddrSet          
00002dc5  IntEnable                      
00003b3f  IntMasterEnable                
000037c1  IntRegister                    
00003b8f  ResetISR                       
00003231  SWO_PrintChar                  
00003261  SWO_PrintString                
000020d1  SysCtlClockGet                 
00002509  SysCtlClockSet                 
00003bdd  SysCtlDelay                    
000037f5  SysCtlPeripheralEnable         
000036a9  SysCtlPeripheralReady          
20000c5c  __CIOBUF_                      
20000a70  __STACK_END                    
00000800  __STACK_SIZE                   
20000470  __STACK_TOP                    
00000008  __SYSMEM_SIZE                  
00004068  __TI_CINIT_Base                
00004080  __TI_CINIT_Limit               
0000404c  __TI_Handler_Table_Base        
00004058  __TI_Handler_Table_Limit       
00003565  __TI_auto_init_nobinit_nopinit 
00003829  __TI_cleanup                   
20000c38  __TI_cleanup_ptr               
00002c11  __TI_closefile                 
00002e2d  __TI_decompress_lzss           
00003b5d  __TI_decompress_none           
00003371  __TI_doflush                   
20000c3c  __TI_dtors_ptr                 
20000c40  __TI_enable_exit_profile_output
20000c28  __TI_ft_end                    
ffffffff  __TI_pprof_out_hndl            
0000026d  __TI_printfi                   
ffffffff  __TI_prof_data_size            
ffffffff  __TI_prof_data_start           
0000385d  __TI_readmsg                   
00000000  __TI_static_base__             
20000d7c  __TI_tmpnams                   
000036e1  __TI_writemsg                  
00002f5d  __TI_wrt_ok                    
00003b83  __TI_zero_init                 
00002995  __aeabi_cdcmpeq                
00002995  __aeabi_cdcmple                
00002a1b  __aeabi_cdrcmple               
00003451  __aeabi_d2iz                   
000018bf  __aeabi_dadd                   
00001d49  __aeabi_ddiv                   
0000240d  __aeabi_dmul                   
000018b5  __aeabi_dsub                   
00003bc9  __aeabi_errno_addr             
000038c1  __aeabi_i2d                    
00001247  __aeabi_idiv0                  
00001247  __aeabi_ldiv0                  
00002b1d  __aeabi_memclr                 
00002b1d  __aeabi_memclr4                
00002b1d  __aeabi_memclr8                
00002863  __aeabi_memcpy                 
00002863  __aeabi_memcpy4                
00002863  __aeabi_memcpy8                
00002b1f  __aeabi_memset                 
00002b1f  __aeabi_memset4                
00002b1f  __aeabi_memset8                
20000c34  __aeabi_stderr                 
20000c2c  __aeabi_stdin                  
20000c30  __aeabi_stdout                 
000028ff  __aeabi_uldivmod               
ffffffff  __binit__                      
ffffffff  __c_args__                     
UNDEFED   __mpu_init                     
20000270  __stack                        
00003a01  _abort_msg                     
00003719  _c_int00_noargs                
00003bf8  _ctypes_                       
20000b60  _device                        
20000a70  _ftable                        
20000c50  _lock                          
00000ccb  _nop                           
20000bd8  _stream                        
20000e28  _sys_memory                    
UNDEFED   _system_post_cinit             
00003bef  _system_pre_init               
20000c54  _unlock                        
00003bf3  abort                          
000033bd  atoi                           
ffffffff  binit                          
00003021  close                          
00003af1  copysign                       
00003af1  copysignl                      
20000c58  errno                          
00003409  exit                           
00002aa1  fflush                         
00003891  finddevice                     
000021e9  fputs                          
000026d9  free                           
00002e95  frexp                          
00002e95  frexpl                         
00002ef9  fseek                          
20000000  g_pfnRAMVectors                
00000000  g_pfnVectors                   
000035a9  getdevice                      
000022fd  ldexp                          
000022fd  ldexpl                         
00003949  lseek                          
000031db  ltoa                           
00001a83  main                           
00002b99  malloc                         
00003a1d  memccpy                        
000039c1  memchr                         
00002863  memcpy                         
00002b25  memset                         
00003751  minit                          
00000f25  mma8451Configure               
00000d75  mma8451Init                    
00000ded  mma8451ReadAccelData           
000014ff  mma8451ReadReg                 
00001549  mma8451ReadRegList             
0000123b  mma8451Reset                   
0000163b  mma8451WaitBus                 
0000162d  mma8451WaitMaster              
000014b9  mma8451WriteReg                
00001a6d  motionIntHandler               
20000e1c  parmbuf                        
0000391d  remove                         
000022fd  scalbn                         
000022fd  scalbnl                        
000025fd  setvbuf                        
000035ed  sprintf                        
00003adb  strchr                         
00003a81  strcmp                         
00003b05  strcpy                         
00003b19  strlen                         
00003789  strncpy                        
0000391d  unlink                         
00003b2d  wcslen                         
00003999  write                          


GLOBAL SYMBOLS: SORTED BY Symbol Address 

address   name                           
-------   ----                           
00000000  __TI_static_base__             
00000000  g_pfnVectors                   
00000008  __SYSMEM_SIZE                  
0000026d  __TI_printfi                   
00000800  __STACK_SIZE                   
00000ccb  _nop                           
00000d75  mma8451Init                    
00000ded  mma8451ReadAccelData           
00000f25  mma8451Configure               
0000123b  mma8451Reset                   
00001247  __aeabi_idiv0                  
00001247  __aeabi_ldiv0                  
000014b9  mma8451WriteReg                
000014ff  mma8451ReadReg                 
00001549  mma8451ReadRegList             
0000162d  mma8451WaitMaster              
0000163b  mma8451WaitBus                 
000018b5  __aeabi_dsub                   
000018bf  __aeabi_dadd                   
00001a6d  motionIntHandler               
00001a83  main                           
00001d49  __aeabi_ddiv                   
00001e7f  GPIOPadConfigSet               
000020d1  SysCtlClockGet                 
000021e9  fputs                          
000022fd  ldexp                          
000022fd  ldexpl                         
000022fd  scalbn                         
000022fd  scalbnl                        
0000240d  __aeabi_dmul                   
00002509  SysCtlClockSet                 
000025fd  setvbuf                        
000026d9  free                           
00002863  __aeabi_memcpy                 
00002863  __aeabi_memcpy4                
00002863  __aeabi_memcpy8                
00002863  memcpy                         
000028ff  __aeabi_uldivmod               
00002995  __aeabi_cdcmpeq                
00002995  __aeabi_cdcmple                
00002a1b  __aeabi_cdrcmple               
00002aa1  fflush                         
00002b1d  __aeabi_memclr                 
00002b1d  __aeabi_memclr4                
00002b1d  __aeabi_memclr8                
00002b1f  __aeabi_memset                 
00002b1f  __aeabi_memset4                
00002b1f  __aeabi_memset8                
00002b25  memset                         
00002b99  malloc                         
00002c11  __TI_closefile                 
00002cf5  HOSTlseek                      
00002d5d  HOSTrename                     
00002dc5  IntEnable                      
00002e2d  __TI_decompress_lzss           
00002e95  frexp                          
00002e95  frexpl                         
00002ef9  fseek                          
00002f5d  __TI_wrt_ok                    
00002fc1  HOSTopen                       
00003021  close                          
0000307d  GPIOIntTypeSet                 
000030d5  HOSTread                       
0000312d  HOSTwrite                      
000031db  ltoa                           
00003231  SWO_PrintChar                  
00003261  SWO_PrintString                
000032d9  GPIOPinConfigure               
00003325  I2CMasterInitExpClk            
00003371  __TI_doflush                   
000033bd  atoi                           
00003409  exit                           
00003451  __aeabi_d2iz                   
00003499  HOSTclose                      
000034dd  HOSTunlink                     
00003565  __TI_auto_init_nobinit_nopinit 
000035a9  getdevice                      
000035ed  sprintf                        
000036a9  SysCtlPeripheralReady          
000036e1  __TI_writemsg                  
0000370f  C$$IO$$                        
00003719  _c_int00_noargs                
00003751  minit                          
00003789  strncpy                        
000037c1  IntRegister                    
000037f5  SysCtlPeripheralEnable         
00003829  __TI_cleanup                   
0000385d  __TI_readmsg                   
00003891  finddevice                     
000038c1  __aeabi_i2d                    
000038ef  GPIODirModeSet                 
0000391d  remove                         
0000391d  unlink                         
00003949  lseek                          
00003999  write                          
000039c1  memchr                         
000039e1  GPIOIntRegisterPin             
00003a01  _abort_msg                     
00003a1d  memccpy                        
00003a39  GPIOIntRegister                
00003a51  GPIOPinTypeGPIOOutput          
00003a81  strcmp                         
00003a99  GPIOPinTypeGPIOInput           
00003aaf  GPIOPinTypeI2C                 
00003ac5  GPIOPinTypeI2CSCL              
00003adb  strchr                         
00003af1  copysign                       
00003af1  copysignl                      
00003b05  strcpy                         
00003b19  strlen                         
00003b2d  wcslen                         
00003b3f  IntMasterEnable                
00003b4f  GPIOIntDisable                 
00003b5d  __TI_decompress_none           
00003b6b  CPUcpsie                       
00003b77  GPIOIntEnable                  
00003b83  __TI_zero_init                 
00003b8f  ResetISR                       
00003b9b  I2CMasterEnable                
00003baf  I2CMasterBusBusy               
00003bb7  I2CMasterBusy                  
00003bbf  I2CMasterSlaveAddrSet          
00003bc9  __aeabi_errno_addr             
00003bd1  GPIOIntClear                   
00003bd7  GPIOPinWrite                   
00003bdd  SysCtlDelay                    
00003be3  I2CMasterControl               
00003be7  I2CMasterDataGet               
00003beb  I2CMasterDataPut               
00003bef  _system_pre_init               
00003bf3  C$$EXIT                        
00003bf3  abort                          
00003bf8  _ctypes_                       
0000404c  __TI_Handler_Table_Base        
00004058  __TI_Handler_Table_Limit       
00004068  __TI_CINIT_Base                
00004080  __TI_CINIT_Limit               
20000000  g_pfnRAMVectors                
20000270  __stack                        
20000470  __STACK_TOP                    
20000a70  __STACK_END                    
20000a70  _ftable                        
20000b60  _device                        
20000bd8  _stream                        
20000c28  __TI_ft_end                    
20000c2c  __aeabi_stdin                  
20000c30  __aeabi_stdout                 
20000c34  __aeabi_stderr                 
20000c38  __TI_cleanup_ptr               
20000c3c  __TI_dtors_ptr                 
20000c40  __TI_enable_exit_profile_output
20000c50  _lock                          
20000c54  _unlock                        
20000c58  errno                          
20000c5c  __CIOBUF_                      
20000d7c  __TI_tmpnams                   
20000e1c  parmbuf                        
20000e28  _sys_memory                    
ffffffff  __TI_pprof_out_hndl            
ffffffff  __TI_prof_data_size            
ffffffff  __TI_prof_data_start           
ffffffff  __binit__                      
ffffffff  __c_args__                     
ffffffff  binit                          
UNDEFED   __mpu_init                     
UNDEFED   _system_post_cinit             

[166 symbols]
