******************************************************************************
                  TI ARM Linker Unix v18.1.3                   
******************************************************************************
>> Linked Sun Oct  7 16:04:24 2018

OUTPUT FILE NAME:   <tiva_MMA8451.out>
ENTRY POINT SYMBOL: "_c_int00_noargs"  address: 000031c1


MEMORY CONFIGURATION

         name            origin    length      used     unused   attr    fill
----------------------  --------  ---------  --------  --------  ----  --------
  FLASH                 00000000   00040000  00003876  0003c78a  R  X
  SRAM                  20000000   00008000  00000bbc  00007444  RW X


SEGMENT ALLOCATION MAP

run origin  load origin   length   init length attrs members
----------  ----------- ---------- ----------- ----- -------
00000000    00000000    00003878   00003878    r-x
  00000000    00000000    0000026c   0000026c    r-- .intvecs
  0000026c    0000026c    00003372   00003372    r-x .text
  000035e0    000035e0    00000200   00000200    r-- .const
  000037e0    000037e0    00000098   00000098    r-- .cinit
20000000    20000000    00000bc0   00000000    rw-
  20000000    20000000    00000800   00000000    rw- .stack
  20000800    20000800    000001ec   00000000    rw- .data
  200009ec    200009ec    000001c8   00000000    rw- .bss
  20000bb8    20000bb8    00000008   00000000    rw- .sysmem


SECTION ALLOCATION MAP

 output                                  attributes/
section   page    origin      length       input sections
--------  ----  ----------  ----------   ----------------
.intvecs   0    00000000    0000026c     
                  00000000    0000026c     tm4c123gh6pm_startup_ccs.obj (.intvecs)

.text      0    0000026c    00003372     
                  0000026c    00000a5e     rtsv7M4_T_le_v4SPD16_eabi.lib : _printfi.c.obj (.text:__TI_printfi)
                  00000cca    00000002                                   : _lock.c.obj (.text:_nop)
                  00000ccc    0000047c     mma8451.obj (.text)
                  00001148    00000270     rtsv7M4_T_le_v4SPD16_eabi.lib : _printfi.c.obj (.text:_pconv_a)
                  000013b8    000001d0                                   : _printfi.c.obj (.text:_pconv_g)
                  00001588    000001b6                                   : fd_add_t2.asm.obj (.text)
                  0000173e    00000002                                   : div0.asm.obj (.text)
                  00001740    0000013c                                   : _printfi.c.obj (.text:_pconv_e)
                  0000187c    00000136                                   : fd_div_t2.asm.obj (.text)
                  000019b2    00000132     driverlib.lib : gpio.obj (.text:GPIOPadConfigSet)
                  00001ae4    00000120     rtsv7M4_T_le_v4SPD16_eabi.lib : _printfi.c.obj (.text:fcvt)
                  00001c04    00000118     driverlib.lib : sysctl.obj (.text:SysCtlClockGet)
                  00001d1c    00000114     rtsv7M4_T_le_v4SPD16_eabi.lib : fputs.c.obj (.text:fputs)
                  00001e30    00000110                                   : s_scalbn.c.obj (.text:scalbn)
                  00001f40    000000fc                                   : fd_mul_t2.asm.obj (.text)
                  0000203c    000000f4     driverlib.lib : sysctl.obj (.text:SysCtlClockSet)
                  00002130    000000dc     rtsv7M4_T_le_v4SPD16_eabi.lib : setvbuf.c.obj (.text:setvbuf)
                  0000220c    000000d8                                   : memory.c.obj (.text:free)
                  000022e4    000000b1                                   : _printfi.c.obj (.text:_ltostr)
                  00002395    00000001     --HOLE-- [fill = 0]
                  00002396    0000009c                                   : memcpy_t2.asm.obj (.text)
                  00002432    00000096                                   : ull_div_t2.asm.obj (.text)
                  000024c8    00000086                                   : fd_cmp_t2.asm.obj (.text:__aeabi_cdcmple)
                  0000254e    00000086                                   : fd_cmp_t2.asm.obj (.text:__aeabi_cdrcmple)
                  000025d4    0000007c                                   : fflush.c.obj (.text:fflush)
                  00002650    0000007a                                   : memset_t2.asm.obj (.text)
                  000026ca    00000002     --HOLE-- [fill = 0]
                  000026cc    00000078     main.obj (.text)
                  00002744    00000078     rtsv7M4_T_le_v4SPD16_eabi.lib : memory.c.obj (.text:malloc)
                  000027bc    00000074                                   : fclose.c.obj (.text:__TI_closefile)
                  00002830    0000006e                                   : _printfi.c.obj (.text:_mcpy)
                  0000289e    00000002     --HOLE-- [fill = 0]
                  000028a0    00000068                                   : hostlseek.c.obj (.text:HOSTlseek)
                  00002908    00000068                                   : hostrename.c.obj (.text:HOSTrename)
                  00002970    00000068                                   : copy_decompress_lzss.c.obj (.text:decompress:lzss:__TI_decompress_lzss)
                  000029d8    00000064                                   : s_frexp.c.obj (.text:frexp)
                  00002a3c    00000064                                   : fseek.c.obj (.text:fseek)
                  00002aa0    00000062                                   : _io_perm.c.obj (.text:__TI_wrt_ok)
                  00002b02    00000002     --HOLE-- [fill = 0]
                  00002b04    00000060                                   : hostopen.c.obj (.text:HOSTopen)
                  00002b64    0000005c                                   : close.c.obj (.text:close)
                  00002bc0    00000058                                   : hostread.c.obj (.text:HOSTread)
                  00002c18    00000058                                   : hostwrite.c.obj (.text:HOSTwrite)
                  00002c70    00000056                                   : _printfi.c.obj (.text:_pconv_f)
                  00002cc6    00000054                                   : ltoa.c.obj (.text:ltoa)
                  00002d1a    00000002     --HOLE-- [fill = 0]
                  00002d1c    00000054     swo_segger.obj (.text)
                  00002d70    00000052     rtsv7M4_T_le_v4SPD16_eabi.lib : _printfi.c.obj (.text:_ecpy)
                  00002dc2    00000002     --HOLE-- [fill = 0]
                  00002dc4    0000004c     driverlib.lib : gpio.obj (.text:GPIOPinConfigure)
                  00002e10    0000004c                   : i2c.obj (.text:I2CMasterInitExpClk)
                  00002e5c    0000004c     rtsv7M4_T_le_v4SPD16_eabi.lib : fflush.c.obj (.text:__TI_doflush)
                  00002ea8    0000004c                                   : atoi.c.obj (.text:atoi)
                  00002ef4    00000048                                   : exit.c.obj (.text:exit)
                  00002f3c    00000048                                   : fd_toi_t2.asm.obj (.text)
                  00002f84    00000044                                   : hostclose.c.obj (.text:HOSTclose)
                  00002fc8    00000044                                   : hostunlink.c.obj (.text:HOSTunlink)
                  0000300c    00000044                                   : autoinit.c.obj (.text:__TI_auto_init_nobinit_nopinit:__TI_auto_init_nobinit_nopinit)
                  00003050    00000044                                   : getdevice.c.obj (.text:getdevice)
                  00003094    00000040                                   : sprintf.c.obj (.text:sprintf)
                  000030d4    0000003e                                   : _printfi.c.obj (.text:_fcpy)
                  00003112    00000002     --HOLE-- [fill = 0]
                  00003114    0000003c                                   : memory.c.obj (.text:minsert)
                  00003150    00000038     driverlib.lib : sysctl.obj (.text:SysCtlPeripheralReady)
                  00003188    00000038     rtsv7M4_T_le_v4SPD16_eabi.lib : trgmsg.c.obj (.text:__TI_writemsg)
                  000031c0    00000038                                   : boot_cortex_m.c.obj (.text:_c_int00_noargs:_c_int00_noargs)
                  000031f8    00000038                                   : memory.c.obj (.text:minit)
                  00003230    00000036                                   : strncpy.c.obj (.text:strncpy)
                  00003266    00000002     --HOLE-- [fill = 0]
                  00003268    00000034     driverlib.lib : sysctl.obj (.text:SysCtlPeripheralEnable)
                  0000329c    00000034     rtsv7M4_T_le_v4SPD16_eabi.lib : fopen.c.obj (.text:__TI_cleanup)
                  000032d0    00000034                                   : trgmsg.c.obj (.text:__TI_readmsg)
                  00003304    00000030                                   : getdevice.c.obj (.text:finddevice)
                  00003334    0000002e                                   : i_tofd_t2.asm.obj (.text)
                  00003362    0000002c     driverlib.lib : gpio.obj (.text:GPIODirModeSet)
                  0000338e    00000002     --HOLE-- [fill = 0]
                  00003390    0000002c     rtsv7M4_T_le_v4SPD16_eabi.lib : unlink.c.obj (.text:unlink)
                  000033bc    00000028                                   : lseek.c.obj (.text:lseek)
                  000033e4    00000028                                   : memory.c.obj (.text:mremove)
                  0000340c    00000028                                   : write.c.obj (.text:write)
                  00003434    00000020                                   : memchr.c.obj (.text:memchr)
                  00003454    0000001c                                   : assert.c.obj (.text:_abort_msg)
                  00003470    0000001c                                   : memccpy.c.obj (.text:memccpy)
                  0000348c    00000018                                   : sprintf.c.obj (.text:_outs)
                  000034a4    00000018                                   : strcmp.c.obj (.text:strcmp)
                  000034bc    00000016     driverlib.lib : gpio.obj (.text:GPIOPinTypeI2C)
                  000034d2    00000016                   : gpio.obj (.text:GPIOPinTypeI2CSCL)
                  000034e8    00000016                   : i2c.obj (.text:I2CMasterErr)
                  000034fe    00000016     rtsv7M4_T_le_v4SPD16_eabi.lib : strchr.c.obj (.text:strchr)
                  00003514    00000014                                   : s_copysign.c.obj (.text:copysign)
                  00003528    00000014                                   : strcpy.c.obj (.text:strcpy)
                  0000353c    00000014                                   : strlen.c.obj (.text:strlen)
                  00003550    00000012                                   : copy_zero_init.c.obj (.text:decompress:ZI:__TI_zero_init_nomemset:__TI_zero_init_nomemset)
                  00003562    00000012                                   : wcslen.c.obj (.text:wcslen)
                  00003574    0000000e                                   : copy_decompress_none.c.obj (.text:decompress:none:__TI_decompress_none)
                  00003582    0000000c     tm4c123gh6pm_startup_ccs.obj (.text)
                  0000358e    0000000a     driverlib.lib : i2c.obj (.text:I2CMasterEnable)
                  00003598    0000000a     rtsv7M4_T_le_v4SPD16_eabi.lib : sprintf.c.obj (.text:_outc)
                  000035a2    00000008     driverlib.lib : i2c.obj (.text:I2CMasterBusBusy)
                  000035aa    00000008                   : i2c.obj (.text:I2CMasterBusy)
                  000035b2    00000008                   : i2c.obj (.text:I2CMasterSlaveAddrSet)
                  000035ba    00000002     --HOLE-- [fill = 0]
                  000035bc    00000008     rtsv7M4_T_le_v4SPD16_eabi.lib : errno.c.obj (.text:__aeabi_errno_addr)
                  000035c4    00000006     driverlib.lib : sysctl.obj (.text:SysCtlDelay)
                  000035ca    00000004                   : i2c.obj (.text:I2CMasterControl)
                  000035ce    00000004                   : i2c.obj (.text:I2CMasterDataGet)
                  000035d2    00000004                   : i2c.obj (.text:I2CMasterDataPut)
                  000035d6    00000004     rtsv7M4_T_le_v4SPD16_eabi.lib : pre_init.c.obj (.text:_system_pre_init)
                  000035da    00000004                                   : exit.c.obj (.text:abort:abort)

.const     0    000035e0    00000200     
                  000035e0    00000101     rtsv7M4_T_le_v4SPD16_eabi.lib : ctype.c.obj (.const:.string:_ctypes_)
                  000036e1    00000003     --HOLE-- [fill = 0]
                  000036e4    00000090     driverlib.lib : gpio.obj (.const:g_pui32GPIOBaseAddrs)
                  00003774    0000006c                   : sysctl.obj (.const:g_pui32Xtals)

.cinit     0    000037e0    00000098     
                  000037e0    0000006f     (.cinit..data.load) [load image, compression = lzss]
                  0000384f    00000001     --HOLE-- [fill = 0]
                  00003850    0000000c     (__TI_handler_table)
                  0000385c    00000004     --HOLE-- [fill = 0]
                  00003860    00000008     (.cinit..bss.load) [load image, compression = zero_init]
                  00003868    00000010     (__TI_cinit_table)

.init_array 
*          0    00000000    00000000     UNINITIALIZED

.stack     0    20000000    00000800     UNINITIALIZED
                  20000000    00000004     rtsv7M4_T_le_v4SPD16_eabi.lib : boot_cortex_m.c.obj (.stack)
                  20000004    000007fc     --HOLE--

.data      0    20000800    000001ec     UNINITIALIZED
                  20000800    000000f0     rtsv7M4_T_le_v4SPD16_eabi.lib : defs.c.obj (.data:_ftable)
                  200008f0    00000078                                   : write.c.obj (.data:_device)
                  20000968    00000050                                   : write.c.obj (.data:_stream)
                  200009b8    00000010                                   : defs.c.obj (.data)
                  200009c8    0000000c                                   : exit.c.obj (.data:$O1$$)
                  200009d4    0000000c                                   : memory.c.obj (.data:$O1$$)
                  200009e0    00000008                                   : _lock.c.obj (.data:$O1$$)
                  200009e8    00000004                                   : errno.c.obj (.data)

.bss       0    200009ec    000001c8     UNINITIALIZED
                  200009ec    00000120     rtsv7M4_T_le_v4SPD16_eabi.lib : trgmsg.c.obj (.bss:_CIOBUF_)
                  20000b0c    000000a0     (.common:__TI_tmpnams)
                  20000bac    00000008     (.common:parmbuf)

.sysmem    0    20000bb8    00000008     UNINITIALIZED
                  20000bb8    00000008     rtsv7M4_T_le_v4SPD16_eabi.lib : memory.c.obj (.sysmem)

MODULE SUMMARY

       Module                         code    ro data   rw data
       ------                         ----    -------   -------
    ./
       tm4c123gh6pm_startup_ccs.obj   12      620       0      
    +--+------------------------------+-------+---------+---------+
       Total:                         12      620       0      
                                                               
    ./Tiva_Extra/debug_utils/
       swo_segger.obj                 84      0         0      
    +--+------------------------------+-------+---------+---------+
       Total:                         84      0         0      
                                                               
    ./src/
       mma8451.obj                    1148    0         0      
       main.obj                       120     0         0      
    +--+------------------------------+-------+---------+---------+
       Total:                         1268    0         0      
                                                               
    ../Tiva_Extra/Tivaware_Dep/driverlib/ccs/Debug/driverlib.lib
       sysctl.obj                     638     108       0      
       gpio.obj                       470     144       0      
       i2c.obj                        144     0         0      
    +--+------------------------------+-------+---------+---------+
       Total:                         1252    252       0      
                                                               
    /home/kd/ti/ccsv8/tools/compiler/ti-cgt-arm_18.1.3.LTS/lib/rtsv7M4_T_le_v4SPD16_eabi.lib
       _printfi.c.obj                 4863    0         0      
       memory.c.obj                   492     0         12     
       fd_add_t2.asm.obj              438     0         0      
       defs.c.obj                     0       0         416    
       trgmsg.c.obj                   108     0         288    
       fd_div_t2.asm.obj              310     0         0      
       fputs.c.obj                    276     0         0      
       s_scalbn.c.obj                 272     0         0      
       fd_cmp_t2.asm.obj              268     0         0      
       ctype.c.obj                    0       257       0      
       fd_mul_t2.asm.obj              252     0         0      
       write.c.obj                    40      0         200    
       setvbuf.c.obj                  220     0         0      
       fflush.c.obj                   200     0         0      
       memcpy_t2.asm.obj              156     0         0      
       ull_div_t2.asm.obj             150     0         0      
       memset_t2.asm.obj              122     0         0      
       fclose.c.obj                   116     0         0      
       getdevice.c.obj                116     0         0      
       copy_decompress_lzss.c.obj     104     0         0      
       hostlseek.c.obj                104     0         0      
       hostopen.c.obj                 96      0         8      
       hostrename.c.obj               104     0         0      
       fseek.c.obj                    100     0         0      
       s_frexp.c.obj                  100     0         0      
       _io_perm.c.obj                 98      0         0      
       sprintf.c.obj                  98      0         0      
       close.c.obj                    92      0         0      
       exit.c.obj                     76      0         12     
       hostread.c.obj                 88      0         0      
       hostwrite.c.obj                88      0         0      
       ltoa.c.obj                     84      0         0      
       atoi.c.obj                     76      0         0      
       fd_toi_t2.asm.obj              72      0         0      
       autoinit.c.obj                 68      0         0      
       hostclose.c.obj                68      0         0      
       hostunlink.c.obj               68      0         0      
       boot_cortex_m.c.obj            56      0         0      
       strncpy.c.obj                  54      0         0      
       fopen.c.obj                    52      0         0      
       i_tofd_t2.asm.obj              46      0         0      
       unlink.c.obj                   44      0         0      
       lseek.c.obj                    40      0         0      
       memchr.c.obj                   32      0         0      
       assert.c.obj                   28      0         0      
       memccpy.c.obj                  28      0         0      
       strcmp.c.obj                   24      0         0      
       strchr.c.obj                   22      0         0      
       s_copysign.c.obj               20      0         0      
       strcpy.c.obj                   20      0         0      
       strlen.c.obj                   20      0         0      
       copy_zero_init.c.obj           18      0         0      
       wcslen.c.obj                   18      0         0      
       copy_decompress_none.c.obj     14      0         0      
       errno.c.obj                    8       0         4      
       _lock.c.obj                    2       0         8      
       pre_init.c.obj                 4       0         0      
       div0.asm.obj                   2       0         0      
    +--+------------------------------+-------+---------+---------+
       Total:                         10535   257       948    
                                                               
       Heap:                          0       0         8      
       Stack:                         0       0         2048   
       Linker Generated:              0       147       0      
    +--+------------------------------+-------+---------+---------+
       Grand Total:                   13151   1276      3004   


LINKER GENERATED COPY TABLES

__TI_cinit_table @ 00003868 records: 2, size/record: 8, table size: 16
	.data: load addr=000037e0, load size=0000006f bytes, run addr=20000800, run size=000001ec bytes, compression=lzss
	.bss: load addr=00003860, load size=00000008 bytes, run addr=200009ec, run size=000001c8 bytes, compression=zero_init


LINKER GENERATED HANDLER TABLE

__TI_handler_table @ 00003850 records: 3, size/record: 4, table size: 12
	index: 0, handler: __TI_decompress_lzss
	index: 1, handler: __TI_decompress_none
	index: 2, handler: __TI_zero_init


GLOBAL SYMBOLS: SORTED ALPHABETICALLY BY Name 

address   name                           
-------   ----                           
000035db  C$$EXIT                        
000031b7  C$$IO$$                        
00003363  GPIODirModeSet                 
000019b3  GPIOPadConfigSet               
00002dc5  GPIOPinConfigure               
000034bd  GPIOPinTypeI2C                 
000034d3  GPIOPinTypeI2CSCL              
00002f85  HOSTclose                      
000028a1  HOSTlseek                      
00002b05  HOSTopen                       
00002bc1  HOSTread                       
00002909  HOSTrename                     
00002fc9  HOSTunlink                     
00002c19  HOSTwrite                      
000035a3  I2CMasterBusBusy               
000035ab  I2CMasterBusy                  
000035cb  I2CMasterControl               
000035cf  I2CMasterDataGet               
000035d3  I2CMasterDataPut               
0000358f  I2CMasterEnable                
000034e9  I2CMasterErr                   
00002e11  I2CMasterInitExpClk            
000035b3  I2CMasterSlaveAddrSet          
00003583  ResetISR                       
00002d1d  SWO_PrintChar                  
00002d4d  SWO_PrintString                
00001c05  SysCtlClockGet                 
0000203d  SysCtlClockSet                 
000035c5  SysCtlDelay                    
00003269  SysCtlPeripheralEnable         
00003151  SysCtlPeripheralReady          
200009ec  __CIOBUF_                      
20000800  __STACK_END                    
00000800  __STACK_SIZE                   
20000200  __STACK_TOP                    
00000008  __SYSMEM_SIZE                  
00003868  __TI_CINIT_Base                
00003878  __TI_CINIT_Limit               
00003850  __TI_Handler_Table_Base        
0000385c  __TI_Handler_Table_Limit       
0000300d  __TI_auto_init_nobinit_nopinit 
0000329d  __TI_cleanup                   
200009c8  __TI_cleanup_ptr               
000027bd  __TI_closefile                 
00002971  __TI_decompress_lzss           
00003575  __TI_decompress_none           
00002e5d  __TI_doflush                   
200009cc  __TI_dtors_ptr                 
200009d0  __TI_enable_exit_profile_output
200009b8  __TI_ft_end                    
ffffffff  __TI_pprof_out_hndl            
0000026d  __TI_printfi                   
ffffffff  __TI_prof_data_size            
ffffffff  __TI_prof_data_start           
000032d1  __TI_readmsg                   
00000000  __TI_static_base__             
20000b0c  __TI_tmpnams                   
00003189  __TI_writemsg                  
00002aa1  __TI_wrt_ok                    
00003551  __TI_zero_init_nomemset        
000024c9  __aeabi_cdcmpeq                
000024c9  __aeabi_cdcmple                
0000254f  __aeabi_cdrcmple               
00002f3d  __aeabi_d2iz                   
00001593  __aeabi_dadd                   
0000187d  __aeabi_ddiv                   
00001f41  __aeabi_dmul                   
00001589  __aeabi_dsub                   
000035bd  __aeabi_errno_addr             
00003335  __aeabi_i2d                    
0000173f  __aeabi_idiv0                  
0000173f  __aeabi_ldiv0                  
00002651  __aeabi_memclr                 
00002651  __aeabi_memclr4                
00002651  __aeabi_memclr8                
00002397  __aeabi_memcpy                 
00002397  __aeabi_memcpy4                
00002397  __aeabi_memcpy8                
00002653  __aeabi_memset                 
00002653  __aeabi_memset4                
00002653  __aeabi_memset8                
200009c4  __aeabi_stderr                 
200009bc  __aeabi_stdin                  
200009c0  __aeabi_stdout                 
00002433  __aeabi_uldivmod               
ffffffff  __binit__                      
ffffffff  __c_args__                     
UNDEFED   __mpu_init                     
20000000  __stack                        
00003455  _abort_msg                     
000031c1  _c_int00_noargs                
000035e0  _ctypes_                       
200008f0  _device                        
20000800  _ftable                        
200009e0  _lock                          
00000ccb  _nop                           
20000968  _stream                        
20000bb8  _sys_memory                    
UNDEFED   _system_post_cinit             
000035d7  _system_pre_init               
200009e4  _unlock                        
000035db  abort                          
00002ea9  atoi                           
ffffffff  binit                          
00002b65  close                          
00003515  copysign                       
00003515  copysignl                      
200009e8  errno                          
00002ef5  exit                           
000025d5  fflush                         
00003305  finddevice                     
00001d1d  fputs                          
0000220d  free                           
000029d9  frexp                          
000029d9  frexpl                         
00002a3d  fseek                          
00000000  g_pfnVectors                   
00003051  getdevice                      
00001e31  ldexp                          
00001e31  ldexpl                         
000033bd  lseek                          
00002cc7  ltoa                           
000026cd  main                           
00002745  malloc                         
00003471  memccpy                        
00003435  memchr                         
00002397  memcpy                         
00002659  memset                         
000031f9  minit                          
00000fd7  mma8451Configure               
00000f05  mma8451Init                    
00000f7d  mma8451ReadAccelData           
00001025  mma8451Reset                   
20000bac  parmbuf                        
00003391  remove                         
00001e31  scalbn                         
00001e31  scalbnl                        
00002131  setvbuf                        
00003095  sprintf                        
000034ff  strchr                         
000034a5  strcmp                         
00003529  strcpy                         
0000353d  strlen                         
00003231  strncpy                        
00003391  unlink                         
00003563  wcslen                         
0000340d  write                          


GLOBAL SYMBOLS: SORTED BY Symbol Address 

address   name                           
-------   ----                           
00000000  __TI_static_base__             
00000000  g_pfnVectors                   
00000008  __SYSMEM_SIZE                  
0000026d  __TI_printfi                   
00000800  __STACK_SIZE                   
00000ccb  _nop                           
00000f05  mma8451Init                    
00000f7d  mma8451ReadAccelData           
00000fd7  mma8451Configure               
00001025  mma8451Reset                   
00001589  __aeabi_dsub                   
00001593  __aeabi_dadd                   
0000173f  __aeabi_idiv0                  
0000173f  __aeabi_ldiv0                  
0000187d  __aeabi_ddiv                   
000019b3  GPIOPadConfigSet               
00001c05  SysCtlClockGet                 
00001d1d  fputs                          
00001e31  ldexp                          
00001e31  ldexpl                         
00001e31  scalbn                         
00001e31  scalbnl                        
00001f41  __aeabi_dmul                   
0000203d  SysCtlClockSet                 
00002131  setvbuf                        
0000220d  free                           
00002397  __aeabi_memcpy                 
00002397  __aeabi_memcpy4                
00002397  __aeabi_memcpy8                
00002397  memcpy                         
00002433  __aeabi_uldivmod               
000024c9  __aeabi_cdcmpeq                
000024c9  __aeabi_cdcmple                
0000254f  __aeabi_cdrcmple               
000025d5  fflush                         
00002651  __aeabi_memclr                 
00002651  __aeabi_memclr4                
00002651  __aeabi_memclr8                
00002653  __aeabi_memset                 
00002653  __aeabi_memset4                
00002653  __aeabi_memset8                
00002659  memset                         
000026cd  main                           
00002745  malloc                         
000027bd  __TI_closefile                 
000028a1  HOSTlseek                      
00002909  HOSTrename                     
00002971  __TI_decompress_lzss           
000029d9  frexp                          
000029d9  frexpl                         
00002a3d  fseek                          
00002aa1  __TI_wrt_ok                    
00002b05  HOSTopen                       
00002b65  close                          
00002bc1  HOSTread                       
00002c19  HOSTwrite                      
00002cc7  ltoa                           
00002d1d  SWO_PrintChar                  
00002d4d  SWO_PrintString                
00002dc5  GPIOPinConfigure               
00002e11  I2CMasterInitExpClk            
00002e5d  __TI_doflush                   
00002ea9  atoi                           
00002ef5  exit                           
00002f3d  __aeabi_d2iz                   
00002f85  HOSTclose                      
00002fc9  HOSTunlink                     
0000300d  __TI_auto_init_nobinit_nopinit 
00003051  getdevice                      
00003095  sprintf                        
00003151  SysCtlPeripheralReady          
00003189  __TI_writemsg                  
000031b7  C$$IO$$                        
000031c1  _c_int00_noargs                
000031f9  minit                          
00003231  strncpy                        
00003269  SysCtlPeripheralEnable         
0000329d  __TI_cleanup                   
000032d1  __TI_readmsg                   
00003305  finddevice                     
00003335  __aeabi_i2d                    
00003363  GPIODirModeSet                 
00003391  remove                         
00003391  unlink                         
000033bd  lseek                          
0000340d  write                          
00003435  memchr                         
00003455  _abort_msg                     
00003471  memccpy                        
000034a5  strcmp                         
000034bd  GPIOPinTypeI2C                 
000034d3  GPIOPinTypeI2CSCL              
000034e9  I2CMasterErr                   
000034ff  strchr                         
00003515  copysign                       
00003515  copysignl                      
00003529  strcpy                         
0000353d  strlen                         
00003551  __TI_zero_init_nomemset        
00003563  wcslen                         
00003575  __TI_decompress_none           
00003583  ResetISR                       
0000358f  I2CMasterEnable                
000035a3  I2CMasterBusBusy               
000035ab  I2CMasterBusy                  
000035b3  I2CMasterSlaveAddrSet          
000035bd  __aeabi_errno_addr             
000035c5  SysCtlDelay                    
000035cb  I2CMasterControl               
000035cf  I2CMasterDataGet               
000035d3  I2CMasterDataPut               
000035d7  _system_pre_init               
000035db  C$$EXIT                        
000035db  abort                          
000035e0  _ctypes_                       
00003850  __TI_Handler_Table_Base        
0000385c  __TI_Handler_Table_Limit       
00003868  __TI_CINIT_Base                
00003878  __TI_CINIT_Limit               
20000000  __stack                        
20000200  __STACK_TOP                    
20000800  __STACK_END                    
20000800  _ftable                        
200008f0  _device                        
20000968  _stream                        
200009b8  __TI_ft_end                    
200009bc  __aeabi_stdin                  
200009c0  __aeabi_stdout                 
200009c4  __aeabi_stderr                 
200009c8  __TI_cleanup_ptr               
200009cc  __TI_dtors_ptr                 
200009d0  __TI_enable_exit_profile_output
200009e0  _lock                          
200009e4  _unlock                        
200009e8  errno                          
200009ec  __CIOBUF_                      
20000b0c  __TI_tmpnams                   
20000bac  parmbuf                        
20000bb8  _sys_memory                    
ffffffff  __TI_pprof_out_hndl            
ffffffff  __TI_prof_data_size            
ffffffff  __TI_prof_data_start           
ffffffff  __binit__                      
ffffffff  __c_args__                     
ffffffff  binit                          
UNDEFED   __mpu_init                     
UNDEFED   _system_post_cinit             

[147 symbols]
