******************************************************************************
                  TI ARM Linker Unix v18.1.3                   
******************************************************************************
>> Linked Tue Jan 29 19:02:30 2019

OUTPUT FILE NAME:   <tiva_MMA8451.out>
ENTRY POINT SYMBOL: "_c_int00_noargs"  address: 00003745


MEMORY CONFIGURATION

         name            origin    length      used     unused   attr    fill
----------------------  --------  ---------  --------  --------  ----  --------
  FLASH                 00000000   00040000  000040a6  0003bf5a  R  X
  SRAM                  20000000   00008000  00000e28  000071d8  RW X


SEGMENT ALLOCATION MAP

run origin  load origin   length   init length attrs members
----------  ----------- ---------- ----------- ----- -------
00000000    00000000    000040a8   000040a8    r-x
  00000000    00000000    0000026c   0000026c    r-- .intvecs
  0000026c    0000026c    000039b6   000039b6    r-x .text
  00003c24    00003c24    000003dc   000003dc    r-- .const
  00004000    00004000    000000a8   000000a8    r-- .cinit
20000000    20000000    00000e30   00000000    rw-
  20000000    20000000    0000026c   00000000    rw- .vtable
  20000270    20000270    00000800   00000000    rw- .stack
  20000a70    20000a70    000001ec   00000000    rw- .data
  20000c5c    20000c5c    000001c8   00000000    rw- .bss
  20000e28    20000e28    00000008   00000000    rw- .sysmem


SECTION ALLOCATION MAP

 output                                  attributes/
section   page    origin      length       input sections
--------  ----  ----------  ----------   ----------------
.intvecs   0    00000000    0000026c     
                  00000000    0000026c     tm4c123gh6pm_startup_ccs.obj (.intvecs)

.text      0    0000026c    000039b6     
                  0000026c    00000a5e     rtsv7M4_T_le_v4SPD16_eabi.lib : _printfi.c.obj (.text:__TI_printfi)
                  00000cca    00000002                                   : _lock.c.obj (.text:_nop)
                  00000ccc    00000596     mma8451.obj (.text)
                  00001262    00000002     rtsv7M4_T_le_v4SPD16_eabi.lib : div0.asm.obj (.text)
                  00001264    00000270                                   : _printfi.c.obj (.text:_pconv_a)
                  000014d4    00000238     mma8451_utils.obj (.text)
                  0000170c    000001d0     rtsv7M4_T_le_v4SPD16_eabi.lib : _printfi.c.obj (.text:_pconv_g)
                  000018dc    000001b6                                   : fd_add_t2.asm.obj (.text)
                  00001a92    00000002     --HOLE-- [fill = 0]
                  00001a94    000001a4     main.obj (.text)
                  00001c38    0000013c     rtsv7M4_T_le_v4SPD16_eabi.lib : _printfi.c.obj (.text:_pconv_e)
                  00001d74    00000136                                   : fd_div_t2.asm.obj (.text)
                  00001eaa    00000132     driverlib.lib : gpio.obj (.text:GPIOPadConfigSet)
                  00001fdc    00000120     rtsv7M4_T_le_v4SPD16_eabi.lib : _printfi.c.obj (.text:fcvt)
                  000020fc    00000118     driverlib.lib : sysctl.obj (.text:SysCtlClockGet)
                  00002214    00000114     rtsv7M4_T_le_v4SPD16_eabi.lib : fputs.c.obj (.text:fputs)
                  00002328    00000110                                   : s_scalbn.c.obj (.text:scalbn)
                  00002438    000000fc                                   : fd_mul_t2.asm.obj (.text)
                  00002534    000000f4     driverlib.lib : sysctl.obj (.text:SysCtlClockSet)
                  00002628    000000dc     rtsv7M4_T_le_v4SPD16_eabi.lib : setvbuf.c.obj (.text:setvbuf)
                  00002704    000000d8                                   : memory.c.obj (.text:free)
                  000027dc    000000b1                                   : _printfi.c.obj (.text:_ltostr)
                  0000288d    00000001     --HOLE-- [fill = 0]
                  0000288e    0000009c                                   : memcpy_t2.asm.obj (.text)
                  0000292a    00000096                                   : ull_div_t2.asm.obj (.text)
                  000029c0    00000086                                   : fd_cmp_t2.asm.obj (.text:__aeabi_cdcmple)
                  00002a46    00000086                                   : fd_cmp_t2.asm.obj (.text:__aeabi_cdrcmple)
                  00002acc    0000007c                                   : fflush.c.obj (.text:fflush)
                  00002b48    0000007a                                   : memset_t2.asm.obj (.text)
                  00002bc2    00000002     --HOLE-- [fill = 0]
                  00002bc4    00000078                                   : memory.c.obj (.text:malloc)
                  00002c3c    00000074                                   : fclose.c.obj (.text:__TI_closefile)
                  00002cb0    0000006e                                   : _printfi.c.obj (.text:_mcpy)
                  00002d1e    00000002     --HOLE-- [fill = 0]
                  00002d20    00000068                                   : hostlseek.c.obj (.text:HOSTlseek)
                  00002d88    00000068                                   : hostrename.c.obj (.text:HOSTrename)
                  00002df0    00000068     driverlib.lib : interrupt.obj (.text:IntEnable)
                  00002e58    00000068     rtsv7M4_T_le_v4SPD16_eabi.lib : copy_decompress_lzss.c.obj (.text:decompress:lzss:__TI_decompress_lzss)
                  00002ec0    00000064                                   : s_frexp.c.obj (.text:frexp)
                  00002f24    00000064                                   : fseek.c.obj (.text:fseek)
                  00002f88    00000062                                   : _io_perm.c.obj (.text:__TI_wrt_ok)
                  00002fea    00000002     --HOLE-- [fill = 0]
                  00002fec    00000060                                   : hostopen.c.obj (.text:HOSTopen)
                  0000304c    0000005c                                   : close.c.obj (.text:close)
                  000030a8    00000058     driverlib.lib : gpio.obj (.text:GPIOIntTypeSet)
                  00003100    00000058     rtsv7M4_T_le_v4SPD16_eabi.lib : hostread.c.obj (.text:HOSTread)
                  00003158    00000058                                   : hostwrite.c.obj (.text:HOSTwrite)
                  000031b0    00000056                                   : _printfi.c.obj (.text:_pconv_f)
                  00003206    00000054                                   : ltoa.c.obj (.text:ltoa)
                  0000325a    00000002     --HOLE-- [fill = 0]
                  0000325c    00000054     swo_segger.obj (.text)
                  000032b0    00000052     rtsv7M4_T_le_v4SPD16_eabi.lib : _printfi.c.obj (.text:_ecpy)
                  00003302    00000002     --HOLE-- [fill = 0]
                  00003304    0000004c     driverlib.lib : gpio.obj (.text:GPIOPinConfigure)
                  00003350    0000004c                   : i2c.obj (.text:I2CMasterInitExpClk)
                  0000339c    0000004c     rtsv7M4_T_le_v4SPD16_eabi.lib : fflush.c.obj (.text:__TI_doflush)
                  000033e8    0000004c                                   : atoi.c.obj (.text:atoi)
                  00003434    00000048                                   : exit.c.obj (.text:exit)
                  0000347c    00000048                                   : fd_toi_t2.asm.obj (.text)
                  000034c4    00000044                                   : hostclose.c.obj (.text:HOSTclose)
                  00003508    00000044                                   : hostunlink.c.obj (.text:HOSTunlink)
                  0000354c    00000044     driverlib.lib : gpio.obj (.text:_GPIOIntNumberGet)
                  00003590    00000044     rtsv7M4_T_le_v4SPD16_eabi.lib : autoinit.c.obj (.text:__TI_auto_init_nobinit_nopinit:__TI_auto_init_nobinit_nopinit)
                  000035d4    00000044                                   : getdevice.c.obj (.text:getdevice)
                  00003618    00000040                                   : sprintf.c.obj (.text:sprintf)
                  00003658    0000003e                                   : _printfi.c.obj (.text:_fcpy)
                  00003696    00000002     --HOLE-- [fill = 0]
                  00003698    0000003c                                   : memory.c.obj (.text:minsert)
                  000036d4    00000038     driverlib.lib : sysctl.obj (.text:SysCtlPeripheralReady)
                  0000370c    00000038     rtsv7M4_T_le_v4SPD16_eabi.lib : trgmsg.c.obj (.text:__TI_writemsg)
                  00003744    00000038                                   : boot_cortex_m.c.obj (.text:_c_int00_noargs:_c_int00_noargs)
                  0000377c    00000038                                   : memory.c.obj (.text:minit)
                  000037b4    00000036                                   : strncpy.c.obj (.text:strncpy)
                  000037ea    00000002     --HOLE-- [fill = 0]
                  000037ec    00000034     driverlib.lib : interrupt.obj (.text:IntRegister)
                  00003820    00000034                   : sysctl.obj (.text:SysCtlPeripheralEnable)
                  00003854    00000034     rtsv7M4_T_le_v4SPD16_eabi.lib : fopen.c.obj (.text:__TI_cleanup)
                  00003888    00000034                                   : trgmsg.c.obj (.text:__TI_readmsg)
                  000038bc    00000030                                   : getdevice.c.obj (.text:finddevice)
                  000038ec    0000002e                                   : i_tofd_t2.asm.obj (.text)
                  0000391a    0000002c     driverlib.lib : gpio.obj (.text:GPIODirModeSet)
                  00003946    00000002     --HOLE-- [fill = 0]
                  00003948    0000002c     rtsv7M4_T_le_v4SPD16_eabi.lib : unlink.c.obj (.text:unlink)
                  00003974    00000028                                   : lseek.c.obj (.text:lseek)
                  0000399c    00000028                                   : memory.c.obj (.text:mremove)
                  000039c4    00000028                                   : write.c.obj (.text:write)
                  000039ec    00000020                                   : memchr.c.obj (.text:memchr)
                  00003a0c    0000001e     driverlib.lib : gpio.obj (.text:GPIOIntRegisterPin)
                  00003a2a    00000002     --HOLE-- [fill = 0]
                  00003a2c    0000001c     rtsv7M4_T_le_v4SPD16_eabi.lib : assert.c.obj (.text:_abort_msg)
                  00003a48    0000001c                                   : memccpy.c.obj (.text:memccpy)
                  00003a64    00000018     driverlib.lib : gpio.obj (.text:GPIOIntRegister)
                  00003a7c    00000018                   : gpio.obj (.text:GPIOPinTypeGPIOOutput)
                  00003a94    00000018     rtsv7M4_T_le_v4SPD16_eabi.lib : sprintf.c.obj (.text:_outs)
                  00003aac    00000018                                   : strcmp.c.obj (.text:strcmp)
                  00003ac4    00000016     driverlib.lib : gpio.obj (.text:GPIOPinTypeGPIOInput)
                  00003ada    00000016                   : gpio.obj (.text:GPIOPinTypeI2C)
                  00003af0    00000016                   : gpio.obj (.text:GPIOPinTypeI2CSCL)
                  00003b06    00000016     rtsv7M4_T_le_v4SPD16_eabi.lib : strchr.c.obj (.text:strchr)
                  00003b1c    00000014                                   : s_copysign.c.obj (.text:copysign)
                  00003b30    00000014                                   : strcpy.c.obj (.text:strcpy)
                  00003b44    00000014                                   : strlen.c.obj (.text:strlen)
                  00003b58    00000012                                   : wcslen.c.obj (.text:wcslen)
                  00003b6a    00000010     driverlib.lib : interrupt.obj (.text:IntMasterEnable)
                  00003b7a    0000000e                   : gpio.obj (.text:GPIOIntDisable)
                  00003b88    0000000e     rtsv7M4_T_le_v4SPD16_eabi.lib : copy_decompress_none.c.obj (.text:decompress:none:__TI_decompress_none)
                  00003b96    0000000c     driverlib.lib : cpu.obj (.text:CPUcpsie)
                  00003ba2    0000000c                   : gpio.obj (.text:GPIOIntEnable)
                  00003bae    0000000c     rtsv7M4_T_le_v4SPD16_eabi.lib : copy_zero_init.c.obj (.text:decompress:ZI:__TI_zero_init)
                  00003bba    0000000c     tm4c123gh6pm_startup_ccs.obj (.text)
                  00003bc6    0000000a     driverlib.lib : i2c.obj (.text:I2CMasterEnable)
                  00003bd0    0000000a     rtsv7M4_T_le_v4SPD16_eabi.lib : sprintf.c.obj (.text:_outc)
                  00003bda    00000008     driverlib.lib : i2c.obj (.text:I2CMasterBusBusy)
                  00003be2    00000008                   : i2c.obj (.text:I2CMasterBusy)
                  00003bea    00000008                   : i2c.obj (.text:I2CMasterSlaveAddrSet)
                  00003bf2    00000002     --HOLE-- [fill = 0]
                  00003bf4    00000008     rtsv7M4_T_le_v4SPD16_eabi.lib : errno.c.obj (.text:__aeabi_errno_addr)
                  00003bfc    00000006     driverlib.lib : gpio.obj (.text:GPIOIntClear)
                  00003c02    00000006                   : gpio.obj (.text:GPIOPinWrite)
                  00003c08    00000006                   : sysctl.obj (.text:SysCtlDelay)
                  00003c0e    00000004                   : i2c.obj (.text:I2CMasterControl)
                  00003c12    00000004                   : i2c.obj (.text:I2CMasterDataGet)
                  00003c16    00000004                   : i2c.obj (.text:I2CMasterDataPut)
                  00003c1a    00000004     rtsv7M4_T_le_v4SPD16_eabi.lib : pre_init.c.obj (.text:_system_pre_init)
                  00003c1e    00000004                                   : exit.c.obj (.text:abort:abort)

.const     0    00003c24    000003dc     
                  00003c24    00000101     rtsv7M4_T_le_v4SPD16_eabi.lib : ctype.c.obj (.const:.string:_ctypes_)
                  00003d25    00000003     main.obj (.const:$P$T2$3)
                  00003d28    000000d8     driverlib.lib : gpio.obj (.const:g_ppui32GPIOIntMapSnowflake)
                  00003e00    000000c0                   : gpio.obj (.const:g_ppui32GPIOIntMapBlizzard)
                  00003ec0    00000090                   : gpio.obj (.const:g_pui32GPIOBaseAddrs)
                  00003f50    0000006c                   : sysctl.obj (.const:g_pui32Xtals)
                  00003fbc    0000001c     main.obj (.const:$P$T4$5)
                  00003fd8    00000014     driverlib.lib : interrupt.obj (.const:g_pui32EnRegs)
                  00003fec    0000000c     main.obj (.const:$P$T1$2)
                  00003ff8    00000006     main.obj (.const:$P$T3$4)
                  00003ffe    00000002     main.obj (.const:$P$T0$1)

.cinit     0    00004000    000000a8     
                  00004000    00000072     (.cinit..data.load) [load image, compression = lzss]
                  00004072    00000002     --HOLE-- [fill = 0]
                  00004074    0000000c     (__TI_handler_table)
                  00004080    00000008     (.cinit..bss.load) [load image, compression = zero_init]
                  00004088    00000008     (.cinit..vtable.load) [load image, compression = zero_init]
                  00004090    00000018     (__TI_cinit_table)

.init_array 
*          0    00000000    00000000     UNINITIALIZED

.vtable    0    20000000    0000026c     UNINITIALIZED
                  20000000    0000026c     driverlib.lib : interrupt.obj (.vtable)

.stack     0    20000270    00000800     UNINITIALIZED
                  20000270    00000004     rtsv7M4_T_le_v4SPD16_eabi.lib : boot_cortex_m.c.obj (.stack)
                  20000274    000007fc     --HOLE--

.data      0    20000a70    000001ec     UNINITIALIZED
                  20000a70    000000f0     rtsv7M4_T_le_v4SPD16_eabi.lib : defs.c.obj (.data:_ftable)
                  20000b60    00000078                                   : write.c.obj (.data:_device)
                  20000bd8    00000050                                   : write.c.obj (.data:_stream)
                  20000c28    00000010                                   : defs.c.obj (.data)
                  20000c38    0000000c                                   : exit.c.obj (.data:$O1$$)
                  20000c44    0000000c                                   : memory.c.obj (.data:$O1$$)
                  20000c50    00000008                                   : _lock.c.obj (.data:$O1$$)
                  20000c58    00000004                                   : errno.c.obj (.data)

.bss       0    20000c5c    000001c8     UNINITIALIZED
                  20000c5c    00000120     rtsv7M4_T_le_v4SPD16_eabi.lib : trgmsg.c.obj (.bss:_CIOBUF_)
                  20000d7c    000000a0     (.common:__TI_tmpnams)
                  20000e1c    00000008     (.common:parmbuf)

.sysmem    0    20000e28    00000008     UNINITIALIZED
                  20000e28    00000008     rtsv7M4_T_le_v4SPD16_eabi.lib : memory.c.obj (.sysmem)

MODULE SUMMARY

       Module                         code    ro data   rw data
       ------                         ----    -------   -------
    ./
       tm4c123gh6pm_startup_ccs.obj   12      620       0      
    +--+------------------------------+-------+---------+---------+
       Total:                         12      620       0      
                                                               
    ./Tiva_Extra/debug_utils/
       swo_segger.obj                 84      0         0      
    +--+------------------------------+-------+---------+---------+
       Total:                         84      0         0      
                                                               
    ./src/
       mma8451.obj                    1430    0         0      
       mma8451_utils.obj              568     0         0      
       main.obj                       420     51        0      
    +--+------------------------------+-------+---------+---------+
       Total:                         2418    51        0      
                                                               
    ../Tiva_Extra/Tivaware_Dep/driverlib/ccs/Debug/driverlib.lib
       gpio.obj                       764     552       0      
       interrupt.obj                  172     20        620    
       sysctl.obj                     638     108       0      
       i2c.obj                        122     0         0      
       cpu.obj                        12      0         0      
    +--+------------------------------+-------+---------+---------+
       Total:                         1708    680       620    
                                                               
    /home/kd/ti/ccsv8/tools/compiler/ti-cgt-arm_18.1.3.LTS/lib/rtsv7M4_T_le_v4SPD16_eabi.lib
       _printfi.c.obj                 4863    0         0      
       memory.c.obj                   492     0         12     
       fd_add_t2.asm.obj              438     0         0      
       defs.c.obj                     0       0         416    
       trgmsg.c.obj                   108     0         288    
       fd_div_t2.asm.obj              310     0         0      
       fputs.c.obj                    276     0         0      
       s_scalbn.c.obj                 272     0         0      
       fd_cmp_t2.asm.obj              268     0         0      
       ctype.c.obj                    0       257       0      
       fd_mul_t2.asm.obj              252     0         0      
       write.c.obj                    40      0         200    
       setvbuf.c.obj                  220     0         0      
       fflush.c.obj                   200     0         0      
       memcpy_t2.asm.obj              156     0         0      
       ull_div_t2.asm.obj             150     0         0      
       memset_t2.asm.obj              122     0         0      
       fclose.c.obj                   116     0         0      
       getdevice.c.obj                116     0         0      
       copy_decompress_lzss.c.obj     104     0         0      
       hostlseek.c.obj                104     0         0      
       hostopen.c.obj                 96      0         8      
       hostrename.c.obj               104     0         0      
       fseek.c.obj                    100     0         0      
       s_frexp.c.obj                  100     0         0      
       _io_perm.c.obj                 98      0         0      
       sprintf.c.obj                  98      0         0      
       close.c.obj                    92      0         0      
       exit.c.obj                     76      0         12     
       hostread.c.obj                 88      0         0      
       hostwrite.c.obj                88      0         0      
       ltoa.c.obj                     84      0         0      
       atoi.c.obj                     76      0         0      
       fd_toi_t2.asm.obj              72      0         0      
       autoinit.c.obj                 68      0         0      
       hostclose.c.obj                68      0         0      
       hostunlink.c.obj               68      0         0      
       boot_cortex_m.c.obj            56      0         0      
       strncpy.c.obj                  54      0         0      
       fopen.c.obj                    52      0         0      
       i_tofd_t2.asm.obj              46      0         0      
       unlink.c.obj                   44      0         0      
       lseek.c.obj                    40      0         0      
       memchr.c.obj                   32      0         0      
       assert.c.obj                   28      0         0      
       memccpy.c.obj                  28      0         0      
       strcmp.c.obj                   24      0         0      
       strchr.c.obj                   22      0         0      
       s_copysign.c.obj               20      0         0      
       strcpy.c.obj                   20      0         0      
       strlen.c.obj                   20      0         0      
       wcslen.c.obj                   18      0         0      
       copy_decompress_none.c.obj     14      0         0      
       copy_zero_init.c.obj           12      0         0      
       errno.c.obj                    8       0         4      
       _lock.c.obj                    2       0         8      
       pre_init.c.obj                 4       0         0      
       div0.asm.obj                   2       0         0      
    +--+------------------------------+-------+---------+---------+
       Total:                         10529   257       948    
                                                               
       Heap:                          0       0         8      
       Stack:                         0       0         2048   
       Linker Generated:              0       166       0      
    +--+------------------------------+-------+---------+---------+
       Grand Total:                   14751   1774      3624   


LINKER GENERATED COPY TABLES

__TI_cinit_table @ 00004090 records: 3, size/record: 8, table size: 24
	.data: load addr=00004000, load size=00000072 bytes, run addr=20000a70, run size=000001ec bytes, compression=lzss
	.bss: load addr=00004080, load size=00000008 bytes, run addr=20000c5c, run size=000001c8 bytes, compression=zero_init
	.vtable: load addr=00004088, load size=00000008 bytes, run addr=20000000, run size=0000026c bytes, compression=zero_init


LINKER GENERATED HANDLER TABLE

__TI_handler_table @ 00004074 records: 3, size/record: 4, table size: 12
	index: 0, handler: __TI_zero_init
	index: 1, handler: __TI_decompress_lzss
	index: 2, handler: __TI_decompress_none


GLOBAL SYMBOLS: SORTED ALPHABETICALLY BY Name 

address   name                           
-------   ----                           
00003c1f  C$$EXIT                        
0000373b  C$$IO$$                        
00003b97  CPUcpsie                       
0000391b  GPIODirModeSet                 
00003bfd  GPIOIntClear                   
00003b7b  GPIOIntDisable                 
00003ba3  GPIOIntEnable                  
00003a65  GPIOIntRegister                
00003a0d  GPIOIntRegisterPin             
000030a9  GPIOIntTypeSet                 
00001eab  GPIOPadConfigSet               
00003305  GPIOPinConfigure               
00003ac5  GPIOPinTypeGPIOInput           
00003a7d  GPIOPinTypeGPIOOutput          
00003adb  GPIOPinTypeI2C                 
00003af1  GPIOPinTypeI2CSCL              
00003c03  GPIOPinWrite                   
000034c5  HOSTclose                      
00002d21  HOSTlseek                      
00002fed  HOSTopen                       
00003101  HOSTread                       
00002d89  HOSTrename                     
00003509  HOSTunlink                     
00003159  HOSTwrite                      
00003bdb  I2CMasterBusBusy               
00003be3  I2CMasterBusy                  
00003c0f  I2CMasterControl               
00003c13  I2CMasterDataGet               
00003c17  I2CMasterDataPut               
00003bc7  I2CMasterEnable                
00003351  I2CMasterInitExpClk            
00003beb  I2CMasterSlaveAddrSet          
00002df1  IntEnable                      
00003b6b  IntMasterEnable                
000037ed  IntRegister                    
00003bbb  ResetISR                       
0000325d  SWO_PrintChar                  
0000328d  SWO_PrintString                
000020fd  SysCtlClockGet                 
00002535  SysCtlClockSet                 
00003c09  SysCtlDelay                    
00003821  SysCtlPeripheralEnable         
000036d5  SysCtlPeripheralReady          
20000c5c  __CIOBUF_                      
20000a70  __STACK_END                    
00000800  __STACK_SIZE                   
20000470  __STACK_TOP                    
00000008  __SYSMEM_SIZE                  
00004090  __TI_CINIT_Base                
000040a8  __TI_CINIT_Limit               
00004074  __TI_Handler_Table_Base        
00004080  __TI_Handler_Table_Limit       
00003591  __TI_auto_init_nobinit_nopinit 
00003855  __TI_cleanup                   
20000c38  __TI_cleanup_ptr               
00002c3d  __TI_closefile                 
00002e59  __TI_decompress_lzss           
00003b89  __TI_decompress_none           
0000339d  __TI_doflush                   
20000c3c  __TI_dtors_ptr                 
20000c40  __TI_enable_exit_profile_output
20000c28  __TI_ft_end                    
ffffffff  __TI_pprof_out_hndl            
0000026d  __TI_printfi                   
ffffffff  __TI_prof_data_size            
ffffffff  __TI_prof_data_start           
00003889  __TI_readmsg                   
00000000  __TI_static_base__             
20000d7c  __TI_tmpnams                   
0000370d  __TI_writemsg                  
00002f89  __TI_wrt_ok                    
00003baf  __TI_zero_init                 
000029c1  __aeabi_cdcmpeq                
000029c1  __aeabi_cdcmple                
00002a47  __aeabi_cdrcmple               
0000347d  __aeabi_d2iz                   
000018e7  __aeabi_dadd                   
00001d75  __aeabi_ddiv                   
00002439  __aeabi_dmul                   
000018dd  __aeabi_dsub                   
00003bf5  __aeabi_errno_addr             
000038ed  __aeabi_i2d                    
00001263  __aeabi_idiv0                  
00001263  __aeabi_ldiv0                  
00002b49  __aeabi_memclr                 
00002b49  __aeabi_memclr4                
00002b49  __aeabi_memclr8                
0000288f  __aeabi_memcpy                 
0000288f  __aeabi_memcpy4                
0000288f  __aeabi_memcpy8                
00002b4b  __aeabi_memset                 
00002b4b  __aeabi_memset4                
00002b4b  __aeabi_memset8                
20000c34  __aeabi_stderr                 
20000c2c  __aeabi_stdin                  
20000c30  __aeabi_stdout                 
0000292b  __aeabi_uldivmod               
ffffffff  __binit__                      
ffffffff  __c_args__                     
UNDEFED   __mpu_init                     
20000270  __stack                        
00003a2d  _abort_msg                     
00003745  _c_int00_noargs                
00003c24  _ctypes_                       
20000b60  _device                        
20000a70  _ftable                        
20000c50  _lock                          
00000ccb  _nop                           
20000bd8  _stream                        
20000e28  _sys_memory                    
UNDEFED   _system_post_cinit             
00003c1b  _system_pre_init               
20000c54  _unlock                        
00003c1f  abort                          
000033e9  atoi                           
ffffffff  binit                          
0000304d  close                          
00003b1d  copysign                       
00003b1d  copysignl                      
20000c58  errno                          
00003435  exit                           
00002acd  fflush                         
000038bd  finddevice                     
00002215  fputs                          
00002705  free                           
00002ec1  frexp                          
00002ec1  frexpl                         
00002f25  fseek                          
20000000  g_pfnRAMVectors                
00000000  g_pfnVectors                   
000035d5  getdevice                      
00002329  ldexp                          
00002329  ldexpl                         
00003975  lseek                          
00003207  ltoa                           
00001aab  main                           
00002bc5  malloc                         
00003a49  memccpy                        
000039ed  memchr                         
0000288f  memcpy                         
00002b51  memset                         
0000377d  minit                          
00001259  mm8451GetID                    
00000f1d  mma8451Configure               
0000124b  mma8451GetSystemStatus         
00000d75  mma8451Init                    
00000ded  mma8451ReadAccelData           
0000151f  mma8451ReadReg                 
0000156d  mma8451ReadRegList             
00001233  mma8451Reset                   
0000123f  mma8451SelfTest                
00001663  mma8451WaitBus                 
00001655  mma8451WaitMaster              
000014d5  mma8451WriteReg                
00001a95  motionIntHandler               
20000e1c  parmbuf                        
00003949  remove                         
00002329  scalbn                         
00002329  scalbnl                        
00002629  setvbuf                        
00003619  sprintf                        
00003b07  strchr                         
00003aad  strcmp                         
00003b31  strcpy                         
00003b45  strlen                         
000037b5  strncpy                        
00003949  unlink                         
00003b59  wcslen                         
000039c5  write                          


GLOBAL SYMBOLS: SORTED BY Symbol Address 

address   name                           
-------   ----                           
00000000  __TI_static_base__             
00000000  g_pfnVectors                   
00000008  __SYSMEM_SIZE                  
0000026d  __TI_printfi                   
00000800  __STACK_SIZE                   
00000ccb  _nop                           
00000d75  mma8451Init                    
00000ded  mma8451ReadAccelData           
00000f1d  mma8451Configure               
00001233  mma8451Reset                   
0000123f  mma8451SelfTest                
0000124b  mma8451GetSystemStatus         
00001259  mm8451GetID                    
00001263  __aeabi_idiv0                  
00001263  __aeabi_ldiv0                  
000014d5  mma8451WriteReg                
0000151f  mma8451ReadReg                 
0000156d  mma8451ReadRegList             
00001655  mma8451WaitMaster              
00001663  mma8451WaitBus                 
000018dd  __aeabi_dsub                   
000018e7  __aeabi_dadd                   
00001a95  motionIntHandler               
00001aab  main                           
00001d75  __aeabi_ddiv                   
00001eab  GPIOPadConfigSet               
000020fd  SysCtlClockGet                 
00002215  fputs                          
00002329  ldexp                          
00002329  ldexpl                         
00002329  scalbn                         
00002329  scalbnl                        
00002439  __aeabi_dmul                   
00002535  SysCtlClockSet                 
00002629  setvbuf                        
00002705  free                           
0000288f  __aeabi_memcpy                 
0000288f  __aeabi_memcpy4                
0000288f  __aeabi_memcpy8                
0000288f  memcpy                         
0000292b  __aeabi_uldivmod               
000029c1  __aeabi_cdcmpeq                
000029c1  __aeabi_cdcmple                
00002a47  __aeabi_cdrcmple               
00002acd  fflush                         
00002b49  __aeabi_memclr                 
00002b49  __aeabi_memclr4                
00002b49  __aeabi_memclr8                
00002b4b  __aeabi_memset                 
00002b4b  __aeabi_memset4                
00002b4b  __aeabi_memset8                
00002b51  memset                         
00002bc5  malloc                         
00002c3d  __TI_closefile                 
00002d21  HOSTlseek                      
00002d89  HOSTrename                     
00002df1  IntEnable                      
00002e59  __TI_decompress_lzss           
00002ec1  frexp                          
00002ec1  frexpl                         
00002f25  fseek                          
00002f89  __TI_wrt_ok                    
00002fed  HOSTopen                       
0000304d  close                          
000030a9  GPIOIntTypeSet                 
00003101  HOSTread                       
00003159  HOSTwrite                      
00003207  ltoa                           
0000325d  SWO_PrintChar                  
0000328d  SWO_PrintString                
00003305  GPIOPinConfigure               
00003351  I2CMasterInitExpClk            
0000339d  __TI_doflush                   
000033e9  atoi                           
00003435  exit                           
0000347d  __aeabi_d2iz                   
000034c5  HOSTclose                      
00003509  HOSTunlink                     
00003591  __TI_auto_init_nobinit_nopinit 
000035d5  getdevice                      
00003619  sprintf                        
000036d5  SysCtlPeripheralReady          
0000370d  __TI_writemsg                  
0000373b  C$$IO$$                        
00003745  _c_int00_noargs                
0000377d  minit                          
000037b5  strncpy                        
000037ed  IntRegister                    
00003821  SysCtlPeripheralEnable         
00003855  __TI_cleanup                   
00003889  __TI_readmsg                   
000038bd  finddevice                     
000038ed  __aeabi_i2d                    
0000391b  GPIODirModeSet                 
00003949  remove                         
00003949  unlink                         
00003975  lseek                          
000039c5  write                          
000039ed  memchr                         
00003a0d  GPIOIntRegisterPin             
00003a2d  _abort_msg                     
00003a49  memccpy                        
00003a65  GPIOIntRegister                
00003a7d  GPIOPinTypeGPIOOutput          
00003aad  strcmp                         
00003ac5  GPIOPinTypeGPIOInput           
00003adb  GPIOPinTypeI2C                 
00003af1  GPIOPinTypeI2CSCL              
00003b07  strchr                         
00003b1d  copysign                       
00003b1d  copysignl                      
00003b31  strcpy                         
00003b45  strlen                         
00003b59  wcslen                         
00003b6b  IntMasterEnable                
00003b7b  GPIOIntDisable                 
00003b89  __TI_decompress_none           
00003b97  CPUcpsie                       
00003ba3  GPIOIntEnable                  
00003baf  __TI_zero_init                 
00003bbb  ResetISR                       
00003bc7  I2CMasterEnable                
00003bdb  I2CMasterBusBusy               
00003be3  I2CMasterBusy                  
00003beb  I2CMasterSlaveAddrSet          
00003bf5  __aeabi_errno_addr             
00003bfd  GPIOIntClear                   
00003c03  GPIOPinWrite                   
00003c09  SysCtlDelay                    
00003c0f  I2CMasterControl               
00003c13  I2CMasterDataGet               
00003c17  I2CMasterDataPut               
00003c1b  _system_pre_init               
00003c1f  C$$EXIT                        
00003c1f  abort                          
00003c24  _ctypes_                       
00004074  __TI_Handler_Table_Base        
00004080  __TI_Handler_Table_Limit       
00004090  __TI_CINIT_Base                
000040a8  __TI_CINIT_Limit               
20000000  g_pfnRAMVectors                
20000270  __stack                        
20000470  __STACK_TOP                    
20000a70  __STACK_END                    
20000a70  _ftable                        
20000b60  _device                        
20000bd8  _stream                        
20000c28  __TI_ft_end                    
20000c2c  __aeabi_stdin                  
20000c30  __aeabi_stdout                 
20000c34  __aeabi_stderr                 
20000c38  __TI_cleanup_ptr               
20000c3c  __TI_dtors_ptr                 
20000c40  __TI_enable_exit_profile_output
20000c50  _lock                          
20000c54  _unlock                        
20000c58  errno                          
20000c5c  __CIOBUF_                      
20000d7c  __TI_tmpnams                   
20000e1c  parmbuf                        
20000e28  _sys_memory                    
ffffffff  __TI_pprof_out_hndl            
ffffffff  __TI_prof_data_size            
ffffffff  __TI_prof_data_start           
ffffffff  __binit__                      
ffffffff  __c_args__                     
ffffffff  binit                          
UNDEFED   __mpu_init                     
UNDEFED   _system_post_cinit             

[169 symbols]
